Full E2E Tests	Run Regression Suite	∩╗┐2026-01-21T14:29:11.8937482Z ##[group]Run npm run test:regression
Full E2E Tests	Run Regression Suite	2026-01-21T14:29:11.8937822Z [36;1mnpm run test:regression[0m
Full E2E Tests	Run Regression Suite	2026-01-21T14:29:11.8967235Z shell: /usr/bin/bash -e {0}
Full E2E Tests	Run Regression Suite	2026-01-21T14:29:11.8967503Z env:
Full E2E Tests	Run Regression Suite	2026-01-21T14:29:11.8967698Z   NODE_VERSION: 20.x
Full E2E Tests	Run Regression Suite	2026-01-21T14:29:11.8967986Z   DO_FIREBASE_PROJECT_ID: ***
Full E2E Tests	Run Regression Suite	2026-01-21T14:29:11.8968453Z   DO_FIREBASE_CLIENT_EMAIL: ***
Full E2E Tests	Run Regression Suite	2026-01-21T14:29:11.8975863Z   DO_FIREBASE_PRIVATE_KEY: ***
Full E2E Tests	Run Regression Suite	2026-01-21T14:29:11.8976301Z   NEXT_PUBLIC_GOOGLE_MAPS_API_KEY: ***
Full E2E Tests	Run Regression Suite	2026-01-21T14:29:11.8976718Z   CASHFREE_PAYMENTS_CLIENT_ID: ***
Full E2E Tests	Run Regression Suite	2026-01-21T14:29:11.8977159Z   CASHFREE_PAYMENTS_CLIENT_SECRET: ***
Full E2E Tests	Run Regression Suite	2026-01-21T14:29:11.8977428Z   CI: true
Full E2E Tests	Run Regression Suite	2026-01-21T14:29:11.8977672Z ##[endgroup]
Full E2E Tests	Run Regression Suite	2026-01-21T14:29:12.0136569Z 
Full E2E Tests	Run Regression Suite	2026-01-21T14:29:12.0137094Z > nextn@0.1.0 test:regression
Full E2E Tests	Run Regression Suite	2026-01-21T14:29:12.0137942Z > playwright test tests/e2e/complete-transaction-cycle.spec.ts tests/e2e/mobile_user_flow.spec.ts
Full E2E Tests	Run Regression Suite	2026-01-21T14:29:12.0138496Z 
Full E2E Tests	Run Regression Suite	2026-01-21T14:29:15.5359990Z 
Full E2E Tests	Run Regression Suite	2026-01-21T14:29:15.5361023Z Running 2 tests using 1 worker
Full E2E Tests	Run Regression Suite	2026-01-21T14:29:15.5361488Z 
Full E2E Tests	Run Regression Suite	2026-01-21T14:29:17.6471419Z --- START: Phase 1 - Job Giver posts a new job ---
Full E2E Tests	Run Regression Suite	2026-01-21T14:29:17.6475074Z [AuthHelper] Login attempt 1/3 for giver_vip@team4job.com
Full E2E Tests	Run Regression Suite	2026-01-21T14:29:18.0688543Z [Browser LOG]: LoginForm: onSubmit called giver_vip@team4job.com
Full E2E Tests	Run Regression Suite	2026-01-21T14:29:18.0689542Z [Browser LOG]: LoginForm: Calling login...
Full E2E Tests	Run Regression Suite	2026-01-21T14:29:18.3243456Z [Browser LOG]: LoginForm: Login result: true
Full E2E Tests	Run Regression Suite	2026-01-21T14:29:18.8246589Z [Browser LOG]: LoginForm: Redirecting to dashboard...
Full E2E Tests	Run Regression Suite	2026-01-21T14:29:18.8953815Z [AuthHelper] Login successful for giver_vip@team4job.com
Full E2E Tests	Run Regression Suite	2026-01-21T14:29:18.8955807Z [AuthHelper] Verifying Job Giver dashboard (looking for 'Active Jobs')...
Full E2E Tests	Run Regression Suite	2026-01-21T14:29:20.9023466Z [AuthHelper] 'Active Jobs' not found. Checking if we need a role switch...
Full E2E Tests	Run Regression Suite	2026-01-21T14:29:23.8419698Z [AuthHelper] Role option 'Job Giver (Hiring)' NOT found. Visible menu items: [ [32m'Profile'[39m, [32m'Settings'[39m, [32m'Log out'[39m ]
Full E2E Tests	Run Regression Suite	2026-01-21T14:29:23.8561494Z [AuthHelper] Current Page H1: Welcome, Priya VIP Giver (Demo)!
Full E2E Tests	Run Regression Suite	2026-01-21T14:29:23.8562629Z [AuthHelper] Dashboard loaded but indicator missed. Proceeding with caution.
Full E2E Tests	Run Regression Suite	2026-01-21T14:29:24.4471083Z [Browser LOG]: Service Worker registration successful with scope:  http://localhost:3006/
Full E2E Tests	Run Regression Suite	2026-01-21T14:29:24.4488387Z [Browser Error]: Failed to load resource: the server responded with a status of 404 (Not Found)
Full E2E Tests	Run Regression Suite	2026-01-21T14:29:28.1553432Z [Browser LOG]: Service Worker is active.
Full E2E Tests	Run Regression Suite	2026-01-21T14:29:28.1670726Z [Browser LOG]: Unable to get permission to notify.
Full E2E Tests	Run Regression Suite	2026-01-21T14:29:28.6006177Z [Browser Error]: Google Maps JavaScript API error: RefererNotAllowedMapError
Full E2E Tests	Run Regression Suite	2026-01-21T14:29:28.6007632Z https://developers.google.com/maps/documentation/javascript/error-messages#referer-not-allowed-map-error
Full E2E Tests	Run Regression Suite	2026-01-21T14:29:28.6008753Z Your site URL to be authorized: http://localhost:3006
Full E2E Tests	Run Regression Suite	2026-01-21T14:29:31.4063755Z [Browser LOG]: HandleSubmitClick triggered
Full E2E Tests	Run Regression Suite	2026-01-21T14:29:31.4085282Z [Browser LOG]: Form submission started with values: {jobTitle: Install 4 CCTV Cameras for Retail Shop - 1769005757605 , jobDescription: Need professional installation of 4 outdoor cameraΓÇªnce, cash counter, storage area, and parking lot., jobCategory: new-installation, skills: CCTV Installation, Wiring, DVR Configuration, travelTip: 0}
Full E2E Tests	Run Regression Suite	2026-01-21T14:29:31.4087485Z TEST: Captured Job ID: JOB-20260121-F056 
Full E2E Tests	Run Regression Suite	2026-01-21T14:29:31.4088004Z [Browser LOG]: Creating new job with ID: JOB-20260121-F056
Full E2E Tests	Run Regression Suite	2026-01-21T14:29:31.4089769Z [Browser LOG]: Saving job to Firestore: {title: Install 4 CCTV Cameras for Retail Shop - 1769005757605 , description: Need professional installation of 4 outdoor cameraΓÇªnce, cash counter, storage area, and parking lot., jobCategory: new-installation, skills: Array(3), travelTip: 0}
Full E2E Tests	Run Regression Suite	2026-01-21T14:29:35.2169656Z [Browser LOG]: Job saved successfully!
Full E2E Tests	Run Regression Suite	2026-01-21T14:29:35.5314057Z [Browser LOG]: Redirecting to job detail page /dashboard/jobs/JOB-20260121-F056...
Full E2E Tests	Run Regression Suite	2026-01-21T14:29:35.5326155Z [Browser LOG]: Form submission completed
Full E2E Tests	Run Regression Suite	2026-01-21T14:29:37.5309811Z [PASS] Phase 1 Complete: Job ID JOB-20260121-F056 
Full E2E Tests	Run Regression Suite	2026-01-21T14:29:37.5316814Z --- START: Phase 2 - Installer places a bid ---
Full E2E Tests	Run Regression Suite	2026-01-21T14:29:37.5317685Z [AuthHelper] Starting logout process...
Full E2E Tests	Run Regression Suite	2026-01-21T14:29:37.6212228Z [AuthHelper] Clicked user menu
Full E2E Tests	Run Regression Suite	2026-01-21T14:29:37.8346854Z [Browser LOG]: Mounting e2e_directFundJob shim
Full E2E Tests	Run Regression Suite	2026-01-21T14:29:37.8932190Z [AuthHelper] Clicked logout button
Full E2E Tests	Run Regression Suite	2026-01-21T14:29:37.9501836Z [Browser LOG]: [useUser] Redirecting: /dashboard/jobs/JOB-20260121-F056 -> /login
Full E2E Tests	Run Regression Suite	2026-01-21T14:29:37.9758142Z [AuthHelper] Redirected to login page
Full E2E Tests	Run Regression Suite	2026-01-21T14:29:37.9759131Z [AuthHelper] Clearing auth persistence...
Full E2E Tests	Run Regression Suite	2026-01-21T14:29:38.0034795Z [Browser WARNING]: [2026-01-21T14:29:38.001Z]  @firebase/firestore: Firestore (12.4.0): WebChannelConnection RPC 'Listen' stream 0x5c0b5867 transport errored. Name: undefined Message: undefined
Full E2E Tests	Run Regression Suite	2026-01-21T14:29:38.2089173Z [AuthHelper] Login attempt 1/3 for installer_pro@team4job.com
Full E2E Tests	Run Regression Suite	2026-01-21T14:29:38.2121008Z [Browser LOG]: Service Worker registration successful with scope:  http://localhost:3006/
Full E2E Tests	Run Regression Suite	2026-01-21T14:29:38.3690593Z [Browser LOG]: Service Worker registration successful with scope:  http://localhost:3006/
Full E2E Tests	Run Regression Suite	2026-01-21T14:29:38.3692209Z [Browser Error]: Failed to load resource: the server responded with a status of 404 (Not Found)
Full E2E Tests	Run Regression Suite	2026-01-21T14:29:38.4851565Z [Browser LOG]: LoginForm: onSubmit called installer_pro@team4job.com
Full E2E Tests	Run Regression Suite	2026-01-21T14:29:38.4852978Z [Browser LOG]: LoginForm: Calling login...
Full E2E Tests	Run Regression Suite	2026-01-21T14:29:38.7006217Z [Browser LOG]: LoginForm: Login result: true
Full E2E Tests	Run Regression Suite	2026-01-21T14:29:39.2009205Z [Browser LOG]: LoginForm: Redirecting to dashboard...
Full E2E Tests	Run Regression Suite	2026-01-21T14:29:39.2201262Z [AuthHelper] Login successful for installer_pro@team4job.com
Full E2E Tests	Run Regression Suite	2026-01-21T14:29:39.2202362Z [AuthHelper] Verifying Installer dashboard (looking for 'Open Jobs')...
Full E2E Tests	Run Regression Suite	2026-01-21T14:29:41.2253636Z [AuthHelper] 'Open Jobs' not found. Checking if we need a role switch...
Full E2E Tests	Run Regression Suite	2026-01-21T14:29:42.2435785Z [Browser LOG]: Service Worker is active.
Full E2E Tests	Run Regression Suite	2026-01-21T14:29:42.2709579Z [Browser LOG]: Unable to get permission to notify.
Full E2E Tests	Run Regression Suite	2026-01-21T14:29:42.2773184Z [Browser LOG]: Service Worker is active.
Full E2E Tests	Run Regression Suite	2026-01-21T14:29:42.2948370Z [Browser LOG]: Unable to get permission to notify.
Full E2E Tests	Run Regression Suite	2026-01-21T14:29:44.1657856Z [AuthHelper] Role option 'Installer (Working)' NOT found. Visible menu items: [ [32m'Profile'[39m, [32m'Settings'[39m, [32m'Log out'[39m ]
Full E2E Tests	Run Regression Suite	2026-01-21T14:29:44.1775759Z [AuthHelper] Current Page H1: Welcome, Rajesh Pro Installer (Demo)!
Full E2E Tests	Run Regression Suite	2026-01-21T14:29:44.1779826Z [AuthHelper] Dashboard loaded but indicator missed. Proceeding with caution.
Full E2E Tests	Run Regression Suite	2026-01-21T14:29:44.2910031Z [Browser Error]: Failed to load resource: the server responded with a status of 404 (Not Found)
Full E2E Tests	Run Regression Suite	2026-01-21T14:29:45.9665408Z [Browser LOG]: Service Worker registration successful with scope:  http://localhost:3006/
Full E2E Tests	Run Regression Suite	2026-01-21T14:29:46.4255199Z [Browser LOG]: Mounting e2e_directFundJob shim
Full E2E Tests	Run Regression Suite	2026-01-21T14:29:46.4297356Z [Browser LOG]: Service Worker is active.
Full E2E Tests	Run Regression Suite	2026-01-21T14:29:46.4464548Z [Browser LOG]: Unable to get permission to notify.
Full E2E Tests	Run Regression Suite	2026-01-21T14:29:46.4528300Z [Browser LOG]: Service Worker is active.
Full E2E Tests	Run Regression Suite	2026-01-21T14:29:46.4578951Z [Browser LOG]: Unable to get permission to notify.
Full E2E Tests	Run Regression Suite	2026-01-21T14:29:48.7969374Z [Browser LOG]: Service Worker is active.
Full E2E Tests	Run Regression Suite	2026-01-21T14:29:48.7994309Z [Browser LOG]: Unable to get permission to notify.
Full E2E Tests	Run Regression Suite	2026-01-21T14:29:49.9620942Z [PASS] Phase 2 Complete: Bid placed
Full E2E Tests	Run Regression Suite	2026-01-21T14:29:49.9622204Z --- START: Phase 3 - Job Giver awards job ---
Full E2E Tests	Run Regression Suite	2026-01-21T14:29:49.9623321Z [AuthHelper] Starting logout process...
Full E2E Tests	Run Regression Suite	2026-01-21T14:29:50.0186093Z [AuthHelper] Clicked user menu
Full E2E Tests	Run Regression Suite	2026-01-21T14:29:50.2892408Z [AuthHelper] Clicked logout button
Full E2E Tests	Run Regression Suite	2026-01-21T14:29:50.3489984Z [Browser LOG]: [useUser] Redirecting: /dashboard/jobs/JOB-20260121-F056 -> /login
Full E2E Tests	Run Regression Suite	2026-01-21T14:29:50.3805957Z [AuthHelper] Redirected to login page
Full E2E Tests	Run Regression Suite	2026-01-21T14:29:50.3809119Z [AuthHelper] Clearing auth persistence...
Full E2E Tests	Run Regression Suite	2026-01-21T14:29:50.3854303Z [Browser Error]: Failed to load resource: the server responded with a status of 404 (Not Found)
Full E2E Tests	Run Regression Suite	2026-01-21T14:29:50.4142290Z [Browser WARNING]: [2026-01-21T14:29:50.412Z]  @firebase/firestore: Firestore (12.4.0): WebChannelConnection RPC 'Listen' stream 0x47d39d0c transport errored. Name: undefined Message: undefined
Full E2E Tests	Run Regression Suite	2026-01-21T14:29:50.4995033Z [AuthHelper] Login attempt 1/3 for giver_vip@team4job.com
Full E2E Tests	Run Regression Suite	2026-01-21T14:29:50.5042786Z [Browser LOG]: Service Worker registration successful with scope:  http://localhost:3006/
Full E2E Tests	Run Regression Suite	2026-01-21T14:29:50.5112873Z [Browser Error]: Failed to load resource: the server responded with a status of 404 (Not Found)
Full E2E Tests	Run Regression Suite	2026-01-21T14:29:50.6021949Z [Browser LOG]: Service Worker registration successful with scope:  http://localhost:3006/
Full E2E Tests	Run Regression Suite	2026-01-21T14:29:50.6039627Z [Browser Error]: Failed to load resource: the server responded with a status of 404 (Not Found)
Full E2E Tests	Run Regression Suite	2026-01-21T14:29:50.6556278Z [Browser LOG]: LoginForm: onSubmit called giver_vip@team4job.com
Full E2E Tests	Run Regression Suite	2026-01-21T14:29:50.6557377Z [Browser LOG]: LoginForm: Calling login...
Full E2E Tests	Run Regression Suite	2026-01-21T14:29:50.8381148Z [Browser LOG]: LoginForm: Login result: true
Full E2E Tests	Run Regression Suite	2026-01-21T14:29:51.3385702Z [Browser LOG]: LoginForm: Redirecting to dashboard...
Full E2E Tests	Run Regression Suite	2026-01-21T14:29:51.3469232Z [AuthHelper] Login successful for giver_vip@team4job.com
Full E2E Tests	Run Regression Suite	2026-01-21T14:29:51.3470621Z [AuthHelper] Verifying Job Giver dashboard (looking for 'Active Jobs')...
Full E2E Tests	Run Regression Suite	2026-01-21T14:29:53.3498696Z [AuthHelper] 'Active Jobs' not found. Checking if we need a role switch...
Full E2E Tests	Run Regression Suite	2026-01-21T14:29:54.3631059Z [Browser LOG]: Service Worker is active.
Full E2E Tests	Run Regression Suite	2026-01-21T14:29:54.3784192Z [Browser LOG]: Unable to get permission to notify.
Full E2E Tests	Run Regression Suite	2026-01-21T14:29:56.2923500Z [AuthHelper] Role option 'Job Giver (Hiring)' NOT found. Visible menu items: [ [32m'Profile'[39m, [32m'Settings'[39m, [32m'Log out'[39m ]
Full E2E Tests	Run Regression Suite	2026-01-21T14:29:56.3082284Z [AuthHelper] Current Page H1: Welcome, Priya VIP Giver (Demo)!
Full E2E Tests	Run Regression Suite	2026-01-21T14:29:56.3083344Z [AuthHelper] Dashboard loaded but indicator missed. Proceeding with caution.
Full E2E Tests	Run Regression Suite	2026-01-21T14:29:56.4064399Z [Browser Error]: Failed to load resource: the server responded with a status of 404 (Not Found)
Full E2E Tests	Run Regression Suite	2026-01-21T14:29:58.6092664Z [Browser LOG]: Mounting e2e_directFundJob shim
Full E2E Tests	Run Regression Suite	2026-01-21T14:29:58.6147364Z [Browser LOG]: Service Worker is active.
Full E2E Tests	Run Regression Suite	2026-01-21T14:29:58.6314826Z [Browser LOG]: Unable to get permission to notify.
Full E2E Tests	Run Regression Suite	2026-01-21T14:29:59.3183672Z [Browser LOG]: [handleJobUpdate] Updating job with fields: [status, awardedInstaller, awardedInstallerId, selectedInstallers]
Full E2E Tests	Run Regression Suite	2026-01-21T14:30:03.1123086Z [Browser LOG]: [handleJobUpdate] Update successful
Full E2E Tests	Run Regression Suite	2026-01-21T14:30:03.1936781Z [PASS] Phase 3 Complete: Offer sent
Full E2E Tests	Run Regression Suite	2026-01-21T14:30:03.1937692Z --- START: Phase 4 - Installer accepts job ---
Full E2E Tests	Run Regression Suite	2026-01-21T14:30:03.2660995Z [INFO] Seeded installer payouts via API
Full E2E Tests	Run Regression Suite	2026-01-21T14:30:03.2662069Z [AuthHelper] Starting logout process...
Full E2E Tests	Run Regression Suite	2026-01-21T14:30:03.3379448Z [AuthHelper] Clicked user menu
Full E2E Tests	Run Regression Suite	2026-01-21T14:30:03.6066319Z [AuthHelper] Clicked logout button
Full E2E Tests	Run Regression Suite	2026-01-21T14:30:03.6672519Z [Browser LOG]: [useUser] Redirecting: /dashboard/jobs/JOB-20260121-F056 -> /login
Full E2E Tests	Run Regression Suite	2026-01-21T14:30:03.6946985Z [AuthHelper] Redirected to login page
Full E2E Tests	Run Regression Suite	2026-01-21T14:30:03.6947772Z [AuthHelper] Clearing auth persistence...
Full E2E Tests	Run Regression Suite	2026-01-21T14:30:03.7034639Z [Browser Error]: Failed to load resource: the server responded with a status of 404 (Not Found)
Full E2E Tests	Run Regression Suite	2026-01-21T14:30:03.7163933Z [Browser WARNING]: [2026-01-21T14:30:03.714Z]  @firebase/firestore: Firestore (12.4.0): WebChannelConnection RPC 'Listen' stream 0x7ddf666b transport errored. Name: undefined Message: undefined
Full E2E Tests	Run Regression Suite	2026-01-21T14:30:03.7851912Z [AuthHelper] Login attempt 1/3 for installer_pro@team4job.com
Full E2E Tests	Run Regression Suite	2026-01-21T14:30:03.9003225Z [Browser LOG]: Service Worker registration successful with scope:  http://localhost:3006/
Full E2E Tests	Run Regression Suite	2026-01-21T14:30:03.9016060Z [Browser Error]: Failed to load resource: the server responded with a status of 404 (Not Found)
Full E2E Tests	Run Regression Suite	2026-01-21T14:30:03.9544294Z [Browser LOG]: LoginForm: onSubmit called installer_pro@team4job.com
Full E2E Tests	Run Regression Suite	2026-01-21T14:30:03.9545170Z [Browser LOG]: LoginForm: Calling login...
Full E2E Tests	Run Regression Suite	2026-01-21T14:30:04.1413973Z [Browser LOG]: LoginForm: Login result: true
Full E2E Tests	Run Regression Suite	2026-01-21T14:30:04.6418175Z [Browser LOG]: LoginForm: Redirecting to dashboard...
Full E2E Tests	Run Regression Suite	2026-01-21T14:30:04.6522258Z [AuthHelper] Login successful for installer_pro@team4job.com
Full E2E Tests	Run Regression Suite	2026-01-21T14:30:04.6523887Z [AuthHelper] Verifying Installer dashboard (looking for 'Open Jobs')...
Full E2E Tests	Run Regression Suite	2026-01-21T14:30:06.6564985Z [AuthHelper] 'Open Jobs' not found. Checking if we need a role switch...
Full E2E Tests	Run Regression Suite	2026-01-21T14:30:07.6566624Z [Browser LOG]: Service Worker is active.
Full E2E Tests	Run Regression Suite	2026-01-21T14:30:07.6733447Z [Browser LOG]: Unable to get permission to notify.
Full E2E Tests	Run Regression Suite	2026-01-21T14:30:09.5816300Z [AuthHelper] Role option 'Installer (Working)' NOT found. Visible menu items: [ [32m'Profile'[39m, [32m'Settings'[39m, [32m'Log out'[39m ]
Full E2E Tests	Run Regression Suite	2026-01-21T14:30:09.5908644Z [AuthHelper] Current Page H1: Welcome, Rajesh Pro Installer (Demo)!
Full E2E Tests	Run Regression Suite	2026-01-21T14:30:09.5909669Z [AuthHelper] Dashboard loaded but indicator missed. Proceeding with caution.
Full E2E Tests	Run Regression Suite	2026-01-21T14:30:09.6996950Z [Browser Error]: Failed to load resource: the server responded with a status of 404 (Not Found)
Full E2E Tests	Run Regression Suite	2026-01-21T14:30:13.3417530Z [Browser LOG]: Mounting e2e_directFundJob shim
Full E2E Tests	Run Regression Suite	2026-01-21T14:30:13.3460687Z [Browser LOG]: Service Worker is active.
Full E2E Tests	Run Regression Suite	2026-01-21T14:30:13.3626028Z [Browser LOG]: Unable to get permission to notify.
Full E2E Tests	Run Regression Suite	2026-01-21T14:30:14.0347892Z [Browser LOG]: InstallerAcceptanceSection: Accept clicked {payouts: Object, id: 0m3OOuAJ21SFqQ9mXFUqsq347CA3}
Full E2E Tests	Run Regression Suite	2026-01-21T14:30:14.0351010Z [Browser LOG]: InstallerAcceptanceSection: Conflict query started for user 0m3OOuAJ21SFqQ9mXFUqsq347CA3
Full E2E Tests	Run Regression Suite	2026-01-21T14:30:14.6308314Z [Browser LOG]: InstallerAcceptanceSection: Conflict check complete {conflictsCount: 0}
Full E2E Tests	Run Regression Suite	2026-01-21T14:30:14.6367017Z E2E: No Conflict Dialog detected.
Full E2E Tests	Run Regression Suite	2026-01-21T14:30:15.2594344Z [Browser LOG]: [handleJobUpdate] Updating job with fields: [awardedInstaller, status, selectedInstallers, acceptanceDeadline, fundingDeadline]
Full E2E Tests	Run Regression Suite	2026-01-21T14:30:19.0617709Z [Browser LOG]: [handleJobUpdate] Update successful
Full E2E Tests	Run Regression Suite	2026-01-21T14:30:19.5169092Z Helper: Waiting for job status: Pending Funding. Timeout: 90000ms
Full E2E Tests	Run Regression Suite	2026-01-21T14:30:19.5213324Z Helper: Job status Pending Funding visible immediately.
Full E2E Tests	Run Regression Suite	2026-01-21T14:30:19.5214072Z [PASS] Phase 4 Complete: Job accepted
Full E2E Tests	Run Regression Suite	2026-01-21T14:30:19.5214708Z --- START: Phase 5 - Job Giver funds escrow ---
Full E2E Tests	Run Regression Suite	2026-01-21T14:30:19.5215265Z [AuthHelper] Login attempt 1/3 for giver_vip@team4job.com
Full E2E Tests	Run Regression Suite	2026-01-21T14:30:19.6558851Z [Browser Error]: Failed to load resource: the server responded with a status of 404 (Not Found)
Full E2E Tests	Run Regression Suite	2026-01-21T14:30:19.7102716Z [Browser LOG]: LoginForm: onSubmit called giver_vip@team4job.com
Full E2E Tests	Run Regression Suite	2026-01-21T14:30:19.7103576Z [Browser LOG]: LoginForm: Calling login...
Full E2E Tests	Run Regression Suite	2026-01-21T14:30:19.8898335Z [Browser LOG]: LoginForm: Login result: true
Full E2E Tests	Run Regression Suite	2026-01-21T14:30:20.3898741Z [Browser LOG]: LoginForm: Redirecting to dashboard...
Full E2E Tests	Run Regression Suite	2026-01-21T14:30:20.3995422Z [AuthHelper] Login successful for giver_vip@team4job.com
Full E2E Tests	Run Regression Suite	2026-01-21T14:30:20.4002978Z [AuthHelper] Verifying Job Giver dashboard (looking for 'Active Jobs')...
Full E2E Tests	Run Regression Suite	2026-01-21T14:30:22.4033109Z [AuthHelper] 'Active Jobs' not found. Checking if we need a role switch...
Full E2E Tests	Run Regression Suite	2026-01-21T14:30:23.3936921Z [Browser Error]: Error listening to user document: FirebaseError: Missing or insufficient permissions.
Full E2E Tests	Run Regression Suite	2026-01-21T14:30:23.4292213Z [Browser LOG]: Service Worker is active.
Full E2E Tests	Run Regression Suite	2026-01-21T14:30:23.4466664Z [Browser LOG]: Unable to get permission to notify.
Full E2E Tests	Run Regression Suite	2026-01-21T14:30:25.3404547Z [AuthHelper] Role option 'Job Giver (Hiring)' NOT found. Visible menu items: [ [32m'Profile'[39m, [32m'Settings'[39m, [32m'Log out'[39m ]
Full E2E Tests	Run Regression Suite	2026-01-21T14:30:25.3600166Z [AuthHelper] Current Page H1: Welcome, Priya VIP Giver (Demo)!
Full E2E Tests	Run Regression Suite	2026-01-21T14:30:25.3601128Z [AuthHelper] Dashboard loaded but indicator missed. Proceeding with caution.
Full E2E Tests	Run Regression Suite	2026-01-21T14:30:25.4548948Z [Browser Error]: Failed to load resource: the server responded with a status of 404 (Not Found)
Full E2E Tests	Run Regression Suite	2026-01-21T14:30:26.1746718Z [Browser LOG]: Mounting e2e_directFundJob shim
Full E2E Tests	Run Regression Suite	2026-01-21T14:30:26.1800129Z [Browser LOG]: Service Worker is active.
Full E2E Tests	Run Regression Suite	2026-01-21T14:30:26.1968892Z [Browser LOG]: Unable to get permission to notify.
Full E2E Tests	Run Regression Suite	2026-01-21T14:30:27.3104862Z [Browser LOG]: Triggering e2e_directFundJob from Playwright
Full E2E Tests	Run Regression Suite	2026-01-21T14:30:27.3108197Z [Browser LOG]: [E2E Client] handleDirectConfirm calling with jobID: JOB-20260121-F056 Token present: true
Full E2E Tests	Run Regression Suite	2026-01-21T14:30:28.3426378Z [Browser LOG]: [E2E Client] Fund Success: {success: true, transactionId: TXN-JOB-20260121-F056-1769005827644, startOtp: 601166}
Full E2E Tests	Run Regression Suite	2026-01-21T14:30:31.5348556Z Helper: Waiting for job status: In Progress. Timeout: 90000ms
Full E2E Tests	Run Regression Suite	2026-01-21T14:30:31.5456640Z [Browser LOG]: Service Worker registration successful with scope:  http://localhost:3006/
Full E2E Tests	Run Regression Suite	2026-01-21T14:30:31.5556649Z [Browser Error]: Failed to load resource: the server responded with a status of 404 (Not Found)
Full E2E Tests	Run Regression Suite	2026-01-21T14:30:33.7105775Z [Browser LOG]: Mounting e2e_directFundJob shim
Full E2E Tests	Run Regression Suite	2026-01-21T14:30:33.7138973Z [Browser LOG]: Service Worker is active.
Full E2E Tests	Run Regression Suite	2026-01-21T14:30:33.7289706Z [Browser LOG]: Unable to get permission to notify.
Full E2E Tests	Run Regression Suite	2026-01-21T14:30:35.4268493Z Helper: Job status In Progress visible immediately.
Full E2E Tests	Run Regression Suite	2026-01-21T14:30:35.4326142Z [PASS] Phase 5 Complete: Funded, OTP: 601166 
Full E2E Tests	Run Regression Suite	2026-01-21T14:30:35.4327106Z --- START: Phase 6 - Installer starts work ---
Full E2E Tests	Run Regression Suite	2026-01-21T14:30:35.4327876Z [AuthHelper] Login attempt 1/3 for installer_pro@team4job.com
Full E2E Tests	Run Regression Suite	2026-01-21T14:30:35.5455220Z [Browser Error]: Failed to load resource: the server responded with a status of 404 (Not Found)
Full E2E Tests	Run Regression Suite	2026-01-21T14:30:35.5863477Z [Browser LOG]: LoginForm: onSubmit called installer_pro@team4job.com
Full E2E Tests	Run Regression Suite	2026-01-21T14:30:35.5864549Z [Browser LOG]: LoginForm: Calling login...
Full E2E Tests	Run Regression Suite	2026-01-21T14:30:35.7797854Z [Browser LOG]: LoginForm: Login result: true
Full E2E Tests	Run Regression Suite	2026-01-21T14:30:36.2802946Z [Browser LOG]: LoginForm: Redirecting to dashboard...
Full E2E Tests	Run Regression Suite	2026-01-21T14:30:36.2892246Z [AuthHelper] Login successful for installer_pro@team4job.com
Full E2E Tests	Run Regression Suite	2026-01-21T14:30:36.2894145Z [AuthHelper] Verifying Installer dashboard (looking for 'Open Jobs')...
Full E2E Tests	Run Regression Suite	2026-01-21T14:30:37.7991086Z [Browser Error]: Error listening to user document: FirebaseError: Missing or insufficient permissions.
Full E2E Tests	Run Regression Suite	2026-01-21T14:30:37.8350468Z [Browser LOG]: Service Worker is active.
Full E2E Tests	Run Regression Suite	2026-01-21T14:30:37.8527569Z [Browser LOG]: Unable to get permission to notify.
Full E2E Tests	Run Regression Suite	2026-01-21T14:30:38.2952134Z [AuthHelper] Already in Installer mode (found 'Open Jobs').
Full E2E Tests	Run Regression Suite	2026-01-21T14:30:38.3011063Z [DEBUG] Phase 6: Navigating to job detail. JobID: JOB-20260121-F056
Full E2E Tests	Run Regression Suite	2026-01-21T14:30:38.3012983Z [DEBUG] Target URL: /dashboard/jobs/JOB-20260121-F056
Full E2E Tests	Run Regression Suite	2026-01-21T14:30:38.3929955Z [Browser Error]: Failed to load resource: the server responded with a status of 404 (Not Found)
Full E2E Tests	Run Regression Suite	2026-01-21T14:30:40.5662127Z [Browser LOG]: Mounting e2e_directFundJob shim
Full E2E Tests	Run Regression Suite	2026-01-21T14:30:40.5703167Z [Browser LOG]: Service Worker is active.
Full E2E Tests	Run Regression Suite	2026-01-21T14:30:40.5870578Z [Browser LOG]: Unable to get permission to notify.
Full E2E Tests	Run Regression Suite	2026-01-21T14:30:42.3842737Z [Browser LOG]: [handleJobUpdate] Updating job with fields: [workStartedAt]
Full E2E Tests	Run Regression Suite	2026-01-21T14:30:42.6041456Z [PASS] Phase 6 Complete: Work started
Full E2E Tests	Run Regression Suite	2026-01-21T14:30:42.6042288Z --- START: Phase 7 - Installer completes work ---
Full E2E Tests	Run Regression Suite	2026-01-21T14:30:42.6682651Z [Browser LOG]: [handleJobUpdate] Updating job with fields: [status, attachments]
Full E2E Tests	Run Regression Suite	2026-01-21T14:30:42.8297139Z [WebServer] [31m[1mΓ¿»[22m[39m upstream image response failed for https://firebasestorage.googleapis.com/v0/b/studio-mock/o/mock.png?alt=media [33m404[39m
Full E2E Tests	Run Regression Suite	2026-01-21T14:30:42.8327579Z [Browser Error]: Failed to load resource: the server responded with a status of 404 (Not Found)
Full E2E Tests	Run Regression Suite	2026-01-21T14:30:44.7298393Z [Browser LOG]: [handleJobUpdate] Update successful
Full E2E Tests	Run Regression Suite	2026-01-21T14:30:44.7437231Z [Browser LOG]: [handleJobUpdate] Update successful
Full E2E Tests	Run Regression Suite	2026-01-21T14:30:45.5418934Z Helper: Waiting for job status: Pending Confirmation. Timeout: 90000ms
Full E2E Tests	Run Regression Suite	2026-01-21T14:30:45.5456256Z Helper: Job status Pending Confirmation visible immediately.
Full E2E Tests	Run Regression Suite	2026-01-21T14:30:45.5457158Z [PASS] Phase 7 Complete: Work submitted and status persisted
Full E2E Tests	Run Regression Suite	2026-01-21T14:30:45.5457938Z --- START: Phase 8 - Job Giver approves work ---
Full E2E Tests	Run Regression Suite	2026-01-21T14:30:45.5458584Z [AuthHelper] Starting logout process...
Full E2E Tests	Run Regression Suite	2026-01-21T14:30:45.6020842Z [AuthHelper] Clicked user menu
Full E2E Tests	Run Regression Suite	2026-01-21T14:30:45.8730409Z [AuthHelper] Clicked logout button
Full E2E Tests	Run Regression Suite	2026-01-21T14:30:45.9316840Z [Browser LOG]: [useUser] Redirecting: /dashboard/jobs/JOB-20260121-F056 -> /login
Full E2E Tests	Run Regression Suite	2026-01-21T14:30:45.9587803Z [AuthHelper] Redirected to login page
Full E2E Tests	Run Regression Suite	2026-01-21T14:30:45.9588608Z [AuthHelper] Clearing auth persistence...
Full E2E Tests	Run Regression Suite	2026-01-21T14:30:45.9729748Z [Browser Error]: Failed to load resource: the server responded with a status of 404 (Not Found)
Full E2E Tests	Run Regression Suite	2026-01-21T14:30:45.9837864Z [Browser WARNING]: [2026-01-21T14:30:45.981Z]  @firebase/firestore: Firestore (12.4.0): WebChannelConnection RPC 'Listen' stream 0x45f29822 transport errored. Name: undefined Message: undefined
Full E2E Tests	Run Regression Suite	2026-01-21T14:30:46.0611264Z [AuthHelper] Login attempt 1/3 for giver_vip@team4job.com
Full E2E Tests	Run Regression Suite	2026-01-21T14:30:46.1794218Z [Browser LOG]: Service Worker registration successful with scope:  http://localhost:3006/
Full E2E Tests	Run Regression Suite	2026-01-21T14:30:46.1904097Z [Browser Error]: Failed to load resource: the server responded with a status of 404 (Not Found)
Full E2E Tests	Run Regression Suite	2026-01-21T14:30:46.2303544Z [Browser LOG]: LoginForm: onSubmit called giver_vip@team4job.com
Full E2E Tests	Run Regression Suite	2026-01-21T14:30:46.2305335Z [Browser LOG]: LoginForm: Calling login...
Full E2E Tests	Run Regression Suite	2026-01-21T14:30:46.4489164Z [Browser LOG]: LoginForm: Login result: true
Full E2E Tests	Run Regression Suite	2026-01-21T14:30:46.9494181Z [Browser LOG]: LoginForm: Redirecting to dashboard...
Full E2E Tests	Run Regression Suite	2026-01-21T14:30:46.9593175Z [AuthHelper] Login successful for giver_vip@team4job.com
Full E2E Tests	Run Regression Suite	2026-01-21T14:30:46.9597529Z [AuthHelper] Verifying Job Giver dashboard (looking for 'Active Jobs')...
Full E2E Tests	Run Regression Suite	2026-01-21T14:30:48.5581692Z [Browser LOG]: Service Worker is active.
Full E2E Tests	Run Regression Suite	2026-01-21T14:30:48.5757645Z [Browser LOG]: Unable to get permission to notify.
Full E2E Tests	Run Regression Suite	2026-01-21T14:30:48.9650501Z [AuthHelper] Already in Job Giver mode (found 'Active Jobs').
Full E2E Tests	Run Regression Suite	2026-01-21T14:30:49.0623114Z [Browser Error]: Failed to load resource: the server responded with a status of 404 (Not Found)
Full E2E Tests	Run Regression Suite	2026-01-21T14:30:52.6588909Z [Browser LOG]: Mounting e2e_directFundJob shim
Full E2E Tests	Run Regression Suite	2026-01-21T14:30:52.6626764Z [Browser LOG]: Service Worker is active.
Full E2E Tests	Run Regression Suite	2026-01-21T14:30:52.6786278Z [Browser LOG]: Unable to get permission to notify.
Full E2E Tests	Run Regression Suite	2026-01-21T14:30:53.3683786Z [WebServer] [31m[1mΓ¿»[22m[39m upstream image response failed for https://firebasestorage.googleapis.com/v0/b/studio-mock/o/mock.png?alt=media [33m404[39m
Full E2E Tests	Run Regression Suite	2026-01-21T14:30:53.3706562Z [Browser Error]: Failed to load resource: the server responded with a status of 404 (Not Found)
Full E2E Tests	Run Regression Suite	2026-01-21T14:30:56.1023809Z [Browser LOG]: [RatingSection] Render: {role: Job Giver, isJobGiver: true, hasJobGiverReview: false, hasInstallerReview: false, theirReviewPresent: false}
Full E2E Tests	Run Regression Suite	2026-01-21T14:30:56.1100131Z [Browser LOG]: [RatingSection] Render: {role: Job Giver, isJobGiver: true, hasJobGiverReview: false, hasInstallerReview: false, theirReviewPresent: false}
Full E2E Tests	Run Regression Suite	2026-01-21T14:30:56.1136896Z [Browser LOG]: [RatingSection] Render: {role: Job Giver, isJobGiver: true, hasJobGiverReview: false, hasInstallerReview: false, theirReviewPresent: false}
Full E2E Tests	Run Regression Suite	2026-01-21T14:30:56.7219208Z [Browser LOG]: [RatingSection] Render: {role: Job Giver, isJobGiver: true, hasJobGiverReview: false, hasInstallerReview: false, theirReviewPresent: false}
Full E2E Tests	Run Regression Suite	2026-01-21T14:30:56.7460960Z [Browser LOG]: [RatingSection] Render: {role: Job Giver, isJobGiver: true, hasJobGiverReview: false, hasInstallerReview: false, theirReviewPresent: false}
Full E2E Tests	Run Regression Suite	2026-01-21T14:30:56.8584427Z Helper: Waiting for job status: Completed. Timeout: 90000ms
Full E2E Tests	Run Regression Suite	2026-01-21T14:30:56.8625217Z Helper: Job status Completed visible immediately.
Full E2E Tests	Run Regression Suite	2026-01-21T14:30:56.8626436Z [PASS] Phase 8 Complete: Job Completed
Full E2E Tests	Run Regression Suite	2026-01-21T14:30:56.8627317Z --- START: Phase 9 - Verify Invoice Generation ---
Full E2E Tests	Run Regression Suite	2026-01-21T14:30:56.8707119Z [Browser WARNING]: [2026-01-21T14:30:56.869Z]  @firebase/firestore: Firestore (12.4.0): WebChannelConnection RPC 'Write' stream 0x33e02ecc transport errored. Name: undefined Message: undefined
Full E2E Tests	Run Regression Suite	2026-01-21T14:30:56.9282326Z Helper: Waiting for job status: Completed. Timeout: 90000ms
Full E2E Tests	Run Regression Suite	2026-01-21T14:30:56.9529878Z [Browser Error]: Failed to load resource: the server responded with a status of 404 (Not Found)
Full E2E Tests	Run Regression Suite	2026-01-21T14:30:59.0967390Z [Browser LOG]: Mounting e2e_directFundJob shim
Full E2E Tests	Run Regression Suite	2026-01-21T14:30:59.1016886Z [Browser LOG]: Service Worker is active.
Full E2E Tests	Run Regression Suite	2026-01-21T14:30:59.1177721Z [Browser LOG]: Unable to get permission to notify.
Full E2E Tests	Run Regression Suite	2026-01-21T14:31:00.0086752Z [Browser LOG]: [RatingSection] Render: {role: Job Giver, isJobGiver: true, hasJobGiverReview: false, hasInstallerReview: false, theirReviewPresent: false}
Full E2E Tests	Run Regression Suite	2026-01-21T14:31:00.0119727Z [Browser LOG]: [RatingSection] Render: {role: Job Giver, isJobGiver: true, hasJobGiverReview: false, hasInstallerReview: false, theirReviewPresent: false}
Full E2E Tests	Run Regression Suite	2026-01-21T14:31:00.0482574Z [Browser LOG]: [RatingSection] Render: {role: Job Giver, isJobGiver: true, hasJobGiverReview: false, hasInstallerReview: false, theirReviewPresent: false}
Full E2E Tests	Run Regression Suite	2026-01-21T14:31:00.1117846Z [WebServer] [31m[1mΓ¿»[22m[39m upstream image response failed for https://firebasestorage.googleapis.com/v0/b/studio-mock/o/mock.png?alt=media [33m404[39m
Full E2E Tests	Run Regression Suite	2026-01-21T14:31:00.1138035Z [Browser Error]: Failed to load resource: the server responded with a status of 404 (Not Found)
Full E2E Tests	Run Regression Suite	2026-01-21T14:31:00.8206066Z Helper: Job status Completed visible immediately.
Full E2E Tests	Run Regression Suite	2026-01-21T14:31:00.8207791Z [INFO] Phase 9: Reloading to ensure invoice data (IDs) is fully propagated...
Full E2E Tests	Run Regression Suite	2026-01-21T14:31:00.8875451Z Helper: Waiting for job status: Completed. Timeout: 90000ms
Full E2E Tests	Run Regression Suite	2026-01-21T14:31:00.9121046Z [Browser Error]: Failed to load resource: the server responded with a status of 404 (Not Found)
Full E2E Tests	Run Regression Suite	2026-01-21T14:31:04.5169550Z [Browser LOG]: Mounting e2e_directFundJob shim
Full E2E Tests	Run Regression Suite	2026-01-21T14:31:04.5207835Z [Browser LOG]: Service Worker is active.
Full E2E Tests	Run Regression Suite	2026-01-21T14:31:04.5376849Z [Browser LOG]: Unable to get permission to notify.
Full E2E Tests	Run Regression Suite	2026-01-21T14:31:05.1444771Z [Browser LOG]: [RatingSection] Render: {role: Job Giver, isJobGiver: true, hasJobGiverReview: false, hasInstallerReview: false, theirReviewPresent: false}
Full E2E Tests	Run Regression Suite	2026-01-21T14:31:05.1568790Z [Browser LOG]: [RatingSection] Render: {role: Job Giver, isJobGiver: true, hasJobGiverReview: false, hasInstallerReview: false, theirReviewPresent: false}
Full E2E Tests	Run Regression Suite	2026-01-21T14:31:05.1651793Z [Browser LOG]: [RatingSection] Render: {role: Job Giver, isJobGiver: true, hasJobGiverReview: false, hasInstallerReview: false, theirReviewPresent: false}
Full E2E Tests	Run Regression Suite	2026-01-21T14:31:05.2292262Z [WebServer] [31m[1mΓ¿»[22m[39m upstream image response failed for https://firebasestorage.googleapis.com/v0/b/studio-mock/o/mock.png?alt=media [33m404[39m
Full E2E Tests	Run Regression Suite	2026-01-21T14:31:05.2315143Z [Browser Error]: Failed to load resource: the server responded with a status of 404 (Not Found)
Full E2E Tests	Run Regression Suite	2026-01-21T14:31:05.7804177Z Helper: Job status Completed visible immediately.
Full E2E Tests	Run Regression Suite	2026-01-21T14:31:08.8477732Z [Browser LOG]: [RatingSection] Render: {role: Job Giver, isJobGiver: true, hasJobGiverReview: false, hasInstallerReview: false, theirReviewPresent: false}
Full E2E Tests	Run Regression Suite	2026-01-21T14:31:12.8025743Z [PASS] Service Invoice Page Verified
Full E2E Tests	Run Regression Suite	2026-01-21T14:31:17.9479209Z [Phase 9b] Platform Receipt not found initially, reloading...
Full E2E Tests	Run Regression Suite	2026-01-21T14:32:17.9836395Z [WARN] Platform Receipt verification failed locally. Skipping to avoid blocking suite.
Full E2E Tests	Run Regression Suite	2026-01-21T14:32:17.9837508Z [PASS] Phase 9 Complete: Invoice generation verified
Full E2E Tests	Run Regression Suite	2026-01-21T14:32:17.9838241Z --- START: Phase 10 - Verify Review & Rating ---
Full E2E Tests	Run Regression Suite	2026-01-21T14:32:18.0296818Z [Browser LOG]: [RatingSection] Render: {role: Job Giver, isJobGiver: true, hasJobGiverReview: false, hasInstallerReview: false, theirReviewPresent: false}
Full E2E Tests	Run Regression Suite	2026-01-21T14:32:18.0413440Z [Browser LOG]: [RatingSection] Render: {role: Job Giver, isJobGiver: true, hasJobGiverReview: false, hasInstallerReview: false, theirReviewPresent: false}
Full E2E Tests	Run Regression Suite	2026-01-21T14:32:18.0793937Z [Browser LOG]: [handleJobUpdate] Updating job with fields: [jobGiverReview, rating, review]
Full E2E Tests	Run Regression Suite	2026-01-21T14:32:18.0799938Z [Browser LOG]: [RatingSection] Render: {role: Job Giver, isJobGiver: true, hasJobGiverReview: false, hasInstallerReview: false, theirReviewPresent: false}
Full E2E Tests	Run Regression Suite	2026-01-21T14:32:18.1970408Z [PASS] Job Giver Review Submitted (Sealed)
Full E2E Tests	Run Regression Suite	2026-01-21T14:32:18.1971396Z [AuthHelper] Starting logout process...
Full E2E Tests	Run Regression Suite	2026-01-21T14:32:18.2651684Z [AuthHelper] Clicked user menu
Full E2E Tests	Run Regression Suite	2026-01-21T14:32:18.5347901Z [AuthHelper] Clicked logout button
Full E2E Tests	Run Regression Suite	2026-01-21T14:32:18.5934020Z [Browser LOG]: [useUser] Redirecting: /dashboard/jobs/JOB-20260121-F056 -> /login
Full E2E Tests	Run Regression Suite	2026-01-21T14:32:18.6224137Z [AuthHelper] Redirected to login page
Full E2E Tests	Run Regression Suite	2026-01-21T14:32:18.6225761Z [AuthHelper] Clearing auth persistence...
Full E2E Tests	Run Regression Suite	2026-01-21T14:32:18.6362768Z [Browser Error]: Failed to load resource: the server responded with a status of 404 (Not Found)
Full E2E Tests	Run Regression Suite	2026-01-21T14:32:18.6443243Z [Browser WARNING]: [2026-01-21T14:32:18.642Z]  @firebase/firestore: Firestore (12.4.0): WebChannelConnection RPC 'Listen' stream 0x1b31066e transport errored. Name: undefined Message: undefined
Full E2E Tests	Run Regression Suite	2026-01-21T14:32:18.7176194Z [AuthHelper] Login attempt 1/3 for installer_pro@team4job.com
Full E2E Tests	Run Regression Suite	2026-01-21T14:32:18.8350198Z [Browser Error]: Failed to load resource: the server responded with a status of 404 (Not Found)
Full E2E Tests	Run Regression Suite	2026-01-21T14:32:18.8771442Z [Browser LOG]: LoginForm: onSubmit called installer_pro@team4job.com
Full E2E Tests	Run Regression Suite	2026-01-21T14:32:18.8773872Z [Browser LOG]: LoginForm: Calling login...
Full E2E Tests	Run Regression Suite	2026-01-21T14:32:19.0970329Z [Browser LOG]: LoginForm: Login result: true
Full E2E Tests	Run Regression Suite	2026-01-21T14:32:19.5976199Z [Browser LOG]: LoginForm: Redirecting to dashboard...
Full E2E Tests	Run Regression Suite	2026-01-21T14:32:19.6050395Z [AuthHelper] Login successful for installer_pro@team4job.com
Full E2E Tests	Run Regression Suite	2026-01-21T14:32:19.6060537Z [AuthHelper] Verifying Installer dashboard (looking for 'Open Jobs')...
Full E2E Tests	Run Regression Suite	2026-01-21T14:32:21.1688886Z [Browser LOG]: Service Worker is active.
Full E2E Tests	Run Regression Suite	2026-01-21T14:32:21.1868866Z [Browser LOG]: Unable to get permission to notify.
Full E2E Tests	Run Regression Suite	2026-01-21T14:32:21.6117136Z [AuthHelper] Already in Installer mode (found 'Open Jobs').
Full E2E Tests	Run Regression Suite	2026-01-21T14:32:21.6771402Z Helper: Waiting for job status: Completed. Timeout: 90000ms
Full E2E Tests	Run Regression Suite	2026-01-21T14:32:21.7040995Z [Browser Error]: Failed to load resource: the server responded with a status of 404 (Not Found)
Full E2E Tests	Run Regression Suite	2026-01-21T14:32:23.8495446Z [Browser LOG]: Mounting e2e_directFundJob shim
Full E2E Tests	Run Regression Suite	2026-01-21T14:32:23.8534673Z [Browser LOG]: Service Worker is active.
Full E2E Tests	Run Regression Suite	2026-01-21T14:32:23.8699205Z [Browser LOG]: Unable to get permission to notify.
Full E2E Tests	Run Regression Suite	2026-01-21T14:32:24.4903757Z [Browser LOG]: [RatingSection] Render: {role: Installer, isJobGiver: false, hasJobGiverReview: false, hasInstallerReview: false, theirReviewPresent: false}
Full E2E Tests	Run Regression Suite	2026-01-21T14:32:24.5002512Z [Browser LOG]: [RatingSection] Render: {role: Installer, isJobGiver: false, hasJobGiverReview: false, hasInstallerReview: false, theirReviewPresent: false}
Full E2E Tests	Run Regression Suite	2026-01-21T14:32:24.5639124Z Helper: Job status Completed visible immediately.
Full E2E Tests	Run Regression Suite	2026-01-21T14:32:24.5715684Z [WebServer] [31m[1mΓ¿»[22m[39m upstream image response failed for https://firebasestorage.googleapis.com/v0/b/studio-mock/o/mock.png?alt=media [33m404[39m
Full E2E Tests	Run Regression Suite	2026-01-21T14:32:24.5741857Z [Browser Error]: Failed to load resource: the server responded with a status of 404 (Not Found)
Full E2E Tests	Run Regression Suite	2026-01-21T14:32:39.5749138Z [INFO] Phase 10: Review not synced yet. Reloading...
Full E2E Tests	Run Regression Suite	2026-01-21T14:32:39.6519707Z [Browser Error]: Failed to load resource: the server responded with a status of 404 (Not Found)
Full E2E Tests	Run Regression Suite	2026-01-21T14:32:41.8263917Z [Browser LOG]: Mounting e2e_directFundJob shim
Full E2E Tests	Run Regression Suite	2026-01-21T14:32:41.8306679Z [Browser LOG]: Service Worker is active.
Full E2E Tests	Run Regression Suite	2026-01-21T14:32:41.8459192Z [Browser LOG]: Unable to get permission to notify.
Full E2E Tests	Run Regression Suite	2026-01-21T14:32:42.7386099Z [Browser LOG]: [RatingSection] Render: {role: Installer, isJobGiver: false, hasJobGiverReview: false, hasInstallerReview: false, theirReviewPresent: false}
Full E2E Tests	Run Regression Suite	2026-01-21T14:32:42.7417213Z [Browser LOG]: [RatingSection] Render: {role: Installer, isJobGiver: false, hasJobGiverReview: false, hasInstallerReview: false, theirReviewPresent: false}
Full E2E Tests	Run Regression Suite	2026-01-21T14:32:42.8320243Z [WebServer] [31m[1mΓ¿»[22m[39m upstream image response failed for https://firebasestorage.googleapis.com/v0/b/studio-mock/o/mock.png?alt=media [33m404[39m
Full E2E Tests	Run Regression Suite	2026-01-21T14:32:42.8341229Z [Browser Error]: Failed to load resource: the server responded with a status of 404 (Not Found)
Full E2E Tests	Run Regression Suite	2026-01-21T14:34:14.7716017Z   Γ£ÿ  1 [chromium] ΓÇ║ tests/e2e/complete-transaction-cycle.spec.ts:18:5 ΓÇ║ Complete Transaction Cycle E2E ΓÇ║ Complete Transaction Cycle: Full 8-Phase Flow (5.0m)
Full E2E Tests	Run Regression Suite	2026-01-21T14:34:15.5029319Z --- START: Phase 1 - Job Giver posts a new job ---
Full E2E Tests	Run Regression Suite	2026-01-21T14:34:15.5032785Z [AuthHelper] Login attempt 1/3 for giver_vip@team4job.com
Full E2E Tests	Run Regression Suite	2026-01-21T14:34:15.9880540Z [Browser Error]: Failed to load resource: the server responded with a status of 404 (Not Found)
Full E2E Tests	Run Regression Suite	2026-01-21T14:34:16.1050846Z [Browser LOG]: LoginForm: onSubmit called giver_vip@team4job.com
Full E2E Tests	Run Regression Suite	2026-01-21T14:34:16.1053196Z [Browser LOG]: LoginForm: Calling login...
Full E2E Tests	Run Regression Suite	2026-01-21T14:34:16.3328075Z [Browser LOG]: LoginForm: Login result: true
Full E2E Tests	Run Regression Suite	2026-01-21T14:34:16.8334198Z [Browser LOG]: LoginForm: Redirecting to dashboard...
Full E2E Tests	Run Regression Suite	2026-01-21T14:34:16.8527535Z [AuthHelper] Login successful for giver_vip@team4job.com
Full E2E Tests	Run Regression Suite	2026-01-21T14:34:16.8528951Z [AuthHelper] Verifying Job Giver dashboard (looking for 'Active Jobs')...
Full E2E Tests	Run Regression Suite	2026-01-21T14:34:18.8671264Z [AuthHelper] 'Active Jobs' not found. Checking if we need a role switch...
Full E2E Tests	Run Regression Suite	2026-01-21T14:34:21.8626032Z [AuthHelper] Role option 'Job Giver (Hiring)' NOT found. Visible menu items: [ [32m'Profile'[39m, [32m'Settings'[39m, [32m'Log out'[39m ]
Full E2E Tests	Run Regression Suite	2026-01-21T14:34:21.8835354Z [AuthHelper] Current Page H1: Welcome, Priya VIP Giver (Demo)!
Full E2E Tests	Run Regression Suite	2026-01-21T14:34:21.8836387Z [AuthHelper] Dashboard loaded but indicator missed. Proceeding with caution.
Full E2E Tests	Run Regression Suite	2026-01-21T14:34:22.1474109Z [Browser Error]: Failed to load resource: the server responded with a status of 404 (Not Found)
Full E2E Tests	Run Regression Suite	2026-01-21T14:34:26.2789820Z [Browser Error]: Google Maps JavaScript API error: RefererNotAllowedMapError
Full E2E Tests	Run Regression Suite	2026-01-21T14:34:26.2791327Z https://developers.google.com/maps/documentation/javascript/error-messages#referer-not-allowed-map-error
Full E2E Tests	Run Regression Suite	2026-01-21T14:34:26.2792468Z Your site URL to be authorized: http://localhost:3006
Full E2E Tests	Run Regression Suite	2026-01-21T14:34:29.3631733Z [Browser LOG]: HandleSubmitClick triggered
Full E2E Tests	Run Regression Suite	2026-01-21T14:34:29.3650262Z [Browser LOG]: Form submission started with values: {jobTitle: Install 4 CCTV Cameras for Retail Shop - 1769006055454 , jobDescription: Need professional installation of 4 outdoor cameraΓÇªnce, cash counter, storage area, and parking lot., jobCategory: new-installation, skills: CCTV Installation, Wiring, DVR Configuration, travelTip: 0}
Full E2E Tests	Run Regression Suite	2026-01-21T14:34:29.3658191Z TEST: Captured Job ID: JOB-20260121-CS8H 
Full E2E Tests	Run Regression Suite	2026-01-21T14:34:29.3659593Z [Browser LOG]: Creating new job with ID: JOB-20260121-CS8H
Full E2E Tests	Run Regression Suite	2026-01-21T14:34:29.3663763Z [Browser LOG]: Saving job to Firestore: {title: Install 4 CCTV Cameras for Retail Shop - 1769006055454 , description: Need professional installation of 4 outdoor cameraΓÇªnce, cash counter, storage area, and parking lot., jobCategory: new-installation, skills: Array(3), travelTip: 0}
Full E2E Tests	Run Regression Suite	2026-01-21T14:34:29.8820791Z [Browser LOG]: Job saved successfully!
Full E2E Tests	Run Regression Suite	2026-01-21T14:34:30.1958018Z [Browser LOG]: Redirecting to job detail page /dashboard/jobs/JOB-20260121-CS8H...
Full E2E Tests	Run Regression Suite	2026-01-21T14:34:30.1965443Z [Browser LOG]: Form submission completed
Full E2E Tests	Run Regression Suite	2026-01-21T14:34:30.5214173Z [PASS] Phase 1 Complete: Job ID JOB-20260121-CS8H 
Full E2E Tests	Run Regression Suite	2026-01-21T14:34:30.5217102Z --- START: Phase 2 - Installer places a bid ---
Full E2E Tests	Run Regression Suite	2026-01-21T14:34:30.5217834Z [AuthHelper] Starting logout process...
Full E2E Tests	Run Regression Suite	2026-01-21T14:34:30.6339027Z [AuthHelper] Clicked user menu
Full E2E Tests	Run Regression Suite	2026-01-21T14:34:30.8268133Z [Browser LOG]: Mounting e2e_directFundJob shim
Full E2E Tests	Run Regression Suite	2026-01-21T14:34:30.9397210Z [Browser LOG]: [useUser] Redirecting: /dashboard/jobs/JOB-20260121-CS8H -> /login
Full E2E Tests	Run Regression Suite	2026-01-21T14:34:30.9839632Z [AuthHelper] Clicked logout button
Full E2E Tests	Run Regression Suite	2026-01-21T14:34:30.9872581Z [AuthHelper] Redirected to login page
Full E2E Tests	Run Regression Suite	2026-01-21T14:34:30.9877051Z [AuthHelper] Clearing auth persistence...
Full E2E Tests	Run Regression Suite	2026-01-21T14:34:31.0670578Z [Browser WARNING]: [2026-01-21T14:34:31.062Z]  @firebase/firestore: Firestore (12.4.0): WebChannelConnection RPC 'Listen' stream 0x7d109fba transport errored. Name: undefined Message: undefined
Full E2E Tests	Run Regression Suite	2026-01-21T14:34:31.3614511Z [AuthHelper] Login attempt 1/3 for installer_pro@team4job.com
Full E2E Tests	Run Regression Suite	2026-01-21T14:34:31.3754156Z [Browser Error]: Failed to load resource: the server responded with a status of 404 (Not Found)
Full E2E Tests	Run Regression Suite	2026-01-21T14:34:31.6149629Z [Browser Error]: Failed to load resource: the server responded with a status of 404 (Not Found)
Full E2E Tests	Run Regression Suite	2026-01-21T14:34:31.6221062Z [Browser LOG]: Service Worker registration successful with scope:  http://localhost:3006/
Full E2E Tests	Run Regression Suite	2026-01-21T14:34:31.7251266Z [Browser LOG]: LoginForm: onSubmit called installer_pro@team4job.com
Full E2E Tests	Run Regression Suite	2026-01-21T14:34:31.7252138Z [Browser LOG]: LoginForm: Calling login...
Full E2E Tests	Run Regression Suite	2026-01-21T14:34:31.9310871Z [Browser LOG]: LoginForm: Login result: true
Full E2E Tests	Run Regression Suite	2026-01-21T14:34:32.4314403Z [Browser LOG]: LoginForm: Redirecting to dashboard...
Full E2E Tests	Run Regression Suite	2026-01-21T14:34:32.4523348Z [AuthHelper] Login successful for installer_pro@team4job.com
Full E2E Tests	Run Regression Suite	2026-01-21T14:34:32.4526237Z [AuthHelper] Verifying Installer dashboard (looking for 'Open Jobs')...
Full E2E Tests	Run Regression Suite	2026-01-21T14:34:34.4647451Z [AuthHelper] 'Open Jobs' not found. Checking if we need a role switch...
Full E2E Tests	Run Regression Suite	2026-01-21T14:34:35.4765355Z [Browser LOG]: Service Worker is active.
Full E2E Tests	Run Regression Suite	2026-01-21T14:34:35.5109192Z [Browser LOG]: Unable to get permission to notify.
Full E2E Tests	Run Regression Suite	2026-01-21T14:34:37.5119898Z [AuthHelper] Role option 'Installer (Working)' NOT found. Visible menu items: [ [32m'Profile'[39m, [32m'Settings'[39m, [32m'Log out'[39m ]
Full E2E Tests	Run Regression Suite	2026-01-21T14:34:37.5380531Z [AuthHelper] Current Page H1: Welcome, Rajesh Pro Installer (Demo)!
Full E2E Tests	Run Regression Suite	2026-01-21T14:34:37.5382315Z [AuthHelper] Dashboard loaded but indicator missed. Proceeding with caution.
Full E2E Tests	Run Regression Suite	2026-01-21T14:34:37.8638994Z [Browser Error]: Failed to load resource: the server responded with a status of 404 (Not Found)
Full E2E Tests	Run Regression Suite	2026-01-21T14:34:37.9300716Z [Browser LOG]: Service Worker registration successful with scope:  http://localhost:3006/
Full E2E Tests	Run Regression Suite	2026-01-21T14:34:40.0250403Z [Browser LOG]: Mounting e2e_directFundJob shim
Full E2E Tests	Run Regression Suite	2026-01-21T14:34:40.0282644Z [Browser LOG]: Service Worker is active.
Full E2E Tests	Run Regression Suite	2026-01-21T14:34:40.0488001Z [Browser LOG]: Unable to get permission to notify.
Full E2E Tests	Run Regression Suite	2026-01-21T14:34:45.0146507Z [PASS] Phase 2 Complete: Bid placed
Full E2E Tests	Run Regression Suite	2026-01-21T14:34:45.0147486Z --- START: Phase 3 - Job Giver awards job ---
Full E2E Tests	Run Regression Suite	2026-01-21T14:34:45.0148234Z [AuthHelper] Starting logout process...
Full E2E Tests	Run Regression Suite	2026-01-21T14:34:45.0803571Z [AuthHelper] Clicked user menu
Full E2E Tests	Run Regression Suite	2026-01-21T14:34:45.3526326Z [AuthHelper] Clicked logout button
Full E2E Tests	Run Regression Suite	2026-01-21T14:34:45.4063184Z [Browser LOG]: [useUser] Redirecting: /dashboard/jobs/JOB-20260121-CS8H -> /login
Full E2E Tests	Run Regression Suite	2026-01-21T14:34:45.4363469Z [AuthHelper] Redirected to login page
Full E2E Tests	Run Regression Suite	2026-01-21T14:34:45.4370310Z [AuthHelper] Clearing auth persistence...
Full E2E Tests	Run Regression Suite	2026-01-21T14:34:45.4767270Z [Browser Error]: Failed to load resource: the server responded with a status of 404 (Not Found)
Full E2E Tests	Run Regression Suite	2026-01-21T14:34:45.5361302Z [Browser WARNING]: [2026-01-21T14:34:45.531Z]  @firebase/firestore: Firestore (12.4.0): WebChannelConnection RPC 'Listen' stream 0x13d44aa9 transport errored. Name: undefined Message: undefined
Full E2E Tests	Run Regression Suite	2026-01-21T14:34:45.7802067Z [AuthHelper] Login attempt 1/3 for giver_vip@team4job.com
Full E2E Tests	Run Regression Suite	2026-01-21T14:34:45.7963760Z [Browser Error]: Failed to load resource: the server responded with a status of 404 (Not Found)
Full E2E Tests	Run Regression Suite	2026-01-21T14:34:45.9885461Z [Browser Error]: Failed to load resource: the server responded with a status of 404 (Not Found)
Full E2E Tests	Run Regression Suite	2026-01-21T14:34:45.9888156Z [Browser LOG]: Service Worker registration successful with scope:  http://localhost:3006/
Full E2E Tests	Run Regression Suite	2026-01-21T14:34:46.0995162Z [Browser LOG]: LoginForm: onSubmit called giver_vip@team4job.com
Full E2E Tests	Run Regression Suite	2026-01-21T14:34:46.0996257Z [Browser LOG]: LoginForm: Calling login...
Full E2E Tests	Run Regression Suite	2026-01-21T14:34:46.2633298Z [Browser LOG]: LoginForm: Login result: true
Full E2E Tests	Run Regression Suite	2026-01-21T14:34:46.7639619Z [Browser LOG]: LoginForm: Redirecting to dashboard...
Full E2E Tests	Run Regression Suite	2026-01-21T14:34:46.7757197Z [AuthHelper] Login successful for giver_vip@team4job.com
Full E2E Tests	Run Regression Suite	2026-01-21T14:34:46.7758329Z [AuthHelper] Verifying Job Giver dashboard (looking for 'Active Jobs')...
Full E2E Tests	Run Regression Suite	2026-01-21T14:34:48.7848658Z [AuthHelper] 'Active Jobs' not found. Checking if we need a role switch...
Full E2E Tests	Run Regression Suite	2026-01-21T14:34:49.7978109Z [Browser LOG]: Service Worker is active.
Full E2E Tests	Run Regression Suite	2026-01-21T14:34:49.8190639Z [Browser LOG]: Unable to get permission to notify.
Full E2E Tests	Run Regression Suite	2026-01-21T14:34:51.7776941Z [AuthHelper] Role option 'Job Giver (Hiring)' NOT found. Visible menu items: [ [32m'Profile'[39m, [32m'Settings'[39m, [32m'Log out'[39m ]
Full E2E Tests	Run Regression Suite	2026-01-21T14:34:51.8099935Z [AuthHelper] Current Page H1: Welcome, Priya VIP Giver (Demo)!
Full E2E Tests	Run Regression Suite	2026-01-21T14:34:51.8102511Z [AuthHelper] Dashboard loaded but indicator missed. Proceeding with caution.
Full E2E Tests	Run Regression Suite	2026-01-21T14:34:52.0139558Z [Browser Error]: Failed to load resource: the server responded with a status of 404 (Not Found)
Full E2E Tests	Run Regression Suite	2026-01-21T14:34:55.6252829Z [Browser LOG]: Mounting e2e_directFundJob shim
Full E2E Tests	Run Regression Suite	2026-01-21T14:34:55.6301591Z [Browser LOG]: Service Worker is active.
Full E2E Tests	Run Regression Suite	2026-01-21T14:34:55.6489381Z [Browser LOG]: Unable to get permission to notify.
Full E2E Tests	Run Regression Suite	2026-01-21T14:34:56.9598197Z [Browser LOG]: [handleJobUpdate] Updating job with fields: [status, awardedInstaller, awardedInstallerId, selectedInstallers]
Full E2E Tests	Run Regression Suite	2026-01-21T14:35:00.7452442Z [Browser LOG]: [handleJobUpdate] Update successful
Full E2E Tests	Run Regression Suite	2026-01-21T14:35:00.8549244Z [PASS] Phase 3 Complete: Offer sent
Full E2E Tests	Run Regression Suite	2026-01-21T14:35:00.8550039Z --- START: Phase 4 - Installer accepts job ---
Full E2E Tests	Run Regression Suite	2026-01-21T14:35:00.8846510Z [INFO] Seeded installer payouts via API
Full E2E Tests	Run Regression Suite	2026-01-21T14:35:00.8847422Z [AuthHelper] Starting logout process...
Full E2E Tests	Run Regression Suite	2026-01-21T14:35:00.9665334Z [AuthHelper] Clicked user menu
Full E2E Tests	Run Regression Suite	2026-01-21T14:35:01.2418963Z [AuthHelper] Clicked logout button
Full E2E Tests	Run Regression Suite	2026-01-21T14:35:01.2894276Z [Browser LOG]: [useUser] Redirecting: /dashboard/jobs/JOB-20260121-CS8H -> /login
Full E2E Tests	Run Regression Suite	2026-01-21T14:35:01.3226943Z [AuthHelper] Redirected to login page
Full E2E Tests	Run Regression Suite	2026-01-21T14:35:01.3227768Z [AuthHelper] Clearing auth persistence...
Full E2E Tests	Run Regression Suite	2026-01-21T14:35:01.3438938Z [Browser Error]: Failed to load resource: the server responded with a status of 404 (Not Found)
Full E2E Tests	Run Regression Suite	2026-01-21T14:35:01.3703355Z [Browser WARNING]: [2026-01-21T14:35:01.366Z]  @firebase/firestore: Firestore (12.4.0): WebChannelConnection RPC 'Listen' stream 0x84b8f1ff transport errored. Name: undefined Message: undefined
Full E2E Tests	Run Regression Suite	2026-01-21T14:35:01.5654357Z [AuthHelper] Login attempt 1/3 for installer_pro@team4job.com
Full E2E Tests	Run Regression Suite	2026-01-21T14:35:01.5766017Z [Browser Error]: Failed to load resource: the server responded with a status of 404 (Not Found)
Full E2E Tests	Run Regression Suite	2026-01-21T14:35:01.7854809Z [Browser Error]: Failed to load resource: the server responded with a status of 404 (Not Found)
Full E2E Tests	Run Regression Suite	2026-01-21T14:35:01.8702642Z [Browser LOG]: LoginForm: onSubmit called installer_pro@team4job.com
Full E2E Tests	Run Regression Suite	2026-01-21T14:35:01.8703295Z [Browser LOG]: LoginForm: Calling login...
Full E2E Tests	Run Regression Suite	2026-01-21T14:35:02.0621775Z [Browser LOG]: LoginForm: Login result: true
Full E2E Tests	Run Regression Suite	2026-01-21T14:35:02.5626486Z [Browser LOG]: LoginForm: Redirecting to dashboard...
Full E2E Tests	Run Regression Suite	2026-01-21T14:35:02.5744230Z [AuthHelper] Login successful for installer_pro@team4job.com
Full E2E Tests	Run Regression Suite	2026-01-21T14:35:02.5746186Z [AuthHelper] Verifying Installer dashboard (looking for 'Open Jobs')...
Full E2E Tests	Run Regression Suite	2026-01-21T14:35:04.1086278Z [Browser LOG]: Service Worker is active.
Full E2E Tests	Run Regression Suite	2026-01-21T14:35:04.1257639Z [Browser LOG]: Unable to get permission to notify.
Full E2E Tests	Run Regression Suite	2026-01-21T14:35:04.1326428Z [Browser LOG]: Service Worker is active.
Full E2E Tests	Run Regression Suite	2026-01-21T14:35:04.1597109Z [Browser LOG]: Unable to get permission to notify.
Full E2E Tests	Run Regression Suite	2026-01-21T14:35:04.5953910Z [AuthHelper] Already in Installer mode (found 'Open Jobs').
Full E2E Tests	Run Regression Suite	2026-01-21T14:35:04.6198226Z [Browser WARNING]: [2026-01-21T14:35:04.617Z]  @firebase/firestore: Firestore (12.4.0): WebChannelConnection RPC 'Write' stream 0x42accc0f transport errored. Name: undefined Message: undefined
Full E2E Tests	Run Regression Suite	2026-01-21T14:35:04.8009468Z [Browser Error]: Failed to load resource: the server responded with a status of 404 (Not Found)
Full E2E Tests	Run Regression Suite	2026-01-21T14:35:08.4095361Z [Browser LOG]: Mounting e2e_directFundJob shim
Full E2E Tests	Run Regression Suite	2026-01-21T14:35:08.4138085Z [Browser LOG]: Service Worker is active.
Full E2E Tests	Run Regression Suite	2026-01-21T14:35:08.4324925Z [Browser LOG]: Unable to get permission to notify.
Full E2E Tests	Run Regression Suite	2026-01-21T14:35:08.4395947Z [Browser LOG]: Service Worker is active.
Full E2E Tests	Run Regression Suite	2026-01-21T14:35:08.4432868Z [Browser LOG]: Unable to get permission to notify.
Full E2E Tests	Run Regression Suite	2026-01-21T14:35:09.1612130Z [Browser LOG]: InstallerAcceptanceSection: Accept clicked {payouts: Object, id: 0m3OOuAJ21SFqQ9mXFUqsq347CA3}
Full E2E Tests	Run Regression Suite	2026-01-21T14:35:09.1613792Z [Browser LOG]: InstallerAcceptanceSection: Conflict query started for user 0m3OOuAJ21SFqQ9mXFUqsq347CA3
Full E2E Tests	Run Regression Suite	2026-01-21T14:35:09.6931690Z [Browser LOG]: InstallerAcceptanceSection: Conflict check complete {conflictsCount: 0}
Full E2E Tests	Run Regression Suite	2026-01-21T14:35:09.7035411Z E2E: No Conflict Dialog detected.
Full E2E Tests	Run Regression Suite	2026-01-21T14:35:10.3554965Z [Browser LOG]: [handleJobUpdate] Updating job with fields: [awardedInstaller, status, selectedInstallers, acceptanceDeadline, fundingDeadline]
Full E2E Tests	Run Regression Suite	2026-01-21T14:35:12.2553576Z [Browser LOG]: [handleJobUpdate] Update successful
Full E2E Tests	Run Regression Suite	2026-01-21T14:35:12.2648689Z [Browser LOG]: Service Worker is active.
Full E2E Tests	Run Regression Suite	2026-01-21T14:35:12.2671658Z [Browser LOG]: Unable to get permission to notify.
Full E2E Tests	Run Regression Suite	2026-01-21T14:35:12.5845152Z Helper: Waiting for job status: Pending Funding. Timeout: 90000ms
Full E2E Tests	Run Regression Suite	2026-01-21T14:35:12.5935048Z Helper: Job status Pending Funding visible immediately.
Full E2E Tests	Run Regression Suite	2026-01-21T14:35:12.5937173Z [PASS] Phase 4 Complete: Job accepted
Full E2E Tests	Run Regression Suite	2026-01-21T14:35:12.5937833Z --- START: Phase 5 - Job Giver funds escrow ---
Full E2E Tests	Run Regression Suite	2026-01-21T14:35:12.5938541Z [AuthHelper] Login attempt 1/3 for giver_vip@team4job.com
Full E2E Tests	Run Regression Suite	2026-01-21T14:35:12.7876954Z [Browser LOG]: Service Worker registration successful with scope:  http://localhost:3006/
Full E2E Tests	Run Regression Suite	2026-01-21T14:35:12.7967559Z [Browser Error]: Failed to load resource: the server responded with a status of 404 (Not Found)
Full E2E Tests	Run Regression Suite	2026-01-21T14:35:12.8682514Z [Browser LOG]: LoginForm: onSubmit called giver_vip@team4job.com
Full E2E Tests	Run Regression Suite	2026-01-21T14:35:12.8683395Z [Browser LOG]: LoginForm: Calling login...
Full E2E Tests	Run Regression Suite	2026-01-21T14:35:13.0613256Z [Browser LOG]: LoginForm: Login result: true
Full E2E Tests	Run Regression Suite	2026-01-21T14:35:13.5615366Z [Browser LOG]: LoginForm: Redirecting to dashboard...
Full E2E Tests	Run Regression Suite	2026-01-21T14:35:13.5703574Z [AuthHelper] Login successful for giver_vip@team4job.com
Full E2E Tests	Run Regression Suite	2026-01-21T14:35:13.5704620Z [AuthHelper] Verifying Job Giver dashboard (looking for 'Active Jobs')...
Full E2E Tests	Run Regression Suite	2026-01-21T14:35:15.5835343Z [AuthHelper] 'Active Jobs' not found. Checking if we need a role switch...
Full E2E Tests	Run Regression Suite	2026-01-21T14:35:16.5075284Z [Browser Error]: Error listening to user document: FirebaseError: Missing or insufficient permissions.
Full E2E Tests	Run Regression Suite	2026-01-21T14:35:16.5454127Z [Browser LOG]: Service Worker is active.
Full E2E Tests	Run Regression Suite	2026-01-21T14:35:16.5683705Z [Browser LOG]: Unable to get permission to notify.
Full E2E Tests	Run Regression Suite	2026-01-21T14:35:18.5748357Z [AuthHelper] Role option 'Job Giver (Hiring)' NOT found. Visible menu items: [ [32m'Profile'[39m, [32m'Settings'[39m, [32m'Log out'[39m ]
Full E2E Tests	Run Regression Suite	2026-01-21T14:35:18.6106739Z [AuthHelper] Current Page H1: Welcome, Priya VIP Giver (Demo)!
Full E2E Tests	Run Regression Suite	2026-01-21T14:35:18.6107925Z [AuthHelper] Dashboard loaded but indicator missed. Proceeding with caution.
Full E2E Tests	Run Regression Suite	2026-01-21T14:35:18.8106402Z [Browser Error]: Failed to load resource: the server responded with a status of 404 (Not Found)
Full E2E Tests	Run Regression Suite	2026-01-21T14:35:20.9638400Z [Browser LOG]: Mounting e2e_directFundJob shim
Full E2E Tests	Run Regression Suite	2026-01-21T14:35:20.9700567Z [Browser LOG]: Service Worker is active.
Full E2E Tests	Run Regression Suite	2026-01-21T14:35:20.9932932Z [Browser LOG]: Unable to get permission to notify.
Full E2E Tests	Run Regression Suite	2026-01-21T14:35:22.2419922Z [Browser LOG]: Triggering e2e_directFundJob from Playwright
Full E2E Tests	Run Regression Suite	2026-01-21T14:35:22.2425943Z [Browser LOG]: [E2E Client] handleDirectConfirm calling with jobID: JOB-20260121-CS8H Token present: true
Full E2E Tests	Run Regression Suite	2026-01-21T14:35:23.2048153Z [Browser LOG]: [E2E Client] Fund Success: {success: true, transactionId: TXN-JOB-20260121-CS8H-1769006122571, startOtp: 489648}
Full E2E Tests	Run Regression Suite	2026-01-21T14:35:26.5267634Z Helper: Waiting for job status: In Progress. Timeout: 90000ms
Full E2E Tests	Run Regression Suite	2026-01-21T14:35:26.5369705Z [Browser Error]: Failed to load resource: the server responded with a status of 404 (Not Found)
Full E2E Tests	Run Regression Suite	2026-01-21T14:35:28.6775370Z [Browser LOG]: Mounting e2e_directFundJob shim
Full E2E Tests	Run Regression Suite	2026-01-21T14:35:28.6837417Z [Browser LOG]: Service Worker is active.
Full E2E Tests	Run Regression Suite	2026-01-21T14:35:28.6981258Z [Browser LOG]: Unable to get permission to notify.
Full E2E Tests	Run Regression Suite	2026-01-21T14:35:29.4223777Z Helper: Job status In Progress visible immediately.
Full E2E Tests	Run Regression Suite	2026-01-21T14:35:29.4398203Z [PASS] Phase 5 Complete: Funded, OTP: 489648 
Full E2E Tests	Run Regression Suite	2026-01-21T14:35:29.4399329Z --- START: Phase 6 - Installer starts work ---
Full E2E Tests	Run Regression Suite	2026-01-21T14:35:29.4404838Z [AuthHelper] Login attempt 1/3 for installer_pro@team4job.com
Full E2E Tests	Run Regression Suite	2026-01-21T14:35:29.6421886Z [Browser LOG]: Service Worker registration successful with scope:  http://localhost:3006/
Full E2E Tests	Run Regression Suite	2026-01-21T14:35:29.6552448Z [Browser Error]: Failed to load resource: the server responded with a status of 404 (Not Found)
Full E2E Tests	Run Regression Suite	2026-01-21T14:35:29.7310388Z [Browser LOG]: LoginForm: onSubmit called installer_pro@team4job.com
Full E2E Tests	Run Regression Suite	2026-01-21T14:35:29.7310987Z [Browser LOG]: LoginForm: Calling login...
Full E2E Tests	Run Regression Suite	2026-01-21T14:35:29.9317155Z [Browser LOG]: LoginForm: Login result: true
Full E2E Tests	Run Regression Suite	2026-01-21T14:35:30.4319318Z [Browser LOG]: LoginForm: Redirecting to dashboard...
Full E2E Tests	Run Regression Suite	2026-01-21T14:35:30.4431068Z [AuthHelper] Login successful for installer_pro@team4job.com
Full E2E Tests	Run Regression Suite	2026-01-21T14:35:30.4432421Z [AuthHelper] Verifying Installer dashboard (looking for 'Open Jobs')...
Full E2E Tests	Run Regression Suite	2026-01-21T14:35:32.4528100Z [AuthHelper] 'Open Jobs' not found. Checking if we need a role switch...
Full E2E Tests	Run Regression Suite	2026-01-21T14:35:33.4215451Z [Browser Error]: Error listening to user document: FirebaseError: Missing or insufficient permissions.
Full E2E Tests	Run Regression Suite	2026-01-21T14:35:33.4557775Z [Browser LOG]: Service Worker is active.
Full E2E Tests	Run Regression Suite	2026-01-21T14:35:33.4787990Z [Browser LOG]: Unable to get permission to notify.
Full E2E Tests	Run Regression Suite	2026-01-21T14:35:35.4769677Z [AuthHelper] Role option 'Installer (Working)' NOT found. Visible menu items: [ [32m'Profile'[39m, [32m'Settings'[39m, [32m'Log out'[39m ]
Full E2E Tests	Run Regression Suite	2026-01-21T14:35:35.4993354Z [AuthHelper] Current Page H1: Welcome, Rajesh Pro Installer (Demo)!
Full E2E Tests	Run Regression Suite	2026-01-21T14:35:35.4995707Z [AuthHelper] Dashboard loaded but indicator missed. Proceeding with caution.
Full E2E Tests	Run Regression Suite	2026-01-21T14:35:35.5138509Z [DEBUG] Phase 6: Navigating to job detail. JobID: JOB-20260121-CS8H
Full E2E Tests	Run Regression Suite	2026-01-21T14:35:35.5139561Z [DEBUG] Target URL: /dashboard/jobs/JOB-20260121-CS8H
Full E2E Tests	Run Regression Suite	2026-01-21T14:35:35.6984170Z [Browser Error]: Failed to load resource: the server responded with a status of 404 (Not Found)
Full E2E Tests	Run Regression Suite	2026-01-21T14:35:37.8738938Z [Browser LOG]: Mounting e2e_directFundJob shim
Full E2E Tests	Run Regression Suite	2026-01-21T14:35:37.8780130Z [Browser LOG]: Service Worker is active.
Full E2E Tests	Run Regression Suite	2026-01-21T14:35:37.8946121Z [Browser LOG]: Unable to get permission to notify.
Full E2E Tests	Run Regression Suite	2026-01-21T14:35:39.7192792Z [Browser LOG]: [handleJobUpdate] Updating job with fields: [workStartedAt]
Full E2E Tests	Run Regression Suite	2026-01-21T14:35:39.9609110Z [PASS] Phase 6 Complete: Work started
Full E2E Tests	Run Regression Suite	2026-01-21T14:35:39.9610369Z --- START: Phase 7 - Installer completes work ---
Full E2E Tests	Run Regression Suite	2026-01-21T14:35:40.0587735Z [Browser LOG]: [handleJobUpdate] Updating job with fields: [status, attachments]
Full E2E Tests	Run Regression Suite	2026-01-21T14:35:40.1904003Z [WebServer] [31m[1mΓ¿»[22m[39m upstream image response failed for https://firebasestorage.googleapis.com/v0/b/studio-mock/o/mock.png?alt=media [33m404[39m
Full E2E Tests	Run Regression Suite	2026-01-21T14:35:40.1929066Z [Browser Error]: Failed to load resource: the server responded with a status of 404 (Not Found)
Full E2E Tests	Run Regression Suite	2026-01-21T14:35:43.5224853Z [Browser LOG]: [handleJobUpdate] Update successful
Full E2E Tests	Run Regression Suite	2026-01-21T14:35:43.5400748Z [Browser LOG]: [handleJobUpdate] Update successful
Full E2E Tests	Run Regression Suite	2026-01-21T14:35:43.9542590Z Helper: Waiting for job status: Pending Confirmation. Timeout: 90000ms
Full E2E Tests	Run Regression Suite	2026-01-21T14:35:43.9616094Z Helper: Job status Pending Confirmation visible immediately.
Full E2E Tests	Run Regression Suite	2026-01-21T14:35:43.9617587Z [PASS] Phase 7 Complete: Work submitted and status persisted
Full E2E Tests	Run Regression Suite	2026-01-21T14:35:43.9618793Z --- START: Phase 8 - Job Giver approves work ---
Full E2E Tests	Run Regression Suite	2026-01-21T14:35:43.9619867Z [AuthHelper] Starting logout process...
Full E2E Tests	Run Regression Suite	2026-01-21T14:35:44.0288448Z [AuthHelper] Clicked user menu
Full E2E Tests	Run Regression Suite	2026-01-21T14:35:44.3022518Z [AuthHelper] Clicked logout button
Full E2E Tests	Run Regression Suite	2026-01-21T14:35:44.3518075Z [Browser LOG]: [useUser] Redirecting: /dashboard/jobs/JOB-20260121-CS8H -> /login
Full E2E Tests	Run Regression Suite	2026-01-21T14:35:44.3808070Z [AuthHelper] Redirected to login page
Full E2E Tests	Run Regression Suite	2026-01-21T14:35:44.3821826Z [AuthHelper] Clearing auth persistence...
Full E2E Tests	Run Regression Suite	2026-01-21T14:35:44.4043131Z [Browser Error]: Failed to load resource: the server responded with a status of 404 (Not Found)
Full E2E Tests	Run Regression Suite	2026-01-21T14:35:44.4254056Z [Browser WARNING]: [2026-01-21T14:35:44.423Z]  @firebase/firestore: Firestore (12.4.0): WebChannelConnection RPC 'Listen' stream 0x4a0b3d78 transport errored. Name: undefined Message: undefined
Full E2E Tests	Run Regression Suite	2026-01-21T14:35:44.6241045Z [AuthHelper] Login attempt 1/3 for giver_vip@team4job.com
Full E2E Tests	Run Regression Suite	2026-01-21T14:35:44.6362333Z [Browser Error]: Failed to load resource: the server responded with a status of 404 (Not Found)
Full E2E Tests	Run Regression Suite	2026-01-21T14:35:44.8212047Z [Browser LOG]: Service Worker registration successful with scope:  http://localhost:3006/
Full E2E Tests	Run Regression Suite	2026-01-21T14:35:44.8330374Z [Browser Error]: Failed to load resource: the server responded with a status of 404 (Not Found)
Full E2E Tests	Run Regression Suite	2026-01-21T14:35:44.9308278Z [Browser LOG]: LoginForm: onSubmit called giver_vip@team4job.com
Full E2E Tests	Run Regression Suite	2026-01-21T14:35:44.9312866Z [Browser LOG]: LoginForm: Calling login...
Full E2E Tests	Run Regression Suite	2026-01-21T14:35:45.1465367Z [Browser LOG]: LoginForm: Login result: true
Full E2E Tests	Run Regression Suite	2026-01-21T14:35:45.6468926Z [Browser LOG]: LoginForm: Redirecting to dashboard...
Full E2E Tests	Run Regression Suite	2026-01-21T14:35:45.6586511Z [AuthHelper] Login successful for giver_vip@team4job.com
Full E2E Tests	Run Regression Suite	2026-01-21T14:35:45.6587721Z [AuthHelper] Verifying Job Giver dashboard (looking for 'Active Jobs')...
Full E2E Tests	Run Regression Suite	2026-01-21T14:35:47.2622068Z [Browser LOG]: Service Worker is active.
Full E2E Tests	Run Regression Suite	2026-01-21T14:35:47.2771927Z [Browser LOG]: Unable to get permission to notify.
Full E2E Tests	Run Regression Suite	2026-01-21T14:35:47.6853236Z [AuthHelper] Already in Job Giver mode (found 'Active Jobs').
Full E2E Tests	Run Regression Suite	2026-01-21T14:35:47.8806772Z [Browser Error]: Failed to load resource: the server responded with a status of 404 (Not Found)
Full E2E Tests	Run Regression Suite	2026-01-21T14:35:50.0489179Z [Browser LOG]: Mounting e2e_directFundJob shim
Full E2E Tests	Run Regression Suite	2026-01-21T14:35:50.0543896Z [Browser LOG]: Service Worker is active.
Full E2E Tests	Run Regression Suite	2026-01-21T14:35:50.0724889Z [Browser LOG]: Unable to get permission to notify.
Full E2E Tests	Run Regression Suite	2026-01-21T14:35:50.7717424Z [WebServer] [31m[1mΓ¿»[22m[39m upstream image response failed for https://firebasestorage.googleapis.com/v0/b/studio-mock/o/mock.png?alt=media [33m404[39m
Full E2E Tests	Run Regression Suite	2026-01-21T14:35:50.7782662Z [Browser Error]: Failed to load resource: the server responded with a status of 404 (Not Found)
Full E2E Tests	Run Regression Suite	2026-01-21T14:35:52.8881797Z [Browser LOG]: [RatingSection] Render: {role: Job Giver, isJobGiver: true, hasJobGiverReview: false, hasInstallerReview: false, theirReviewPresent: false}
Full E2E Tests	Run Regression Suite	2026-01-21T14:35:52.8950383Z [Browser LOG]: [RatingSection] Render: {role: Job Giver, isJobGiver: true, hasJobGiverReview: false, hasInstallerReview: false, theirReviewPresent: false}
Full E2E Tests	Run Regression Suite	2026-01-21T14:35:52.9004671Z [Browser LOG]: [RatingSection] Render: {role: Job Giver, isJobGiver: true, hasJobGiverReview: false, hasInstallerReview: false, theirReviewPresent: false}
Full E2E Tests	Run Regression Suite	2026-01-21T14:35:53.4917494Z [Browser LOG]: [RatingSection] Render: {role: Job Giver, isJobGiver: true, hasJobGiverReview: false, hasInstallerReview: false, theirReviewPresent: false}
Full E2E Tests	Run Regression Suite	2026-01-21T14:35:53.5168961Z [Browser LOG]: [RatingSection] Render: {role: Job Giver, isJobGiver: true, hasJobGiverReview: false, hasInstallerReview: false, theirReviewPresent: false}
Full E2E Tests	Run Regression Suite	2026-01-21T14:35:53.7327780Z Helper: Waiting for job status: Completed. Timeout: 90000ms
Full E2E Tests	Run Regression Suite	2026-01-21T14:35:53.7423660Z Helper: Job status Completed visible immediately.
Full E2E Tests	Run Regression Suite	2026-01-21T14:35:53.7424637Z [PASS] Phase 8 Complete: Job Completed
Full E2E Tests	Run Regression Suite	2026-01-21T14:35:53.7425384Z --- START: Phase 9 - Verify Invoice Generation ---
Full E2E Tests	Run Regression Suite	2026-01-21T14:35:53.7537946Z [Browser WARNING]: [2026-01-21T14:35:53.751Z]  @firebase/firestore: Firestore (12.4.0): WebChannelConnection RPC 'Write' stream 0x2ddb8a23 transport errored. Name: undefined Message: undefined
Full E2E Tests	Run Regression Suite	2026-01-21T14:35:53.9182956Z Helper: Waiting for job status: Completed. Timeout: 90000ms
Full E2E Tests	Run Regression Suite	2026-01-21T14:35:53.9348251Z [Browser Error]: Failed to load resource: the server responded with a status of 404 (Not Found)
Full E2E Tests	Run Regression Suite	2026-01-21T14:35:57.5096487Z [Browser LOG]: Mounting e2e_directFundJob shim
Full E2E Tests	Run Regression Suite	2026-01-21T14:35:57.5220851Z [Browser LOG]: Service Worker is active.
Full E2E Tests	Run Regression Suite	2026-01-21T14:35:57.5383244Z [Browser LOG]: Unable to get permission to notify.
Full E2E Tests	Run Regression Suite	2026-01-21T14:35:58.1562874Z [Browser LOG]: [RatingSection] Render: {role: Job Giver, isJobGiver: true, hasJobGiverReview: false, hasInstallerReview: false, theirReviewPresent: false}
Full E2E Tests	Run Regression Suite	2026-01-21T14:35:58.1602009Z [Browser LOG]: [RatingSection] Render: {role: Job Giver, isJobGiver: true, hasJobGiverReview: false, hasInstallerReview: false, theirReviewPresent: false}
Full E2E Tests	Run Regression Suite	2026-01-21T14:35:58.1958508Z [Browser LOG]: [RatingSection] Render: {role: Job Giver, isJobGiver: true, hasJobGiverReview: false, hasInstallerReview: false, theirReviewPresent: false}
Full E2E Tests	Run Regression Suite	2026-01-21T14:35:58.2438871Z [WebServer] [31m[1mΓ¿»[22m[39m upstream image response failed for https://firebasestorage.googleapis.com/v0/b/studio-mock/o/mock.png?alt=media [33m404[39m
Full E2E Tests	Run Regression Suite	2026-01-21T14:35:58.2461887Z [Browser Error]: Failed to load resource: the server responded with a status of 404 (Not Found)
Full E2E Tests	Run Regression Suite	2026-01-21T14:35:58.8189875Z Helper: Job status Completed visible immediately.
Full E2E Tests	Run Regression Suite	2026-01-21T14:35:58.8190961Z [INFO] Phase 9: Reloading to ensure invoice data (IDs) is fully propagated...
Full E2E Tests	Run Regression Suite	2026-01-21T14:35:59.0060669Z Helper: Waiting for job status: Completed. Timeout: 90000ms
Full E2E Tests	Run Regression Suite	2026-01-21T14:35:59.0186226Z [Browser Error]: Failed to load resource: the server responded with a status of 404 (Not Found)
Full E2E Tests	Run Regression Suite	2026-01-21T14:36:02.6044241Z [Browser LOG]: Mounting e2e_directFundJob shim
Full E2E Tests	Run Regression Suite	2026-01-21T14:36:02.6094315Z [Browser LOG]: Service Worker is active.
Full E2E Tests	Run Regression Suite	2026-01-21T14:36:02.6269057Z [Browser LOG]: Unable to get permission to notify.
Full E2E Tests	Run Regression Suite	2026-01-21T14:36:03.2507855Z [Browser LOG]: [RatingSection] Render: {role: Job Giver, isJobGiver: true, hasJobGiverReview: false, hasInstallerReview: false, theirReviewPresent: false}
Full E2E Tests	Run Regression Suite	2026-01-21T14:36:03.2637547Z [Browser LOG]: [RatingSection] Render: {role: Job Giver, isJobGiver: true, hasJobGiverReview: false, hasInstallerReview: false, theirReviewPresent: false}
Full E2E Tests	Run Regression Suite	2026-01-21T14:36:03.2728347Z [Browser LOG]: [RatingSection] Render: {role: Job Giver, isJobGiver: true, hasJobGiverReview: false, hasInstallerReview: false, theirReviewPresent: false}
Full E2E Tests	Run Regression Suite	2026-01-21T14:36:03.3341839Z [WebServer] [31m[1mΓ¿»[22m[39m upstream image response failed for https://firebasestorage.googleapis.com/v0/b/studio-mock/o/mock.png?alt=media [33m404[39m
Full E2E Tests	Run Regression Suite	2026-01-21T14:36:03.3368291Z [Browser Error]: Failed to load resource: the server responded with a status of 404 (Not Found)
Full E2E Tests	Run Regression Suite	2026-01-21T14:36:03.9073374Z Helper: Job status Completed visible immediately.
Full E2E Tests	Run Regression Suite	2026-01-21T14:36:06.9906223Z [Browser LOG]: [RatingSection] Render: {role: Job Giver, isJobGiver: true, hasJobGiverReview: false, hasInstallerReview: false, theirReviewPresent: false}
Full E2E Tests	Run Regression Suite	2026-01-21T14:36:11.0735365Z [PASS] Service Invoice Page Verified
Full E2E Tests	Run Regression Suite	2026-01-21T14:36:16.3223873Z [Phase 9b] Platform Receipt not found initially, reloading...
Full E2E Tests	Run Regression Suite	2026-01-21T14:37:16.4778247Z [WARN] Platform Receipt verification failed locally. Skipping to avoid blocking suite.
Full E2E Tests	Run Regression Suite	2026-01-21T14:37:16.4802345Z [PASS] Phase 9 Complete: Invoice generation verified
Full E2E Tests	Run Regression Suite	2026-01-21T14:37:16.4806998Z --- START: Phase 10 - Verify Review & Rating ---
Full E2E Tests	Run Regression Suite	2026-01-21T14:37:16.5533007Z [Browser LOG]: [RatingSection] Render: {role: Job Giver, isJobGiver: true, hasJobGiverReview: false, hasInstallerReview: false, theirReviewPresent: false}
Full E2E Tests	Run Regression Suite	2026-01-21T14:37:16.5730244Z [Browser LOG]: [RatingSection] Render: {role: Job Giver, isJobGiver: true, hasJobGiverReview: false, hasInstallerReview: false, theirReviewPresent: false}
Full E2E Tests	Run Regression Suite	2026-01-21T14:37:16.6198438Z [Browser LOG]: [handleJobUpdate] Updating job with fields: [jobGiverReview, rating, review]
Full E2E Tests	Run Regression Suite	2026-01-21T14:37:16.6200335Z [Browser LOG]: [RatingSection] Render: {role: Job Giver, isJobGiver: true, hasJobGiverReview: false, hasInstallerReview: false, theirReviewPresent: false}
Full E2E Tests	Run Regression Suite	2026-01-21T14:37:16.6556759Z [PASS] Job Giver Review Submitted (Sealed)
Full E2E Tests	Run Regression Suite	2026-01-21T14:37:16.6557614Z [AuthHelper] Starting logout process...
Full E2E Tests	Run Regression Suite	2026-01-21T14:37:16.7492446Z [AuthHelper] Clicked user menu
Full E2E Tests	Run Regression Suite	2026-01-21T14:37:17.0335755Z [AuthHelper] Clicked logout button
Full E2E Tests	Run Regression Suite	2026-01-21T14:37:17.0845013Z [Browser LOG]: [useUser] Redirecting: /dashboard/jobs/JOB-20260121-CS8H -> /login
Full E2E Tests	Run Regression Suite	2026-01-21T14:37:17.1137606Z [AuthHelper] Redirected to login page
Full E2E Tests	Run Regression Suite	2026-01-21T14:37:17.1141215Z [AuthHelper] Clearing auth persistence...
Full E2E Tests	Run Regression Suite	2026-01-21T14:37:17.1440895Z [Browser Error]: Failed to load resource: the server responded with a status of 404 (Not Found)
Full E2E Tests	Run Regression Suite	2026-01-21T14:37:17.1580374Z [Browser WARNING]: [2026-01-21T14:37:17.155Z]  @firebase/firestore: Firestore (12.4.0): WebChannelConnection RPC 'Listen' stream 0x6d801100 transport errored. Name: undefined Message: undefined
Full E2E Tests	Run Regression Suite	2026-01-21T14:37:17.3462940Z [Browser LOG]: Service Worker registration successful with scope:  http://localhost:3006/
Full E2E Tests	Run Regression Suite	2026-01-21T14:37:17.3547973Z [AuthHelper] Login attempt 1/3 for installer_pro@team4job.com
Full E2E Tests	Run Regression Suite	2026-01-21T14:37:17.3606460Z [Browser Error]: Failed to load resource: the server responded with a status of 404 (Not Found)
Full E2E Tests	Run Regression Suite	2026-01-21T14:37:17.5563706Z [Browser LOG]: Service Worker registration successful with scope:  http://localhost:3006/
Full E2E Tests	Run Regression Suite	2026-01-21T14:37:17.5680312Z [Browser Error]: Failed to load resource: the server responded with a status of 404 (Not Found)
Full E2E Tests	Run Regression Suite	2026-01-21T14:37:17.6512656Z [Browser LOG]: LoginForm: onSubmit called installer_pro@team4job.com
Full E2E Tests	Run Regression Suite	2026-01-21T14:37:17.6514921Z [Browser LOG]: LoginForm: Calling login...
Full E2E Tests	Run Regression Suite	2026-01-21T14:37:17.8611226Z [Browser LOG]: LoginForm: Login result: true
Full E2E Tests	Run Regression Suite	2026-01-21T14:37:18.3613999Z [Browser LOG]: LoginForm: Redirecting to dashboard...
Full E2E Tests	Run Regression Suite	2026-01-21T14:37:18.3721729Z [AuthHelper] Login successful for installer_pro@team4job.com
Full E2E Tests	Run Regression Suite	2026-01-21T14:37:18.3725853Z [AuthHelper] Verifying Installer dashboard (looking for 'Open Jobs')...
Full E2E Tests	Run Regression Suite	2026-01-21T14:37:18.5075762Z [Browser LOG]: Service Worker is active.
Full E2E Tests	Run Regression Suite	2026-01-21T14:37:18.5262476Z [Browser LOG]: Unable to get permission to notify.
Full E2E Tests	Run Regression Suite	2026-01-21T14:37:20.3953634Z [AuthHelper] Already in Installer mode (found 'Open Jobs').
Full E2E Tests	Run Regression Suite	2026-01-21T14:37:20.5714585Z Helper: Waiting for job status: Completed. Timeout: 90000ms
Full E2E Tests	Run Regression Suite	2026-01-21T14:37:20.5827305Z [Browser Error]: Failed to load resource: the server responded with a status of 404 (Not Found)
Full E2E Tests	Run Regression Suite	2026-01-21T14:37:22.7545787Z [Browser LOG]: Mounting e2e_directFundJob shim
Full E2E Tests	Run Regression Suite	2026-01-21T14:37:22.7585277Z [Browser LOG]: Service Worker is active.
Full E2E Tests	Run Regression Suite	2026-01-21T14:37:22.7756076Z [Browser LOG]: Unable to get permission to notify.
Full E2E Tests	Run Regression Suite	2026-01-21T14:37:23.3905306Z [Browser LOG]: [RatingSection] Render: {role: Installer, isJobGiver: false, hasJobGiverReview: false, hasInstallerReview: false, theirReviewPresent: false}
Full E2E Tests	Run Regression Suite	2026-01-21T14:37:23.3940668Z [Browser LOG]: [RatingSection] Render: {role: Installer, isJobGiver: false, hasJobGiverReview: false, hasInstallerReview: false, theirReviewPresent: false}
Full E2E Tests	Run Regression Suite	2026-01-21T14:37:23.4647992Z Helper: Job status Completed visible immediately.
Full E2E Tests	Run Regression Suite	2026-01-21T14:37:23.4879580Z [WebServer] [31m[1mΓ¿»[22m[39m upstream image response failed for https://firebasestorage.googleapis.com/v0/b/studio-mock/o/mock.png?alt=media [33m404[39m
Full E2E Tests	Run Regression Suite	2026-01-21T14:37:23.4907660Z [Browser Error]: Failed to load resource: the server responded with a status of 404 (Not Found)
Full E2E Tests	Run Regression Suite	2026-01-21T14:37:38.4866794Z [INFO] Phase 10: Review not synced yet. Reloading...
Full E2E Tests	Run Regression Suite	2026-01-21T14:37:38.6550839Z [Browser Error]: Failed to load resource: the server responded with a status of 404 (Not Found)
Full E2E Tests	Run Regression Suite	2026-01-21T14:37:40.8242454Z [Browser LOG]: Mounting e2e_directFundJob shim
Full E2E Tests	Run Regression Suite	2026-01-21T14:37:40.8301981Z [Browser LOG]: Service Worker is active.
Full E2E Tests	Run Regression Suite	2026-01-21T14:37:40.8441630Z [Browser LOG]: Unable to get permission to notify.
Full E2E Tests	Run Regression Suite	2026-01-21T14:37:41.7472413Z [Browser LOG]: [RatingSection] Render: {role: Installer, isJobGiver: false, hasJobGiverReview: false, hasInstallerReview: false, theirReviewPresent: false}
Full E2E Tests	Run Regression Suite	2026-01-21T14:37:41.7500606Z [Browser LOG]: [RatingSection] Render: {role: Installer, isJobGiver: false, hasJobGiverReview: false, hasInstallerReview: false, theirReviewPresent: false}
Full E2E Tests	Run Regression Suite	2026-01-21T14:37:41.8402682Z [WebServer] [31m[1mΓ¿»[22m[39m upstream image response failed for https://firebasestorage.googleapis.com/v0/b/studio-mock/o/mock.png?alt=media [33m404[39m
Full E2E Tests	Run Regression Suite	2026-01-21T14:37:41.8428285Z [Browser Error]: Failed to load resource: the server responded with a status of 404 (Not Found)
Full E2E Tests	Run Regression Suite	2026-01-21T14:39:22.1481040Z   Γ£ÿ  2 [chromium] ΓÇ║ tests/e2e/complete-transaction-cycle.spec.ts:18:5 ΓÇ║ Complete Transaction Cycle E2E ΓÇ║ Complete Transaction Cycle: Full 8-Phase Flow (retry #1) (5.0m)
Full E2E Tests	Run Regression Suite	2026-01-21T14:39:22.9733670Z --- START: Phase 1 - Job Giver posts a new job ---
Full E2E Tests	Run Regression Suite	2026-01-21T14:39:22.9747340Z [AuthHelper] Login attempt 1/3 for giver_vip@team4job.com
Full E2E Tests	Run Regression Suite	2026-01-21T14:39:23.3993271Z [Browser LOG]: LoginForm: onSubmit called giver_vip@team4job.com
Full E2E Tests	Run Regression Suite	2026-01-21T14:39:23.3996374Z [Browser LOG]: LoginForm: Calling login...
Full E2E Tests	Run Regression Suite	2026-01-21T14:39:23.6036000Z [Browser LOG]: LoginForm: Login result: true
Full E2E Tests	Run Regression Suite	2026-01-21T14:39:24.1039936Z [Browser LOG]: LoginForm: Redirecting to dashboard...
Full E2E Tests	Run Regression Suite	2026-01-21T14:39:24.1219234Z [AuthHelper] Login successful for giver_vip@team4job.com
Full E2E Tests	Run Regression Suite	2026-01-21T14:39:24.1220475Z [AuthHelper] Verifying Job Giver dashboard (looking for 'Active Jobs')...
Full E2E Tests	Run Regression Suite	2026-01-21T14:39:26.1295838Z [AuthHelper] Already in Job Giver mode (found 'Active Jobs').
Full E2E Tests	Run Regression Suite	2026-01-21T14:39:26.3784360Z [Browser Error]: Failed to load resource: the server responded with a status of 404 (Not Found)
Full E2E Tests	Run Regression Suite	2026-01-21T14:39:26.3816859Z [Browser LOG]: Service Worker registration successful with scope:  http://localhost:3006/
Full E2E Tests	Run Regression Suite	2026-01-21T14:39:30.0298281Z [Browser LOG]: Service Worker is active.
Full E2E Tests	Run Regression Suite	2026-01-21T14:39:30.0438442Z [Browser LOG]: Unable to get permission to notify.
Full E2E Tests	Run Regression Suite	2026-01-21T14:39:30.0550408Z [Browser LOG]: Service Worker is active.
Full E2E Tests	Run Regression Suite	2026-01-21T14:39:30.0583323Z [Browser LOG]: Unable to get permission to notify.
Full E2E Tests	Run Regression Suite	2026-01-21T14:39:30.4414772Z [Browser Error]: Google Maps JavaScript API error: RefererNotAllowedMapError
Full E2E Tests	Run Regression Suite	2026-01-21T14:39:30.4416436Z https://developers.google.com/maps/documentation/javascript/error-messages#referer-not-allowed-map-error
Full E2E Tests	Run Regression Suite	2026-01-21T14:39:30.4417585Z Your site URL to be authorized: http://localhost:3006
Full E2E Tests	Run Regression Suite	2026-01-21T14:39:33.3841747Z [Browser LOG]: HandleSubmitClick triggered
Full E2E Tests	Run Regression Suite	2026-01-21T14:39:33.3853249Z [Browser LOG]: Form submission started with values: {jobTitle: Install 4 CCTV Cameras for Retail Shop - 1769006362930 , jobDescription: Need professional installation of 4 outdoor cameraΓÇªnce, cash counter, storage area, and parking lot., jobCategory: new-installation, skills: CCTV Installation, Wiring, DVR Configuration, travelTip: 0}
Full E2E Tests	Run Regression Suite	2026-01-21T14:39:33.3855943Z TEST: Captured Job ID: JOB-20260121-LRLV 
Full E2E Tests	Run Regression Suite	2026-01-21T14:39:33.3856705Z [Browser LOG]: Creating new job with ID: JOB-20260121-LRLV
Full E2E Tests	Run Regression Suite	2026-01-21T14:39:33.3859641Z [Browser LOG]: Saving job to Firestore: {title: Install 4 CCTV Cameras for Retail Shop - 1769006362930 , description: Need professional installation of 4 outdoor cameraΓÇªnce, cash counter, storage area, and parking lot., jobCategory: new-installation, skills: Array(3), travelTip: 0}
Full E2E Tests	Run Regression Suite	2026-01-21T14:39:33.8410109Z [Browser LOG]: Service Worker is active.
Full E2E Tests	Run Regression Suite	2026-01-21T14:39:33.8433454Z [Browser LOG]: Job saved successfully!
Full E2E Tests	Run Regression Suite	2026-01-21T14:39:33.8454511Z [Browser LOG]: Unable to get permission to notify.
Full E2E Tests	Run Regression Suite	2026-01-21T14:39:34.1580184Z [Browser LOG]: Redirecting to job detail page /dashboard/jobs/JOB-20260121-LRLV...
Full E2E Tests	Run Regression Suite	2026-01-21T14:39:34.1589406Z [Browser LOG]: Form submission completed
Full E2E Tests	Run Regression Suite	2026-01-21T14:39:34.5066301Z [PASS] Phase 1 Complete: Job ID JOB-20260121-LRLV 
Full E2E Tests	Run Regression Suite	2026-01-21T14:39:34.5069063Z --- START: Phase 2 - Installer places a bid ---
Full E2E Tests	Run Regression Suite	2026-01-21T14:39:34.5071605Z [AuthHelper] Starting logout process...
Full E2E Tests	Run Regression Suite	2026-01-21T14:39:34.5986121Z [AuthHelper] Clicked user menu
Full E2E Tests	Run Regression Suite	2026-01-21T14:39:34.8095179Z [Browser LOG]: Mounting e2e_directFundJob shim
Full E2E Tests	Run Regression Suite	2026-01-21T14:39:34.8701397Z [AuthHelper] Clicked logout button
Full E2E Tests	Run Regression Suite	2026-01-21T14:39:34.9287291Z [Browser LOG]: [useUser] Redirecting: /dashboard/jobs/JOB-20260121-LRLV -> /login
Full E2E Tests	Run Regression Suite	2026-01-21T14:39:34.9511560Z [AuthHelper] Redirected to login page
Full E2E Tests	Run Regression Suite	2026-01-21T14:39:34.9512810Z [AuthHelper] Clearing auth persistence...
Full E2E Tests	Run Regression Suite	2026-01-21T14:39:34.9822713Z [Browser WARNING]: [2026-01-21T14:39:34.980Z]  @firebase/firestore: Firestore (12.4.0): WebChannelConnection RPC 'Listen' stream 0x874f0762 transport errored. Name: undefined Message: undefined
Full E2E Tests	Run Regression Suite	2026-01-21T14:39:35.1345817Z [AuthHelper] Login attempt 1/3 for installer_pro@team4job.com
Full E2E Tests	Run Regression Suite	2026-01-21T14:39:35.3124328Z [Browser LOG]: Service Worker registration successful with scope:  http://localhost:3006/
Full E2E Tests	Run Regression Suite	2026-01-21T14:39:35.3150067Z [Browser Error]: Failed to load resource: the server responded with a status of 404 (Not Found)
Full E2E Tests	Run Regression Suite	2026-01-21T14:39:35.3693403Z [Browser LOG]: LoginForm: onSubmit called installer_pro@team4job.com
Full E2E Tests	Run Regression Suite	2026-01-21T14:39:35.3695710Z [Browser LOG]: LoginForm: Calling login...
Full E2E Tests	Run Regression Suite	2026-01-21T14:39:35.5559729Z [Browser LOG]: LoginForm: Login result: true
Full E2E Tests	Run Regression Suite	2026-01-21T14:39:36.0565224Z [Browser LOG]: LoginForm: Redirecting to dashboard...
Full E2E Tests	Run Regression Suite	2026-01-21T14:39:36.0736617Z [AuthHelper] Login successful for installer_pro@team4job.com
Full E2E Tests	Run Regression Suite	2026-01-21T14:39:36.0740098Z [AuthHelper] Verifying Installer dashboard (looking for 'Open Jobs')...
Full E2E Tests	Run Regression Suite	2026-01-21T14:39:38.0797346Z [AuthHelper] 'Open Jobs' not found. Checking if we need a role switch...
Full E2E Tests	Run Regression Suite	2026-01-21T14:39:39.0019132Z [Browser LOG]: Service Worker is active.
Full E2E Tests	Run Regression Suite	2026-01-21T14:39:39.0268036Z [Browser LOG]: Unable to get permission to notify.
Full E2E Tests	Run Regression Suite	2026-01-21T14:39:41.0523529Z [AuthHelper] Role option 'Installer (Working)' NOT found. Visible menu items: [ [32m'Profile'[39m, [32m'Settings'[39m, [32m'Log out'[39m ]
Full E2E Tests	Run Regression Suite	2026-01-21T14:39:41.0684973Z [AuthHelper] Current Page H1: Welcome, Rajesh Pro Installer (Demo)!
Full E2E Tests	Run Regression Suite	2026-01-21T14:39:41.0686464Z [AuthHelper] Dashboard loaded but indicator missed. Proceeding with caution.
Full E2E Tests	Run Regression Suite	2026-01-21T14:39:41.1659418Z [Browser Error]: Failed to load resource: the server responded with a status of 404 (Not Found)
Full E2E Tests	Run Regression Suite	2026-01-21T14:39:41.4418131Z [Browser LOG]: Service Worker registration successful with scope:  http://localhost:3006/
Full E2E Tests	Run Regression Suite	2026-01-21T14:39:44.7411152Z [Browser LOG]: Mounting e2e_directFundJob shim
Full E2E Tests	Run Regression Suite	2026-01-21T14:39:44.7461322Z [Browser LOG]: Service Worker is active.
Full E2E Tests	Run Regression Suite	2026-01-21T14:39:44.7647294Z [Browser LOG]: Unable to get permission to notify.
Full E2E Tests	Run Regression Suite	2026-01-21T14:39:50.4564839Z [PASS] Phase 2 Complete: Bid placed
Full E2E Tests	Run Regression Suite	2026-01-21T14:39:50.4568207Z --- START: Phase 3 - Job Giver awards job ---
Full E2E Tests	Run Regression Suite	2026-01-21T14:39:50.4569378Z [AuthHelper] Starting logout process...
Full E2E Tests	Run Regression Suite	2026-01-21T14:39:50.5155803Z [AuthHelper] Clicked user menu
Full E2E Tests	Run Regression Suite	2026-01-21T14:39:50.7839202Z [AuthHelper] Clicked logout button
Full E2E Tests	Run Regression Suite	2026-01-21T14:39:50.8434139Z [Browser LOG]: [useUser] Redirecting: /dashboard/jobs/JOB-20260121-LRLV -> /login
Full E2E Tests	Run Regression Suite	2026-01-21T14:39:50.8708560Z [AuthHelper] Redirected to login page
Full E2E Tests	Run Regression Suite	2026-01-21T14:39:50.8709734Z [AuthHelper] Clearing auth persistence...
Full E2E Tests	Run Regression Suite	2026-01-21T14:39:50.8827715Z [Browser Error]: Failed to load resource: the server responded with a status of 404 (Not Found)
Full E2E Tests	Run Regression Suite	2026-01-21T14:39:50.8928909Z [Browser WARNING]: [2026-01-21T14:39:50.891Z]  @firebase/firestore: Firestore (12.4.0): WebChannelConnection RPC 'Listen' stream 0x8c9cc8e8 transport errored. Name: undefined Message: undefined
Full E2E Tests	Run Regression Suite	2026-01-21T14:39:50.9927046Z [AuthHelper] Login attempt 1/3 for giver_vip@team4job.com
Full E2E Tests	Run Regression Suite	2026-01-21T14:39:50.9973097Z [Browser LOG]: Service Worker registration successful with scope:  http://localhost:3006/
Full E2E Tests	Run Regression Suite	2026-01-21T14:39:51.0008875Z [Browser Error]: Failed to load resource: the server responded with a status of 404 (Not Found)
Full E2E Tests	Run Regression Suite	2026-01-21T14:39:51.1009508Z [Browser LOG]: Service Worker registration successful with scope:  http://localhost:3006/
Full E2E Tests	Run Regression Suite	2026-01-21T14:39:51.1068983Z [Browser Error]: Failed to load resource: the server responded with a status of 404 (Not Found)
Full E2E Tests	Run Regression Suite	2026-01-21T14:39:51.1629428Z [Browser LOG]: LoginForm: onSubmit called giver_vip@team4job.com
Full E2E Tests	Run Regression Suite	2026-01-21T14:39:51.1631381Z [Browser LOG]: LoginForm: Calling login...
Full E2E Tests	Run Regression Suite	2026-01-21T14:39:51.3350236Z [Browser LOG]: LoginForm: Login result: true
Full E2E Tests	Run Regression Suite	2026-01-21T14:39:51.8354785Z [Browser LOG]: LoginForm: Redirecting to dashboard...
Full E2E Tests	Run Regression Suite	2026-01-21T14:39:51.8448986Z [AuthHelper] Login successful for giver_vip@team4job.com
Full E2E Tests	Run Regression Suite	2026-01-21T14:39:51.8450065Z [AuthHelper] Verifying Job Giver dashboard (looking for 'Active Jobs')...
Full E2E Tests	Run Regression Suite	2026-01-21T14:39:53.4141975Z [Browser LOG]: Service Worker is active.
Full E2E Tests	Run Regression Suite	2026-01-21T14:39:53.4319710Z [Browser LOG]: Unable to get permission to notify.
Full E2E Tests	Run Regression Suite	2026-01-21T14:39:53.8499417Z [AuthHelper] Already in Job Giver mode (found 'Active Jobs').
Full E2E Tests	Run Regression Suite	2026-01-21T14:39:53.9380027Z [Browser LOG]: Service Worker registration successful with scope:  http://localhost:3006/
Full E2E Tests	Run Regression Suite	2026-01-21T14:39:53.9493057Z [Browser Error]: Failed to load resource: the server responded with a status of 404 (Not Found)
Full E2E Tests	Run Regression Suite	2026-01-21T14:39:57.5323400Z [Browser LOG]: Mounting e2e_directFundJob shim
Full E2E Tests	Run Regression Suite	2026-01-21T14:39:57.5365091Z [Browser LOG]: Service Worker is active.
Full E2E Tests	Run Regression Suite	2026-01-21T14:39:57.5567212Z [Browser LOG]: Unable to get permission to notify.
Full E2E Tests	Run Regression Suite	2026-01-21T14:39:58.8613791Z [Browser LOG]: [handleJobUpdate] Updating job with fields: [status, awardedInstaller, awardedInstallerId, selectedInstallers]
Full E2E Tests	Run Regression Suite	2026-01-21T14:40:01.2209636Z [Browser LOG]: [handleJobUpdate] Update successful
Full E2E Tests	Run Regression Suite	2026-01-21T14:40:01.7351648Z [PASS] Phase 3 Complete: Offer sent
Full E2E Tests	Run Regression Suite	2026-01-21T14:40:01.7352382Z --- START: Phase 4 - Installer accepts job ---
Full E2E Tests	Run Regression Suite	2026-01-21T14:40:01.7607114Z [INFO] Seeded installer payouts via API
Full E2E Tests	Run Regression Suite	2026-01-21T14:40:01.7607801Z [AuthHelper] Starting logout process...
Full E2E Tests	Run Regression Suite	2026-01-21T14:40:01.8358996Z [AuthHelper] Clicked user menu
Full E2E Tests	Run Regression Suite	2026-01-21T14:40:02.0192735Z [AuthHelper] Clicked logout button
Full E2E Tests	Run Regression Suite	2026-01-21T14:40:02.0745383Z [Browser LOG]: [useUser] Redirecting: /dashboard/jobs/JOB-20260121-LRLV -> /login
Full E2E Tests	Run Regression Suite	2026-01-21T14:40:02.1025221Z [AuthHelper] Redirected to login page
Full E2E Tests	Run Regression Suite	2026-01-21T14:40:02.1026187Z [AuthHelper] Clearing auth persistence...
Full E2E Tests	Run Regression Suite	2026-01-21T14:40:02.1247266Z [Browser WARNING]: [2026-01-21T14:40:02.122Z]  @firebase/firestore: Firestore (12.4.0): WebChannelConnection RPC 'Listen' stream 0x870fd176 transport errored. Name: undefined Message: undefined
Full E2E Tests	Run Regression Suite	2026-01-21T14:40:02.1859670Z [AuthHelper] Login attempt 1/3 for installer_pro@team4job.com
Full E2E Tests	Run Regression Suite	2026-01-21T14:40:02.3193849Z [Browser LOG]: Service Worker registration successful with scope:  http://localhost:3006/
Full E2E Tests	Run Regression Suite	2026-01-21T14:40:02.3196512Z [Browser Error]: Failed to load resource: the server responded with a status of 404 (Not Found)
Full E2E Tests	Run Regression Suite	2026-01-21T14:40:02.3727340Z [Browser LOG]: LoginForm: onSubmit called installer_pro@team4job.com
Full E2E Tests	Run Regression Suite	2026-01-21T14:40:02.3728525Z [Browser LOG]: LoginForm: Calling login...
Full E2E Tests	Run Regression Suite	2026-01-21T14:40:02.5647171Z [Browser LOG]: LoginForm: Login result: true
Full E2E Tests	Run Regression Suite	2026-01-21T14:40:03.0650068Z [Browser LOG]: LoginForm: Redirecting to dashboard...
Full E2E Tests	Run Regression Suite	2026-01-21T14:40:03.0738951Z [AuthHelper] Login successful for installer_pro@team4job.com
Full E2E Tests	Run Regression Suite	2026-01-21T14:40:03.0740363Z [AuthHelper] Verifying Installer dashboard (looking for 'Open Jobs')...
Full E2E Tests	Run Regression Suite	2026-01-21T14:40:04.6110919Z [Browser LOG]: Service Worker is active.
Full E2E Tests	Run Regression Suite	2026-01-21T14:40:04.6276156Z [Browser LOG]: Unable to get permission to notify.
Full E2E Tests	Run Regression Suite	2026-01-21T14:40:05.0790702Z [AuthHelper] Already in Installer mode (found 'Open Jobs').
Full E2E Tests	Run Regression Suite	2026-01-21T14:40:05.1664591Z [Browser LOG]: Service Worker registration successful with scope:  http://localhost:3006/
Full E2E Tests	Run Regression Suite	2026-01-21T14:40:05.1720276Z [Browser Error]: Failed to load resource: the server responded with a status of 404 (Not Found)
Full E2E Tests	Run Regression Suite	2026-01-21T14:40:08.7282615Z [Browser LOG]: Mounting e2e_directFundJob shim
Full E2E Tests	Run Regression Suite	2026-01-21T14:40:08.7330901Z [Browser LOG]: Service Worker is active.
Full E2E Tests	Run Regression Suite	2026-01-21T14:40:08.7526506Z [Browser LOG]: Unable to get permission to notify.
Full E2E Tests	Run Regression Suite	2026-01-21T14:40:09.5105736Z [Browser LOG]: InstallerAcceptanceSection: Accept clicked {payouts: Object, id: 0m3OOuAJ21SFqQ9mXFUqsq347CA3}
Full E2E Tests	Run Regression Suite	2026-01-21T14:40:09.5107412Z [Browser LOG]: InstallerAcceptanceSection: Conflict query started for user 0m3OOuAJ21SFqQ9mXFUqsq347CA3
Full E2E Tests	Run Regression Suite	2026-01-21T14:40:10.0053130Z [Browser LOG]: InstallerAcceptanceSection: Conflict check complete {conflictsCount: 0}
Full E2E Tests	Run Regression Suite	2026-01-21T14:40:10.0154310Z E2E: No Conflict Dialog detected.
Full E2E Tests	Run Regression Suite	2026-01-21T14:40:11.7716298Z [Browser LOG]: [handleJobUpdate] Updating job with fields: [awardedInstaller, status, selectedInstallers, acceptanceDeadline, fundingDeadline]
Full E2E Tests	Run Regression Suite	2026-01-21T14:40:15.5144864Z [Browser LOG]: [handleJobUpdate] Update successful
Full E2E Tests	Run Regression Suite	2026-01-21T14:40:15.8959723Z Helper: Waiting for job status: Pending Funding. Timeout: 90000ms
Full E2E Tests	Run Regression Suite	2026-01-21T14:40:15.9000165Z Helper: Job status Pending Funding visible immediately.
Full E2E Tests	Run Regression Suite	2026-01-21T14:40:15.9000857Z [PASS] Phase 4 Complete: Job accepted
Full E2E Tests	Run Regression Suite	2026-01-21T14:40:15.9001442Z --- START: Phase 5 - Job Giver funds escrow ---
Full E2E Tests	Run Regression Suite	2026-01-21T14:40:15.9002180Z [AuthHelper] Login attempt 1/3 for giver_vip@team4job.com
Full E2E Tests	Run Regression Suite	2026-01-21T14:40:16.0002952Z [Browser LOG]: Service Worker registration successful with scope:  http://localhost:3006/
Full E2E Tests	Run Regression Suite	2026-01-21T14:40:16.0097251Z [Browser Error]: Failed to load resource: the server responded with a status of 404 (Not Found)
Full E2E Tests	Run Regression Suite	2026-01-21T14:40:16.0579670Z [Browser LOG]: LoginForm: onSubmit called giver_vip@team4job.com
Full E2E Tests	Run Regression Suite	2026-01-21T14:40:16.0580474Z [Browser LOG]: LoginForm: Calling login...
Full E2E Tests	Run Regression Suite	2026-01-21T14:40:16.2592256Z [Browser LOG]: LoginForm: Login result: true
Full E2E Tests	Run Regression Suite	2026-01-21T14:40:16.7593475Z [Browser LOG]: LoginForm: Redirecting to dashboard...
Full E2E Tests	Run Regression Suite	2026-01-21T14:40:16.7685361Z [AuthHelper] Login successful for giver_vip@team4job.com
Full E2E Tests	Run Regression Suite	2026-01-21T14:40:16.7689111Z [AuthHelper] Verifying Job Giver dashboard (looking for 'Active Jobs')...
Full E2E Tests	Run Regression Suite	2026-01-21T14:40:18.2874267Z [Browser Error]: Error listening to user document: FirebaseError: Missing or insufficient permissions.
Full E2E Tests	Run Regression Suite	2026-01-21T14:40:18.3216185Z [Browser LOG]: Service Worker is active.
Full E2E Tests	Run Regression Suite	2026-01-21T14:40:18.3362507Z [Browser LOG]: Unable to get permission to notify.
Full E2E Tests	Run Regression Suite	2026-01-21T14:40:18.7749203Z [AuthHelper] Already in Job Giver mode (found 'Active Jobs').
Full E2E Tests	Run Regression Suite	2026-01-21T14:40:18.8617790Z [Browser LOG]: Service Worker registration successful with scope:  http://localhost:3006/
Full E2E Tests	Run Regression Suite	2026-01-21T14:40:18.8680580Z [Browser Error]: Failed to load resource: the server responded with a status of 404 (Not Found)
Full E2E Tests	Run Regression Suite	2026-01-21T14:40:21.0655127Z [Browser LOG]: Mounting e2e_directFundJob shim
Full E2E Tests	Run Regression Suite	2026-01-21T14:40:21.0716761Z [Browser LOG]: Service Worker is active.
Full E2E Tests	Run Regression Suite	2026-01-21T14:40:21.0944240Z [Browser LOG]: Unable to get permission to notify.
Full E2E Tests	Run Regression Suite	2026-01-21T14:40:22.2526667Z [Browser LOG]: Triggering e2e_directFundJob from Playwright
Full E2E Tests	Run Regression Suite	2026-01-21T14:40:22.2530844Z [Browser LOG]: [E2E Client] handleDirectConfirm calling with jobID: JOB-20260121-LRLV Token present: true
Full E2E Tests	Run Regression Suite	2026-01-21T14:40:23.2320424Z [Browser LOG]: [E2E Client] Fund Success: {success: true, transactionId: TXN-JOB-20260121-LRLV-1769006422596, startOtp: 687856}
Full E2E Tests	Run Regression Suite	2026-01-21T14:40:26.4352956Z Helper: Waiting for job status: In Progress. Timeout: 90000ms
Full E2E Tests	Run Regression Suite	2026-01-21T14:40:26.4459865Z [Browser LOG]: Service Worker registration successful with scope:  http://localhost:3006/
Full E2E Tests	Run Regression Suite	2026-01-21T14:40:26.4506938Z [Browser Error]: Failed to load resource: the server responded with a status of 404 (Not Found)
Full E2E Tests	Run Regression Suite	2026-01-21T14:40:28.6033121Z [Browser LOG]: Mounting e2e_directFundJob shim
Full E2E Tests	Run Regression Suite	2026-01-21T14:40:28.6077434Z [Browser LOG]: Service Worker is active.
Full E2E Tests	Run Regression Suite	2026-01-21T14:40:28.6275292Z [Browser LOG]: Unable to get permission to notify.
Full E2E Tests	Run Regression Suite	2026-01-21T14:40:29.3160953Z Helper: Job status In Progress visible immediately.
Full E2E Tests	Run Regression Suite	2026-01-21T14:40:29.3227991Z [PASS] Phase 5 Complete: Funded, OTP: 687856 
Full E2E Tests	Run Regression Suite	2026-01-21T14:40:29.3229007Z --- START: Phase 6 - Installer starts work ---
Full E2E Tests	Run Regression Suite	2026-01-21T14:40:29.3229859Z [AuthHelper] Login attempt 1/3 for installer_pro@team4job.com
Full E2E Tests	Run Regression Suite	2026-01-21T14:40:29.4216243Z [Browser LOG]: Service Worker registration successful with scope:  http://localhost:3006/
Full E2E Tests	Run Regression Suite	2026-01-21T14:40:29.4320579Z [Browser Error]: Failed to load resource: the server responded with a status of 404 (Not Found)
Full E2E Tests	Run Regression Suite	2026-01-21T14:40:29.4844615Z [Browser LOG]: LoginForm: onSubmit called installer_pro@team4job.com
Full E2E Tests	Run Regression Suite	2026-01-21T14:40:29.4845343Z [Browser LOG]: LoginForm: Calling login...
Full E2E Tests	Run Regression Suite	2026-01-21T14:40:29.6580712Z [Browser LOG]: LoginForm: Login result: true
Full E2E Tests	Run Regression Suite	2026-01-21T14:40:30.1583081Z [Browser LOG]: LoginForm: Redirecting to dashboard...
Full E2E Tests	Run Regression Suite	2026-01-21T14:40:30.1682099Z [AuthHelper] Login successful for installer_pro@team4job.com
Full E2E Tests	Run Regression Suite	2026-01-21T14:40:30.1682985Z [AuthHelper] Verifying Installer dashboard (looking for 'Open Jobs')...
Full E2E Tests	Run Regression Suite	2026-01-21T14:40:31.7160286Z [Browser Error]: Error listening to user document: FirebaseError: Missing or insufficient permissions.
Full E2E Tests	Run Regression Suite	2026-01-21T14:40:31.7494520Z [Browser LOG]: Service Worker is active.
Full E2E Tests	Run Regression Suite	2026-01-21T14:40:31.7686004Z [Browser LOG]: Unable to get permission to notify.
Full E2E Tests	Run Regression Suite	2026-01-21T14:40:31.7740360Z [Browser LOG]: Service Worker is active.
Full E2E Tests	Run Regression Suite	2026-01-21T14:40:31.7859454Z [Browser LOG]: Unable to get permission to notify.
Full E2E Tests	Run Regression Suite	2026-01-21T14:40:32.1743917Z [AuthHelper] Already in Installer mode (found 'Open Jobs').
Full E2E Tests	Run Regression Suite	2026-01-21T14:40:32.1793366Z [DEBUG] Phase 6: Navigating to job detail. JobID: JOB-20260121-LRLV
Full E2E Tests	Run Regression Suite	2026-01-21T14:40:32.1794436Z [DEBUG] Target URL: /dashboard/jobs/JOB-20260121-LRLV
Full E2E Tests	Run Regression Suite	2026-01-21T14:40:32.1862308Z [Browser WARNING]: [2026-01-21T14:40:32.184Z]  @firebase/firestore: Firestore (12.4.0): WebChannelConnection RPC 'Write' stream 0x6fafd4a5 transport errored. Name: undefined Message: undefined
Full E2E Tests	Run Regression Suite	2026-01-21T14:40:32.2573714Z [Browser LOG]: Service Worker registration successful with scope:  http://localhost:3006/
Full E2E Tests	Run Regression Suite	2026-01-21T14:40:32.2738740Z [Browser Error]: Failed to load resource: the server responded with a status of 404 (Not Found)
Full E2E Tests	Run Regression Suite	2026-01-21T14:40:34.4789176Z [Browser LOG]: Mounting e2e_directFundJob shim
Full E2E Tests	Run Regression Suite	2026-01-21T14:40:34.4823949Z [Browser LOG]: Service Worker is active.
Full E2E Tests	Run Regression Suite	2026-01-21T14:40:34.5025074Z [Browser LOG]: Unable to get permission to notify.
Full E2E Tests	Run Regression Suite	2026-01-21T14:40:34.5079749Z [Browser LOG]: Service Worker is active.
Full E2E Tests	Run Regression Suite	2026-01-21T14:40:34.5125333Z [Browser LOG]: Unable to get permission to notify.
Full E2E Tests	Run Regression Suite	2026-01-21T14:40:36.2535869Z [Browser LOG]: [handleJobUpdate] Updating job with fields: [workStartedAt]
Full E2E Tests	Run Regression Suite	2026-01-21T14:40:36.5083133Z [PASS] Phase 6 Complete: Work started
Full E2E Tests	Run Regression Suite	2026-01-21T14:40:36.5083838Z --- START: Phase 7 - Installer completes work ---
Full E2E Tests	Run Regression Suite	2026-01-21T14:40:36.5765930Z [Browser LOG]: [handleJobUpdate] Updating job with fields: [status, attachments]
Full E2E Tests	Run Regression Suite	2026-01-21T14:40:36.6930037Z [WebServer] [31m[1mΓ¿»[22m[39m upstream image response failed for https://firebasestorage.googleapis.com/v0/b/studio-mock/o/mock.png?alt=media [33m404[39m
Full E2E Tests	Run Regression Suite	2026-01-21T14:40:36.6951604Z [Browser Error]: Failed to load resource: the server responded with a status of 404 (Not Found)
Full E2E Tests	Run Regression Suite	2026-01-21T14:40:38.2543900Z [Browser LOG]: Service Worker is active.
Full E2E Tests	Run Regression Suite	2026-01-21T14:40:38.2577941Z [Browser LOG]: Unable to get permission to notify.
Full E2E Tests	Run Regression Suite	2026-01-21T14:40:38.2578731Z [Browser LOG]: [handleJobUpdate] Update successful
Full E2E Tests	Run Regression Suite	2026-01-21T14:40:38.2689201Z [Browser LOG]: [handleJobUpdate] Update successful
Full E2E Tests	Run Regression Suite	2026-01-21T14:40:38.4470837Z Helper: Waiting for job status: Pending Confirmation. Timeout: 90000ms
Full E2E Tests	Run Regression Suite	2026-01-21T14:40:38.4508320Z Helper: Job status Pending Confirmation visible immediately.
Full E2E Tests	Run Regression Suite	2026-01-21T14:40:38.4509310Z [PASS] Phase 7 Complete: Work submitted and status persisted
Full E2E Tests	Run Regression Suite	2026-01-21T14:40:38.4510155Z --- START: Phase 8 - Job Giver approves work ---
Full E2E Tests	Run Regression Suite	2026-01-21T14:40:38.4510853Z [AuthHelper] Starting logout process...
Full E2E Tests	Run Regression Suite	2026-01-21T14:40:38.5111210Z [AuthHelper] Clicked user menu
Full E2E Tests	Run Regression Suite	2026-01-21T14:40:38.7810538Z [AuthHelper] Clicked logout button
Full E2E Tests	Run Regression Suite	2026-01-21T14:40:38.8393717Z [Browser LOG]: [useUser] Redirecting: /dashboard/jobs/JOB-20260121-LRLV -> /login
Full E2E Tests	Run Regression Suite	2026-01-21T14:40:38.8624266Z [AuthHelper] Redirected to login page
Full E2E Tests	Run Regression Suite	2026-01-21T14:40:38.8624991Z [AuthHelper] Clearing auth persistence...
Full E2E Tests	Run Regression Suite	2026-01-21T14:40:38.8786592Z [Browser Error]: Failed to load resource: the server responded with a status of 404 (Not Found)
Full E2E Tests	Run Regression Suite	2026-01-21T14:40:38.8815753Z [Browser WARNING]: [2026-01-21T14:40:38.880Z]  @firebase/firestore: Firestore (12.4.0): WebChannelConnection RPC 'Listen' stream 0x15827e9f transport errored. Name: undefined Message: undefined
Full E2E Tests	Run Regression Suite	2026-01-21T14:40:38.9824509Z [AuthHelper] Login attempt 1/3 for giver_vip@team4job.com
Full E2E Tests	Run Regression Suite	2026-01-21T14:40:38.9891767Z [Browser LOG]: Service Worker registration successful with scope:  http://localhost:3006/
Full E2E Tests	Run Regression Suite	2026-01-21T14:40:39.0837742Z [Browser LOG]: Service Worker registration successful with scope:  http://localhost:3006/
Full E2E Tests	Run Regression Suite	2026-01-21T14:40:39.0944343Z [Browser Error]: Failed to load resource: the server responded with a status of 404 (Not Found)
Full E2E Tests	Run Regression Suite	2026-01-21T14:40:39.1376523Z [Browser LOG]: LoginForm: onSubmit called giver_vip@team4job.com
Full E2E Tests	Run Regression Suite	2026-01-21T14:40:39.1377376Z [Browser LOG]: LoginForm: Calling login...
Full E2E Tests	Run Regression Suite	2026-01-21T14:40:39.3098627Z [Browser LOG]: LoginForm: Login result: true
Full E2E Tests	Run Regression Suite	2026-01-21T14:40:39.8100402Z [Browser LOG]: LoginForm: Redirecting to dashboard...
Full E2E Tests	Run Regression Suite	2026-01-21T14:40:39.8191520Z [AuthHelper] Login successful for giver_vip@team4job.com
Full E2E Tests	Run Regression Suite	2026-01-21T14:40:39.8193674Z [AuthHelper] Verifying Job Giver dashboard (looking for 'Active Jobs')...
Full E2E Tests	Run Regression Suite	2026-01-21T14:40:41.3823475Z [Browser LOG]: Service Worker is active.
Full E2E Tests	Run Regression Suite	2026-01-21T14:40:41.3958709Z [Browser LOG]: Unable to get permission to notify.
Full E2E Tests	Run Regression Suite	2026-01-21T14:40:41.8261105Z [AuthHelper] Already in Job Giver mode (found 'Active Jobs').
Full E2E Tests	Run Regression Suite	2026-01-21T14:40:41.9117169Z [Browser LOG]: Service Worker registration successful with scope:  http://localhost:3006/
Full E2E Tests	Run Regression Suite	2026-01-21T14:40:41.9171083Z [Browser Error]: Failed to load resource: the server responded with a status of 404 (Not Found)
Full E2E Tests	Run Regression Suite	2026-01-21T14:40:45.4995182Z [Browser LOG]: Mounting e2e_directFundJob shim
Full E2E Tests	Run Regression Suite	2026-01-21T14:40:45.5046671Z [Browser LOG]: Service Worker is active.
Full E2E Tests	Run Regression Suite	2026-01-21T14:40:45.5240955Z [Browser LOG]: Unable to get permission to notify.
Full E2E Tests	Run Regression Suite	2026-01-21T14:40:46.2178183Z [WebServer] [31m[1mΓ¿»[22m[39m upstream image response failed for https://firebasestorage.googleapis.com/v0/b/studio-mock/o/mock.png?alt=media [33m404[39m
Full E2E Tests	Run Regression Suite	2026-01-21T14:40:46.2200352Z [Browser Error]: Failed to load resource: the server responded with a status of 404 (Not Found)
Full E2E Tests	Run Regression Suite	2026-01-21T14:40:48.9318960Z [Browser LOG]: [RatingSection] Render: {role: Job Giver, isJobGiver: true, hasJobGiverReview: false, hasInstallerReview: false, theirReviewPresent: false}
Full E2E Tests	Run Regression Suite	2026-01-21T14:40:48.9398583Z [Browser LOG]: [RatingSection] Render: {role: Job Giver, isJobGiver: true, hasJobGiverReview: false, hasInstallerReview: false, theirReviewPresent: false}
Full E2E Tests	Run Regression Suite	2026-01-21T14:40:49.5357350Z [Browser LOG]: [RatingSection] Render: {role: Job Giver, isJobGiver: true, hasJobGiverReview: false, hasInstallerReview: false, theirReviewPresent: false}
Full E2E Tests	Run Regression Suite	2026-01-21T14:40:49.5542645Z [Browser LOG]: [RatingSection] Render: {role: Job Giver, isJobGiver: true, hasJobGiverReview: false, hasInstallerReview: false, theirReviewPresent: false}
Full E2E Tests	Run Regression Suite	2026-01-21T14:40:49.6981360Z Helper: Waiting for job status: Completed. Timeout: 90000ms
Full E2E Tests	Run Regression Suite	2026-01-21T14:40:49.7016295Z Helper: Job status Completed visible immediately.
Full E2E Tests	Run Regression Suite	2026-01-21T14:40:49.7017017Z [PASS] Phase 8 Complete: Job Completed
Full E2E Tests	Run Regression Suite	2026-01-21T14:40:49.7017715Z --- START: Phase 9 - Verify Invoice Generation ---
Full E2E Tests	Run Regression Suite	2026-01-21T14:40:49.7088955Z [Browser WARNING]: [2026-01-21T14:40:49.707Z]  @firebase/firestore: Firestore (12.4.0): WebChannelConnection RPC 'Write' stream 0x52262388 transport errored. Name: undefined Message: undefined
Full E2E Tests	Run Regression Suite	2026-01-21T14:40:49.7771861Z Helper: Waiting for job status: Completed. Timeout: 90000ms
Full E2E Tests	Run Regression Suite	2026-01-21T14:40:49.7825930Z [Browser LOG]: Service Worker registration successful with scope:  http://localhost:3006/
Full E2E Tests	Run Regression Suite	2026-01-21T14:40:49.7868533Z [Browser Error]: Failed to load resource: the server responded with a status of 404 (Not Found)
Full E2E Tests	Run Regression Suite	2026-01-21T14:40:51.9932617Z [Browser LOG]: Mounting e2e_directFundJob shim
Full E2E Tests	Run Regression Suite	2026-01-21T14:40:51.9987638Z [Browser LOG]: Service Worker is active.
Full E2E Tests	Run Regression Suite	2026-01-21T14:40:52.0161587Z [Browser LOG]: Unable to get permission to notify.
Full E2E Tests	Run Regression Suite	2026-01-21T14:40:52.6279612Z [Browser LOG]: [RatingSection] Render: {role: Job Giver, isJobGiver: true, hasJobGiverReview: false, hasInstallerReview: false, theirReviewPresent: false}
Full E2E Tests	Run Regression Suite	2026-01-21T14:40:52.6314516Z [Browser LOG]: [RatingSection] Render: {role: Job Giver, isJobGiver: true, hasJobGiverReview: false, hasInstallerReview: false, theirReviewPresent: false}
Full E2E Tests	Run Regression Suite	2026-01-21T14:40:52.6586699Z [Browser LOG]: [RatingSection] Render: {role: Job Giver, isJobGiver: true, hasJobGiverReview: false, hasInstallerReview: false, theirReviewPresent: false}
Full E2E Tests	Run Regression Suite	2026-01-21T14:40:52.6625436Z Helper: Job status Completed visible immediately.
Full E2E Tests	Run Regression Suite	2026-01-21T14:40:52.6628041Z [INFO] Phase 9: Reloading to ensure invoice data (IDs) is fully propagated...
Full E2E Tests	Run Regression Suite	2026-01-21T14:40:52.6775024Z [WebServer] [31m[1mΓ¿»[22m[39m upstream image response failed for https://firebasestorage.googleapis.com/v0/b/studio-mock/o/mock.png?alt=media [33m404[39m
Full E2E Tests	Run Regression Suite	2026-01-21T14:40:52.7431853Z Helper: Waiting for job status: Completed. Timeout: 90000ms
Full E2E Tests	Run Regression Suite	2026-01-21T14:40:52.7504198Z [Browser LOG]: Service Worker registration successful with scope:  http://localhost:3006/
Full E2E Tests	Run Regression Suite	2026-01-21T14:40:52.7510506Z [Browser Error]: Failed to load resource: the server responded with a status of 404 (Not Found)
Full E2E Tests	Run Regression Suite	2026-01-21T14:40:54.9359962Z [Browser LOG]: Mounting e2e_directFundJob shim
Full E2E Tests	Run Regression Suite	2026-01-21T14:40:54.9382070Z [Browser LOG]: Service Worker is active.
Full E2E Tests	Run Regression Suite	2026-01-21T14:40:54.9609951Z [Browser LOG]: Unable to get permission to notify.
Full E2E Tests	Run Regression Suite	2026-01-21T14:40:55.8239499Z [Browser LOG]: [RatingSection] Render: {role: Job Giver, isJobGiver: true, hasJobGiverReview: false, hasInstallerReview: false, theirReviewPresent: false}
Full E2E Tests	Run Regression Suite	2026-01-21T14:40:55.8283156Z [Browser LOG]: [RatingSection] Render: {role: Job Giver, isJobGiver: true, hasJobGiverReview: false, hasInstallerReview: false, theirReviewPresent: false}
Full E2E Tests	Run Regression Suite	2026-01-21T14:40:55.8561647Z [Browser LOG]: [RatingSection] Render: {role: Job Giver, isJobGiver: true, hasJobGiverReview: false, hasInstallerReview: false, theirReviewPresent: false}
Full E2E Tests	Run Regression Suite	2026-01-21T14:40:55.8911400Z [WebServer] [31m[1mΓ¿»[22m[39m upstream image response failed for https://firebasestorage.googleapis.com/v0/b/studio-mock/o/mock.png?alt=media [33m404[39m
Full E2E Tests	Run Regression Suite	2026-01-21T14:40:55.8932212Z [Browser Error]: Failed to load resource: the server responded with a status of 404 (Not Found)
Full E2E Tests	Run Regression Suite	2026-01-21T14:40:56.6295132Z Helper: Job status Completed visible immediately.
Full E2E Tests	Run Regression Suite	2026-01-21T14:40:59.6900309Z [Browser LOG]: [RatingSection] Render: {role: Job Giver, isJobGiver: true, hasJobGiverReview: false, hasInstallerReview: false, theirReviewPresent: false}
Full E2E Tests	Run Regression Suite	2026-01-21T14:41:05.6462515Z [PASS] Service Invoice Page Verified
Full E2E Tests	Run Regression Suite	2026-01-21T14:41:10.7974981Z [Phase 9b] Platform Receipt not found initially, reloading...
Full E2E Tests	Run Regression Suite	2026-01-21T14:42:10.8353637Z [WARN] Platform Receipt verification failed locally. Skipping to avoid blocking suite.
Full E2E Tests	Run Regression Suite	2026-01-21T14:42:10.8359955Z [PASS] Phase 9 Complete: Invoice generation verified
Full E2E Tests	Run Regression Suite	2026-01-21T14:42:10.8360747Z --- START: Phase 10 - Verify Review & Rating ---
Full E2E Tests	Run Regression Suite	2026-01-21T14:42:10.9055922Z [Browser LOG]: [RatingSection] Render: {role: Job Giver, isJobGiver: true, hasJobGiverReview: false, hasInstallerReview: false, theirReviewPresent: false}
Full E2E Tests	Run Regression Suite	2026-01-21T14:42:10.9235691Z [Browser LOG]: [RatingSection] Render: {role: Job Giver, isJobGiver: true, hasJobGiverReview: false, hasInstallerReview: false, theirReviewPresent: false}
Full E2E Tests	Run Regression Suite	2026-01-21T14:42:10.9560096Z [Browser LOG]: [handleJobUpdate] Updating job with fields: [jobGiverReview, rating, review]
Full E2E Tests	Run Regression Suite	2026-01-21T14:42:10.9562917Z [Browser LOG]: [RatingSection] Render: {role: Job Giver, isJobGiver: true, hasJobGiverReview: false, hasInstallerReview: false, theirReviewPresent: false}
Full E2E Tests	Run Regression Suite	2026-01-21T14:42:11.0744104Z [PASS] Job Giver Review Submitted (Sealed)
Full E2E Tests	Run Regression Suite	2026-01-21T14:42:11.0745186Z [AuthHelper] Starting logout process...
Full E2E Tests	Run Regression Suite	2026-01-21T14:42:11.1444919Z [AuthHelper] Clicked user menu
Full E2E Tests	Run Regression Suite	2026-01-21T14:42:11.4149844Z [AuthHelper] Clicked logout button
Full E2E Tests	Run Regression Suite	2026-01-21T14:42:11.4698693Z [Browser LOG]: [useUser] Redirecting: /dashboard/jobs/JOB-20260121-LRLV -> /login
Full E2E Tests	Run Regression Suite	2026-01-21T14:42:11.5020330Z [AuthHelper] Redirected to login page
Full E2E Tests	Run Regression Suite	2026-01-21T14:42:11.5022699Z [AuthHelper] Clearing auth persistence...
Full E2E Tests	Run Regression Suite	2026-01-21T14:42:11.5089566Z [Browser Error]: Failed to load resource: the server responded with a status of 404 (Not Found)
Full E2E Tests	Run Regression Suite	2026-01-21T14:42:11.5261136Z [Browser WARNING]: [2026-01-21T14:42:11.524Z]  @firebase/firestore: Firestore (12.4.0): WebChannelConnection RPC 'Listen' stream 0x1198b04b transport errored. Name: undefined Message: undefined
Full E2E Tests	Run Regression Suite	2026-01-21T14:42:11.6056044Z [AuthHelper] Login attempt 1/3 for installer_pro@team4job.com
Full E2E Tests	Run Regression Suite	2026-01-21T14:42:11.7285733Z [Browser Error]: Failed to load resource: the server responded with a status of 404 (Not Found)
Full E2E Tests	Run Regression Suite	2026-01-21T14:42:11.7774201Z [Browser LOG]: LoginForm: onSubmit called installer_pro@team4job.com
Full E2E Tests	Run Regression Suite	2026-01-21T14:42:11.7777598Z [Browser LOG]: LoginForm: Calling login...
Full E2E Tests	Run Regression Suite	2026-01-21T14:42:11.9866624Z [Browser LOG]: LoginForm: Login result: true
Full E2E Tests	Run Regression Suite	2026-01-21T14:42:12.4871465Z [Browser LOG]: LoginForm: Redirecting to dashboard...
Full E2E Tests	Run Regression Suite	2026-01-21T14:42:12.4967367Z [AuthHelper] Login successful for installer_pro@team4job.com
Full E2E Tests	Run Regression Suite	2026-01-21T14:42:12.4968422Z [AuthHelper] Verifying Installer dashboard (looking for 'Open Jobs')...
Full E2E Tests	Run Regression Suite	2026-01-21T14:42:14.0360063Z [Browser LOG]: Service Worker is active.
Full E2E Tests	Run Regression Suite	2026-01-21T14:42:14.0511769Z [Browser LOG]: Unable to get permission to notify.
Full E2E Tests	Run Regression Suite	2026-01-21T14:42:14.5031668Z [AuthHelper] Already in Installer mode (found 'Open Jobs').
Full E2E Tests	Run Regression Suite	2026-01-21T14:42:14.5756121Z Helper: Waiting for job status: Completed. Timeout: 90000ms
Full E2E Tests	Run Regression Suite	2026-01-21T14:42:14.5835200Z [Browser LOG]: Service Worker registration successful with scope:  http://localhost:3006/
Full E2E Tests	Run Regression Suite	2026-01-21T14:42:14.5879187Z [Browser Error]: Failed to load resource: the server responded with a status of 404 (Not Found)
Full E2E Tests	Run Regression Suite	2026-01-21T14:42:16.7710404Z [Browser LOG]: Mounting e2e_directFundJob shim
Full E2E Tests	Run Regression Suite	2026-01-21T14:42:16.7744830Z [Browser LOG]: Service Worker is active.
Full E2E Tests	Run Regression Suite	2026-01-21T14:42:16.7968356Z [Browser LOG]: Unable to get permission to notify.
Full E2E Tests	Run Regression Suite	2026-01-21T14:42:17.6810579Z [Browser LOG]: [RatingSection] Render: {role: Installer, isJobGiver: false, hasJobGiverReview: false, hasInstallerReview: false, theirReviewPresent: false}
Full E2E Tests	Run Regression Suite	2026-01-21T14:42:17.6910778Z [Browser LOG]: [RatingSection] Render: {role: Installer, isJobGiver: false, hasJobGiverReview: false, hasInstallerReview: false, theirReviewPresent: false}
Full E2E Tests	Run Regression Suite	2026-01-21T14:42:17.7646283Z [WebServer] [31m[1mΓ¿»[22m[39m upstream image response failed for https://firebasestorage.googleapis.com/v0/b/studio-mock/o/mock.png?alt=media [33m404[39m
Full E2E Tests	Run Regression Suite	2026-01-21T14:42:17.7669428Z [Browser Error]: Failed to load resource: the server responded with a status of 404 (Not Found)
Full E2E Tests	Run Regression Suite	2026-01-21T14:42:18.4716058Z Helper: Job status Completed visible immediately.
Full E2E Tests	Run Regression Suite	2026-01-21T14:42:33.4813990Z [INFO] Phase 10: Review not synced yet. Reloading...
Full E2E Tests	Run Regression Suite	2026-01-21T14:42:33.5610121Z [Browser LOG]: Service Worker registration successful with scope:  http://localhost:3006/
Full E2E Tests	Run Regression Suite	2026-01-21T14:42:33.5646860Z [Browser Error]: Failed to load resource: the server responded with a status of 404 (Not Found)
Full E2E Tests	Run Regression Suite	2026-01-21T14:42:35.7488272Z [Browser LOG]: Mounting e2e_directFundJob shim
Full E2E Tests	Run Regression Suite	2026-01-21T14:42:35.7518125Z [Browser LOG]: Service Worker is active.
Full E2E Tests	Run Regression Suite	2026-01-21T14:42:35.7707581Z [Browser LOG]: Unable to get permission to notify.
Full E2E Tests	Run Regression Suite	2026-01-21T14:42:36.3724448Z [Browser LOG]: [RatingSection] Render: {role: Installer, isJobGiver: false, hasJobGiverReview: false, hasInstallerReview: false, theirReviewPresent: false}
Full E2E Tests	Run Regression Suite	2026-01-21T14:42:36.3757251Z [Browser LOG]: [RatingSection] Render: {role: Installer, isJobGiver: false, hasJobGiverReview: false, hasInstallerReview: false, theirReviewPresent: false}
Full E2E Tests	Run Regression Suite	2026-01-21T14:42:36.4711595Z [WebServer] [31m[1mΓ¿»[22m[39m upstream image response failed for https://firebasestorage.googleapis.com/v0/b/studio-mock/o/mock.png?alt=media [33m404[39m
Full E2E Tests	Run Regression Suite	2026-01-21T14:42:36.4733058Z [Browser Error]: Failed to load resource: the server responded with a status of 404 (Not Found)
Full E2E Tests	Run Regression Suite	2026-01-21T14:44:08.6879148Z   Γ£ÿ  3 [chromium] ΓÇ║ tests/e2e/complete-transaction-cycle.spec.ts:18:5 ΓÇ║ Complete Transaction Cycle E2E ΓÇ║ Complete Transaction Cycle: Full 8-Phase Flow (retry #2) (4.8m)
Full E2E Tests	Run Regression Suite	2026-01-21T14:44:09.4136878Z [TestHelper] Checking for cookie consent banner...
Full E2E Tests	Run Regression Suite	2026-01-21T14:44:09.4431301Z [AuthHelper] Login attempt 1/3 for giver_vip@team4job.com
Full E2E Tests	Run Regression Suite	2026-01-21T14:44:09.8162007Z [Browser Error]: Loading the script 'https://apis.google.com/js/api.js?onload=__iframefcb349134' violates the following Content Security Policy directive: "script-src 'self' 'unsafe-eval' 'unsafe-inline' https://maps.googleapis.com https://sdk.cashfree.com https://www.googletagmanager.com https://www.google-analytics.com blob:". Note that 'script-src-elem' was not explicitly set, so 'script-src' is used as a fallback. The action has been blocked.
Full E2E Tests	Run Regression Suite	2026-01-21T14:44:09.8716796Z [Browser LOG]: LoginForm: onSubmit called giver_vip@team4job.com
Full E2E Tests	Run Regression Suite	2026-01-21T14:44:09.8717661Z [Browser LOG]: LoginForm: Calling login...
Full E2E Tests	Run Regression Suite	2026-01-21T14:44:10.1600643Z [Browser LOG]: LoginForm: Login result: true
Full E2E Tests	Run Regression Suite	2026-01-21T14:44:10.6603946Z [Browser LOG]: LoginForm: Redirecting to dashboard...
Full E2E Tests	Run Regression Suite	2026-01-21T14:44:10.6803024Z [AuthHelper] Login successful for giver_vip@team4job.com
Full E2E Tests	Run Regression Suite	2026-01-21T14:44:10.6809617Z [AuthHelper] Verifying Job Giver dashboard (looking for 'Active Jobs')...
Full E2E Tests	Run Regression Suite	2026-01-21T14:44:12.6876149Z [AuthHelper] 'Active Jobs' not found. Checking if we need a role switch...
Full E2E Tests	Run Regression Suite	2026-01-21T14:44:15.7499173Z [AuthHelper] Role option 'Job Giver (Hiring)' NOT found. Visible menu items: [ [32m'Profile'[39m, [32m'Settings'[39m, [32m'Log out'[39m ]
Full E2E Tests	Run Regression Suite	2026-01-21T14:44:15.7717711Z [AuthHelper] Current Page H1: Welcome, Priya VIP Giver (Demo)!
Full E2E Tests	Run Regression Suite	2026-01-21T14:44:15.7718781Z [AuthHelper] Dashboard loaded but indicator missed. Proceeding with caution.
Full E2E Tests	Run Regression Suite	2026-01-21T14:44:15.9223696Z [Browser Error]: Failed to load resource: the server responded with a status of 404 (Not Found)
Full E2E Tests	Run Regression Suite	2026-01-21T14:44:15.9277386Z [Browser Error]: Loading the script 'https://apis.google.com/js/api.js?onload=__iframefcb182131' violates the following Content Security Policy directive: "script-src 'self' 'unsafe-eval' 'unsafe-inline' https://maps.googleapis.com https://sdk.cashfree.com https://www.googletagmanager.com https://www.google-analytics.com blob:". Note that 'script-src-elem' was not explicitly set, so 'script-src' is used as a fallback. The action has been blocked.
Full E2E Tests	Run Regression Suite	2026-01-21T14:44:15.9536621Z [Browser LOG]: Service Worker registration successful with scope:  http://localhost:3006/
Full E2E Tests	Run Regression Suite	2026-01-21T14:44:19.5529439Z [Browser LOG]: Service Worker is active.
Full E2E Tests	Run Regression Suite	2026-01-21T14:44:19.5657742Z [Browser LOG]: Unable to get permission to notify.
Full E2E Tests	Run Regression Suite	2026-01-21T14:44:21.1444652Z [Browser Error]: Google Maps JavaScript API error: RefererNotAllowedMapError
Full E2E Tests	Run Regression Suite	2026-01-21T14:44:21.1446336Z https://developers.google.com/maps/documentation/javascript/error-messages#referer-not-allowed-map-error
Full E2E Tests	Run Regression Suite	2026-01-21T14:44:21.1447539Z Your site URL to be authorized: http://localhost:3006
Full E2E Tests	Run Regression Suite	2026-01-21T14:44:21.3042042Z [Browser LOG]: HandleSubmitClick triggered
Full E2E Tests	Run Regression Suite	2026-01-21T14:44:21.3065918Z [Browser LOG]: Form submission started with values: {jobTitle: Install 4 CCTV Cameras for Retail Shop - 1769006649442, jobDescription: Need professional installation of 4 outdoor cameraΓÇªnce, cash counter, storage area, and parking lot., jobCategory: new-installation, skills: CCTV Installation, Wiring, DVR Configuration, travelTip: 0}
Full E2E Tests	Run Regression Suite	2026-01-21T14:44:21.3068534Z [Browser LOG]: Creating new job with ID: JOB-20260121-PA87
Full E2E Tests	Run Regression Suite	2026-01-21T14:44:21.3070383Z [Browser LOG]: Saving job to Firestore: {title: Install 4 CCTV Cameras for Retail Shop - 1769006649442, description: Need professional installation of 4 outdoor cameraΓÇªnce, cash counter, storage area, and parking lot., jobCategory: new-installation, skills: Array(3), travelTip: 0}
Full E2E Tests	Run Regression Suite	2026-01-21T14:44:21.3214017Z Helper: Waiting for job status: Open for Bidding. Timeout: 90000ms
Full E2E Tests	Run Regression Suite	2026-01-21T14:44:25.1181314Z [Browser LOG]: Job saved successfully!
Full E2E Tests	Run Regression Suite	2026-01-21T14:44:25.4411327Z [Browser LOG]: Redirecting to job detail page /dashboard/jobs/JOB-20260121-PA87...
Full E2E Tests	Run Regression Suite	2026-01-21T14:44:25.4424683Z [Browser LOG]: Form submission completed
Full E2E Tests	Run Regression Suite	2026-01-21T14:44:26.0829446Z [Browser LOG]: Mounting e2e_directFundJob shim
Full E2E Tests	Run Regression Suite	2026-01-21T14:44:26.1872598Z Helper: Job status Open for Bidding visible immediately.
Full E2E Tests	Run Regression Suite	2026-01-21T14:44:26.1873654Z Job Posted: JOB-20260121-PA87
Full E2E Tests	Run Regression Suite	2026-01-21T14:44:26.1875907Z [AuthHelper] Starting logout process...
Full E2E Tests	Run Regression Suite	2026-01-21T14:44:30.6979356Z [AuthHelper] Clicked user menu
Full E2E Tests	Run Regression Suite	2026-01-21T14:44:30.9712566Z [AuthHelper] Clicked logout button
Full E2E Tests	Run Regression Suite	2026-01-21T14:44:31.0310027Z [Browser LOG]: [useUser] Redirecting: /dashboard/jobs/JOB-20260121-PA87 -> /login
Full E2E Tests	Run Regression Suite	2026-01-21T14:44:31.0564220Z [AuthHelper] Redirected to login page
Full E2E Tests	Run Regression Suite	2026-01-21T14:44:31.0564955Z [AuthHelper] Clearing auth persistence...
Full E2E Tests	Run Regression Suite	2026-01-21T14:44:31.0816156Z [Browser WARNING]: [2026-01-21T14:44:31.079Z]  @firebase/firestore: Firestore (12.4.0): WebChannelConnection RPC 'Listen' stream 0x8bf9a958 transport errored. Name: undefined Message: undefined
Full E2E Tests	Run Regression Suite	2026-01-21T14:44:31.2269464Z [AuthHelper] Login attempt 1/3 for installer_pro@team4job.com
Full E2E Tests	Run Regression Suite	2026-01-21T14:44:31.2306813Z [Browser LOG]: Service Worker registration successful with scope:  http://localhost:3006/
Full E2E Tests	Run Regression Suite	2026-01-21T14:44:31.2338265Z [Browser Error]: Loading the script 'https://apis.google.com/js/api.js?onload=__iframefcb439806' violates the following Content Security Policy directive: "script-src 'self' 'unsafe-eval' 'unsafe-inline' https://maps.googleapis.com https://sdk.cashfree.com https://www.googletagmanager.com https://www.google-analytics.com blob:". Note that 'script-src-elem' was not explicitly set, so 'script-src' is used as a fallback. The action has been blocked.
Full E2E Tests	Run Regression Suite	2026-01-21T14:44:31.2373627Z [Browser Error]: Failed to load resource: the server responded with a status of 404 (Not Found)
Full E2E Tests	Run Regression Suite	2026-01-21T14:44:31.3576821Z [Browser Error]: Failed to load resource: the server responded with a status of 404 (Not Found)
Full E2E Tests	Run Regression Suite	2026-01-21T14:44:31.3657444Z [Browser Error]: Loading the script 'https://apis.google.com/js/api.js?onload=__iframefcb382574' violates the following Content Security Policy directive: "script-src 'self' 'unsafe-eval' 'unsafe-inline' https://maps.googleapis.com https://sdk.cashfree.com https://www.googletagmanager.com https://www.google-analytics.com blob:". Note that 'script-src-elem' was not explicitly set, so 'script-src' is used as a fallback. The action has been blocked.
Full E2E Tests	Run Regression Suite	2026-01-21T14:44:31.4014728Z [Browser LOG]: LoginForm: onSubmit called installer_pro@team4job.com
Full E2E Tests	Run Regression Suite	2026-01-21T14:44:31.4018213Z [Browser LOG]: LoginForm: Calling login...
Full E2E Tests	Run Regression Suite	2026-01-21T14:44:31.6014009Z [Browser LOG]: LoginForm: Login result: true
Full E2E Tests	Run Regression Suite	2026-01-21T14:44:32.1014867Z [Browser LOG]: LoginForm: Redirecting to dashboard...
Full E2E Tests	Run Regression Suite	2026-01-21T14:44:32.1260811Z [AuthHelper] Login successful for installer_pro@team4job.com
Full E2E Tests	Run Regression Suite	2026-01-21T14:44:32.1262916Z [AuthHelper] Verifying Installer dashboard (looking for 'Open Jobs')...
Full E2E Tests	Run Regression Suite	2026-01-21T14:44:34.1368708Z [AuthHelper] 'Open Jobs' not found. Checking if we need a role switch...
Full E2E Tests	Run Regression Suite	2026-01-21T14:44:35.1203090Z [Browser LOG]: Service Worker is active.
Full E2E Tests	Run Regression Suite	2026-01-21T14:44:35.1501829Z [Browser LOG]: Unable to get permission to notify.
Full E2E Tests	Run Regression Suite	2026-01-21T14:44:37.0652924Z [AuthHelper] Role option 'Installer (Working)' NOT found. Visible menu items: [ [32m'Profile'[39m, [32m'Settings'[39m, [32m'Log out'[39m ]
Full E2E Tests	Run Regression Suite	2026-01-21T14:44:37.0750776Z [AuthHelper] Current Page H1: Welcome, Rajesh Pro Installer (Demo)!
Full E2E Tests	Run Regression Suite	2026-01-21T14:44:37.0751614Z [AuthHelper] Dashboard loaded but indicator missed. Proceeding with caution.
Full E2E Tests	Run Regression Suite	2026-01-21T14:44:37.1684984Z [Browser Error]: Loading the script 'https://apis.google.com/js/api.js?onload=__iframefcb475194' violates the following Content Security Policy directive: "script-src 'self' 'unsafe-eval' 'unsafe-inline' https://maps.googleapis.com https://sdk.cashfree.com https://www.googletagmanager.com https://www.google-analytics.com blob:". Note that 'script-src-elem' was not explicitly set, so 'script-src' is used as a fallback. The action has been blocked.
Full E2E Tests	Run Regression Suite	2026-01-21T14:44:37.1722370Z [Browser Error]: Failed to load resource: the server responded with a status of 404 (Not Found)
Full E2E Tests	Run Regression Suite	2026-01-21T14:44:37.4197468Z [Browser LOG]: Service Worker registration successful with scope:  http://localhost:3006/
Full E2E Tests	Run Regression Suite	2026-01-21T14:44:40.7645753Z [Browser LOG]: Mounting e2e_directFundJob shim
Full E2E Tests	Run Regression Suite	2026-01-21T14:44:40.7682219Z [Browser LOG]: Service Worker is active.
Full E2E Tests	Run Regression Suite	2026-01-21T14:44:40.7877413Z [Browser LOG]: Unable to get permission to notify.
Full E2E Tests	Run Regression Suite	2026-01-21T14:44:46.3224628Z [AuthHelper] Starting logout process...
Full E2E Tests	Run Regression Suite	2026-01-21T14:44:51.3169330Z [AuthHelper] Clicked user menu
Full E2E Tests	Run Regression Suite	2026-01-21T14:44:51.5698639Z [AuthHelper] Clicked logout button
Full E2E Tests	Run Regression Suite	2026-01-21T14:44:51.6294913Z [Browser LOG]: [useUser] Redirecting: /dashboard/jobs/JOB-20260121-PA87 -> /login
Full E2E Tests	Run Regression Suite	2026-01-21T14:44:51.6610456Z [AuthHelper] Redirected to login page
Full E2E Tests	Run Regression Suite	2026-01-21T14:44:51.6611483Z [AuthHelper] Clearing auth persistence...
Full E2E Tests	Run Regression Suite	2026-01-21T14:44:51.6757244Z [Browser Error]: Failed to load resource: the server responded with a status of 404 (Not Found)
Full E2E Tests	Run Regression Suite	2026-01-21T14:44:51.6821099Z [Browser WARNING]: [2026-01-21T14:44:51.680Z]  @firebase/firestore: Firestore (12.4.0): WebChannelConnection RPC 'Listen' stream 0x47ea78bd transport errored. Name: undefined Message: undefined
Full E2E Tests	Run Regression Suite	2026-01-21T14:44:51.7202889Z [AuthHelper] Login attempt 1/3 for giver_vip@team4job.com
Full E2E Tests	Run Regression Suite	2026-01-21T14:44:51.8250541Z [Browser Error]: Failed to load resource: the server responded with a status of 404 (Not Found)
Full E2E Tests	Run Regression Suite	2026-01-21T14:44:51.8258418Z [Browser Error]: Loading the script 'https://apis.google.com/js/api.js?onload=__iframefcb161158' violates the following Content Security Policy directive: "script-src 'self' 'unsafe-eval' 'unsafe-inline' https://maps.googleapis.com https://sdk.cashfree.com https://www.googletagmanager.com https://www.google-analytics.com blob:". Note that 'script-src-elem' was not explicitly set, so 'script-src' is used as a fallback. The action has been blocked.
Full E2E Tests	Run Regression Suite	2026-01-21T14:44:51.8691310Z [Browser LOG]: LoginForm: onSubmit called giver_vip@team4job.com
Full E2E Tests	Run Regression Suite	2026-01-21T14:44:51.8692121Z [Browser LOG]: LoginForm: Calling login...
Full E2E Tests	Run Regression Suite	2026-01-21T14:44:52.0488068Z [Browser LOG]: LoginForm: Login result: true
Full E2E Tests	Run Regression Suite	2026-01-21T14:44:52.5490629Z [Browser LOG]: LoginForm: Redirecting to dashboard...
Full E2E Tests	Run Regression Suite	2026-01-21T14:44:52.5583988Z [AuthHelper] Login successful for giver_vip@team4job.com
Full E2E Tests	Run Regression Suite	2026-01-21T14:44:52.5585125Z [AuthHelper] Verifying Job Giver dashboard (looking for 'Active Jobs')...
Full E2E Tests	Run Regression Suite	2026-01-21T14:44:54.5624771Z [AuthHelper] 'Active Jobs' not found. Checking if we need a role switch...
Full E2E Tests	Run Regression Suite	2026-01-21T14:44:55.5744174Z [Browser LOG]: Service Worker is active.
Full E2E Tests	Run Regression Suite	2026-01-21T14:44:55.6012319Z [Browser LOG]: Unable to get permission to notify.
Full E2E Tests	Run Regression Suite	2026-01-21T14:44:55.6083364Z [Browser LOG]: Service Worker is active.
Full E2E Tests	Run Regression Suite	2026-01-21T14:44:55.6224078Z [Browser LOG]: Unable to get permission to notify.
Full E2E Tests	Run Regression Suite	2026-01-21T14:44:57.5084754Z [AuthHelper] Role option 'Job Giver (Hiring)' NOT found. Visible menu items: [ [32m'Profile'[39m, [32m'Settings'[39m, [32m'Log out'[39m ]
Full E2E Tests	Run Regression Suite	2026-01-21T14:44:57.5390499Z [AuthHelper] Current Page H1: Welcome, Priya VIP Giver (Demo)!
Full E2E Tests	Run Regression Suite	2026-01-21T14:44:57.5391271Z [AuthHelper] Dashboard loaded but indicator missed. Proceeding with caution.
Full E2E Tests	Run Regression Suite	2026-01-21T14:44:57.6146392Z [Browser Error]: Loading the script 'https://apis.google.com/js/api.js?onload=__iframefcb956428' violates the following Content Security Policy directive: "script-src 'self' 'unsafe-eval' 'unsafe-inline' https://maps.googleapis.com https://sdk.cashfree.com https://www.googletagmanager.com https://www.google-analytics.com blob:". Note that 'script-src-elem' was not explicitly set, so 'script-src' is used as a fallback. The action has been blocked.
Full E2E Tests	Run Regression Suite	2026-01-21T14:44:57.6148730Z [Browser LOG]: Service Worker registration successful with scope:  http://localhost:3006/
Full E2E Tests	Run Regression Suite	2026-01-21T14:44:57.6149731Z [Browser Error]: Failed to load resource: the server responded with a status of 404 (Not Found)
Full E2E Tests	Run Regression Suite	2026-01-21T14:45:01.2378756Z [Browser LOG]: Mounting e2e_directFundJob shim
Full E2E Tests	Run Regression Suite	2026-01-21T14:45:01.2440151Z [Browser LOG]: Service Worker is active.
Full E2E Tests	Run Regression Suite	2026-01-21T14:45:01.2649942Z [Browser LOG]: Unable to get permission to notify.
Full E2E Tests	Run Regression Suite	2026-01-21T14:45:01.2707425Z [Browser LOG]: Service Worker is active.
Full E2E Tests	Run Regression Suite	2026-01-21T14:45:01.2774517Z [Browser LOG]: Unable to get permission to notify.
Full E2E Tests	Run Regression Suite	2026-01-21T14:45:03.5156201Z [Browser LOG]: [handleJobUpdate] Updating job with fields: [status, awardedInstaller, awardedInstallerId, selectedInstallers]
Full E2E Tests	Run Regression Suite	2026-01-21T14:45:03.5866709Z [Browser LOG]: Service Worker is active.
Full E2E Tests	Run Regression Suite	2026-01-21T14:45:03.5923572Z [Browser LOG]: Unable to get permission to notify.
Full E2E Tests	Run Regression Suite	2026-01-21T14:45:05.2806989Z [Browser LOG]: [handleJobUpdate] Update successful
Full E2E Tests	Run Regression Suite	2026-01-21T14:45:05.4120338Z [INFO] Seeded installer payouts via API
Full E2E Tests	Run Regression Suite	2026-01-21T14:45:05.4122764Z [AuthHelper] Starting logout process...
Full E2E Tests	Run Regression Suite	2026-01-21T14:45:10.9640650Z [AuthHelper] Clicked user menu
Full E2E Tests	Run Regression Suite	2026-01-21T14:45:11.2198144Z [AuthHelper] Clicked logout button
Full E2E Tests	Run Regression Suite	2026-01-21T14:45:11.2793272Z [Browser LOG]: [useUser] Redirecting: /dashboard/jobs/JOB-20260121-PA87 -> /login
Full E2E Tests	Run Regression Suite	2026-01-21T14:45:11.3067999Z [AuthHelper] Redirected to login page
Full E2E Tests	Run Regression Suite	2026-01-21T14:45:11.3069764Z [AuthHelper] Clearing auth persistence...
Full E2E Tests	Run Regression Suite	2026-01-21T14:45:11.3270206Z [Browser Error]: Failed to load resource: the server responded with a status of 404 (Not Found)
Full E2E Tests	Run Regression Suite	2026-01-21T14:45:11.3387905Z [Browser WARNING]: [2026-01-21T14:45:11.331Z]  @firebase/firestore: Firestore (12.4.0): WebChannelConnection RPC 'Listen' stream 0x4ee920e2 transport errored. Name: undefined Message: undefined
Full E2E Tests	Run Regression Suite	2026-01-21T14:45:11.3741442Z [AuthHelper] Login attempt 1/3 for installer_pro@team4job.com
Full E2E Tests	Run Regression Suite	2026-01-21T14:45:11.4749927Z [Browser Error]: Loading the script 'https://apis.google.com/js/api.js?onload=__iframefcb410021' violates the following Content Security Policy directive: "script-src 'self' 'unsafe-eval' 'unsafe-inline' https://maps.googleapis.com https://sdk.cashfree.com https://www.googletagmanager.com https://www.google-analytics.com blob:". Note that 'script-src-elem' was not explicitly set, so 'script-src' is used as a fallback. The action has been blocked.
Full E2E Tests	Run Regression Suite	2026-01-21T14:45:11.4769247Z [Browser Error]: Failed to load resource: the server responded with a status of 404 (Not Found)
Full E2E Tests	Run Regression Suite	2026-01-21T14:45:11.5174858Z [Browser LOG]: LoginForm: onSubmit called installer_pro@team4job.com
Full E2E Tests	Run Regression Suite	2026-01-21T14:45:11.5175926Z [Browser LOG]: LoginForm: Calling login...
Full E2E Tests	Run Regression Suite	2026-01-21T14:45:11.7204617Z [Browser LOG]: LoginForm: Login result: true
Full E2E Tests	Run Regression Suite	2026-01-21T14:45:12.2206586Z [Browser LOG]: LoginForm: Redirecting to dashboard...
Full E2E Tests	Run Regression Suite	2026-01-21T14:45:12.2284199Z [AuthHelper] Login successful for installer_pro@team4job.com
Full E2E Tests	Run Regression Suite	2026-01-21T14:45:12.2285224Z [AuthHelper] Verifying Installer dashboard (looking for 'Open Jobs')...
Full E2E Tests	Run Regression Suite	2026-01-21T14:45:13.7753716Z [Browser LOG]: Service Worker is active.
Full E2E Tests	Run Regression Suite	2026-01-21T14:45:13.7929786Z [Browser LOG]: Unable to get permission to notify.
Full E2E Tests	Run Regression Suite	2026-01-21T14:45:14.2345730Z [AuthHelper] Already in Installer mode (found 'Open Jobs').
Full E2E Tests	Run Regression Suite	2026-01-21T14:45:14.2937417Z [Browser Error]: Loading the script 'https://apis.google.com/js/api.js?onload=__iframefcb214057' violates the following Content Security Policy directive: "script-src 'self' 'unsafe-eval' 'unsafe-inline' https://maps.googleapis.com https://sdk.cashfree.com https://www.googletagmanager.com https://www.google-analytics.com blob:". Note that 'script-src-elem' was not explicitly set, so 'script-src' is used as a fallback. The action has been blocked.
Full E2E Tests	Run Regression Suite	2026-01-21T14:45:14.2940934Z [Browser LOG]: Service Worker registration successful with scope:  http://localhost:3006/
Full E2E Tests	Run Regression Suite	2026-01-21T14:45:14.2970096Z [Browser Error]: Failed to load resource: the server responded with a status of 404 (Not Found)
Full E2E Tests	Run Regression Suite	2026-01-21T14:45:17.9124137Z [Browser LOG]: Mounting e2e_directFundJob shim
Full E2E Tests	Run Regression Suite	2026-01-21T14:45:17.9165068Z [Browser LOG]: Service Worker is active.
Full E2E Tests	Run Regression Suite	2026-01-21T14:45:17.9366760Z [Browser LOG]: Unable to get permission to notify.
Full E2E Tests	Run Regression Suite	2026-01-21T14:45:18.6137799Z [Browser LOG]: InstallerAcceptanceSection: Accept clicked {payouts: Object, id: 0m3OOuAJ21SFqQ9mXFUqsq347CA3}
Full E2E Tests	Run Regression Suite	2026-01-21T14:45:18.6140059Z [Browser LOG]: InstallerAcceptanceSection: Conflict query started for user 0m3OOuAJ21SFqQ9mXFUqsq347CA3
Full E2E Tests	Run Regression Suite	2026-01-21T14:45:18.9666843Z [Browser LOG]: InstallerAcceptanceSection: Conflict check complete {conflictsCount: 6}
Full E2E Tests	Run Regression Suite	2026-01-21T14:45:20.1191131Z Waiting for conflict dialog...
Full E2E Tests	Run Regression Suite	2026-01-21T14:45:20.1224182Z Conflict dialog visible!
Full E2E Tests	Run Regression Suite	2026-01-21T14:45:20.1259917Z Verified Responsive Classes are present.
Full E2E Tests	Run Regression Suite	2026-01-21T14:45:20.1629644Z [Browser LOG]: InstallerAcceptanceSection: Conflict Warning Accepted
Full E2E Tests	Run Regression Suite	2026-01-21T14:45:20.1671081Z Clicked Proceed button.
Full E2E Tests	Run Regression Suite	2026-01-21T14:45:20.5271904Z Dialog closed.
Full E2E Tests	Run Regression Suite	2026-01-21T14:45:22.2344594Z [Browser LOG]: [handleJobUpdate] Updating job with fields: [awardedInstaller, status, selectedInstallers, acceptanceDeadline, fundingDeadline]
Full E2E Tests	Run Regression Suite	2026-01-21T14:45:23.5335794Z [AuthHelper] Starting logout process...
Full E2E Tests	Run Regression Suite	2026-01-21T14:45:23.5836638Z [AuthHelper] Clicked user menu
Full E2E Tests	Run Regression Suite	2026-01-21T14:45:23.8368613Z [AuthHelper] Clicked logout button
Full E2E Tests	Run Regression Suite	2026-01-21T14:45:23.8945708Z [Browser LOG]: [useUser] Redirecting: /dashboard/jobs/JOB-20260121-PA87 -> /login
Full E2E Tests	Run Regression Suite	2026-01-21T14:45:23.9212440Z [AuthHelper] Redirected to login page
Full E2E Tests	Run Regression Suite	2026-01-21T14:45:23.9213722Z [AuthHelper] Clearing auth persistence...
Full E2E Tests	Run Regression Suite	2026-01-21T14:45:23.9414910Z [Browser Error]: Failed to load resource: the server responded with a status of 404 (Not Found)
Full E2E Tests	Run Regression Suite	2026-01-21T14:45:23.9432184Z [Browser WARNING]: [2026-01-21T14:45:23.942Z]  @firebase/firestore: Firestore (12.4.0): WebChannelConnection RPC 'Listen' stream 0x608cf719 transport errored. Name: undefined Message: undefined
Full E2E Tests	Run Regression Suite	2026-01-21T14:45:24.0108918Z [AuthHelper] Login attempt 1/3 for vikasakankshasharma@gmail.com
Full E2E Tests	Run Regression Suite	2026-01-21T14:45:24.0164030Z [Browser LOG]: Service Worker registration successful with scope:  http://localhost:3006/
Full E2E Tests	Run Regression Suite	2026-01-21T14:45:24.0217181Z [Browser Error]: Loading the script 'https://apis.google.com/js/api.js?onload=__iframefcb460841' violates the following Content Security Policy directive: "script-src 'self' 'unsafe-eval' 'unsafe-inline' https://maps.googleapis.com https://sdk.cashfree.com https://www.googletagmanager.com https://www.google-analytics.com blob:". Note that 'script-src-elem' was not explicitly set, so 'script-src' is used as a fallback. The action has been blocked.
Full E2E Tests	Run Regression Suite	2026-01-21T14:45:24.0222712Z [Browser Error]: Failed to load resource: the server responded with a status of 404 (Not Found)
Full E2E Tests	Run Regression Suite	2026-01-21T14:45:24.0991217Z [Browser Error]: Failed to load resource: the server responded with a status of 404 (Not Found)
Full E2E Tests	Run Regression Suite	2026-01-21T14:45:24.0997230Z [Browser Error]: Loading the script 'https://apis.google.com/js/api.js?onload=__iframefcb521266' violates the following Content Security Policy directive: "script-src 'self' 'unsafe-eval' 'unsafe-inline' https://maps.googleapis.com https://sdk.cashfree.com https://www.googletagmanager.com https://www.google-analytics.com blob:". Note that 'script-src-elem' was not explicitly set, so 'script-src' is used as a fallback. The action has been blocked.
Full E2E Tests	Run Regression Suite	2026-01-21T14:45:24.1403937Z [Browser LOG]: LoginForm: onSubmit called vikasakankshasharma@gmail.com
Full E2E Tests	Run Regression Suite	2026-01-21T14:45:24.1406408Z [Browser LOG]: LoginForm: Calling login...
Full E2E Tests	Run Regression Suite	2026-01-21T14:45:24.3320753Z [Browser LOG]: LoginForm: Login result: true
Full E2E Tests	Run Regression Suite	2026-01-21T14:45:24.8321792Z [Browser LOG]: LoginForm: Redirecting to dashboard...
Full E2E Tests	Run Regression Suite	2026-01-21T14:45:24.8402450Z [AuthHelper] Login successful for vikasakankshasharma@gmail.com
Full E2E Tests	Run Regression Suite	2026-01-21T14:45:26.4082129Z [Browser LOG]: Service Worker is active.
Full E2E Tests	Run Regression Suite	2026-01-21T14:45:26.4175293Z [Browser LOG]: Unable to get permission to notify.
Full E2E Tests	Run Regression Suite	2026-01-21T14:45:26.4237276Z [Browser LOG]: Service Worker is active.
Full E2E Tests	Run Regression Suite	2026-01-21T14:45:26.4329432Z [Browser LOG]: Unable to get permission to notify.
Full E2E Tests	Run Regression Suite	2026-01-21T14:45:26.7038852Z Mobile Flow Completed Successfully
Full E2E Tests	Run Regression Suite	2026-01-21T14:45:26.8447476Z   Γ£ô  4 [chromium] ΓÇ║ tests/e2e/mobile_user_flow.spec.ts:12:3 ΓÇ║ Mobile User Flow (Job Giver / Installer / Admin / Staff) ΓÇ║ Full end-to-end flow on mobile (1.3m)
Full E2E Tests	Run Regression Suite	2026-01-21T14:45:27.0968169Z 
Full E2E Tests	Run Regression Suite	2026-01-21T14:45:27.0973110Z 
Full E2E Tests	Run Regression Suite	2026-01-21T14:45:27.0983716Z   1) [chromium] ΓÇ║ tests/e2e/complete-transaction-cycle.spec.ts:18:5 ΓÇ║ Complete Transaction Cycle E2E ΓÇ║ Complete Transaction Cycle: Full 8-Phase Flow 
Full E2E Tests	Run Regression Suite	2026-01-21T14:45:27.0984837Z 
Full E2E Tests	Run Regression Suite	2026-01-21T14:45:27.0985903Z     Error: [2mexpect([22m[31mlocator[39m[2m).[22mtoBeVisible[2m([22m[2m)[22m failed
Full E2E Tests	Run Regression Suite	2026-01-21T14:45:27.0986566Z 
Full E2E Tests	Run Regression Suite	2026-01-21T14:45:27.0986912Z     Locator: getByTestId('other-party-reviewed-text')
Full E2E Tests	Run Regression Suite	2026-01-21T14:45:27.0987561Z     Expected: visible
Full E2E Tests	Run Regression Suite	2026-01-21T14:45:27.0988041Z     Timeout: 90000ms
Full E2E Tests	Run Regression Suite	2026-01-21T14:45:27.0988510Z     Error: element(s) not found
Full E2E Tests	Run Regression Suite	2026-01-21T14:45:27.0988832Z 
Full E2E Tests	Run Regression Suite	2026-01-21T14:45:27.0988995Z     Call log:
Full E2E Tests	Run Regression Suite	2026-01-21T14:45:27.0989701Z     [2m  - Expect "toBeVisible" with timeout 90000ms[22m
Full E2E Tests	Run Regression Suite	2026-01-21T14:45:27.0990705Z     [2m  - waiting for getByTestId('other-party-reviewed-text')[22m
Full E2E Tests	Run Regression Suite	2026-01-21T14:45:27.0991270Z 
Full E2E Tests	Run Regression Suite	2026-01-21T14:45:27.0991282Z 
Full E2E Tests	Run Regression Suite	2026-01-21T14:45:27.0991544Z       376 |             await page.reload();
Full E2E Tests	Run Regression Suite	2026-01-21T14:45:27.0992338Z       377 |             await page.waitForTimeout(5000); // Wait after reload
Full E2E Tests	Run Regression Suite	2026-01-21T14:45:27.0993622Z     > 378 |             await expect(page.getByTestId('other-party-reviewed-text')).toBeVisible({ timeout: TIMEOUTS.long });
Full E2E Tests	Run Regression Suite	2026-01-21T14:45:27.0994794Z           |                                                                         ^
Full E2E Tests	Run Regression Suite	2026-01-21T14:45:27.0995412Z       379 |         }
Full E2E Tests	Run Regression Suite	2026-01-21T14:45:27.0996020Z       380 |
Full E2E Tests	Run Regression Suite	2026-01-21T14:45:27.0996433Z       381 |         // Installer Submits Review
Full E2E Tests	Run Regression Suite	2026-01-21T14:45:27.0997743Z         at /home/runner/work/team4job/team4job/tests/e2e/complete-transaction-cycle.spec.ts:378:73
Full E2E Tests	Run Regression Suite	2026-01-21T14:45:27.0998469Z 
Full E2E Tests	Run Regression Suite	2026-01-21T14:45:27.0999284Z     attachment #1: screenshot (image/png) ΓöÇΓöÇΓöÇΓöÇΓöÇΓöÇΓöÇΓöÇΓöÇΓöÇΓöÇΓöÇΓöÇΓöÇΓöÇΓöÇΓöÇΓöÇΓöÇΓöÇΓöÇΓöÇΓöÇΓöÇΓöÇΓöÇΓöÇΓöÇΓöÇΓöÇΓöÇΓöÇΓöÇΓöÇΓöÇΓöÇΓöÇΓöÇΓöÇΓöÇΓöÇΓöÇΓöÇΓöÇΓöÇΓöÇΓöÇΓöÇΓöÇΓöÇΓöÇΓöÇΓöÇΓöÇΓöÇΓöÇΓöÇΓöÇ
Full E2E Tests	Run Regression Suite	2026-01-21T14:45:27.1000722Z     test-results/e2e-complete-transaction-c-1fbb5-ion-Cycle-Full-8-Phase-Flow-chromium/test-failed-1.png
Full E2E Tests	Run Regression Suite	2026-01-21T14:45:27.1002269Z     ΓöÇΓöÇΓöÇΓöÇΓöÇΓöÇΓöÇΓöÇΓöÇΓöÇΓöÇΓöÇΓöÇΓöÇΓöÇΓöÇΓöÇΓöÇΓöÇΓöÇΓöÇΓöÇΓöÇΓöÇΓöÇΓöÇΓöÇΓöÇΓöÇΓöÇΓöÇΓöÇΓöÇΓöÇΓöÇΓöÇΓöÇΓöÇΓöÇΓöÇΓöÇΓöÇΓöÇΓöÇΓöÇΓöÇΓöÇΓöÇΓöÇΓöÇΓöÇΓöÇΓöÇΓöÇΓöÇΓöÇΓöÇΓöÇΓöÇΓöÇΓöÇΓöÇΓöÇΓöÇΓöÇΓöÇΓöÇΓöÇΓöÇΓöÇΓöÇΓöÇΓöÇΓöÇΓöÇΓöÇΓöÇΓöÇΓöÇΓöÇΓöÇΓöÇΓöÇΓöÇΓöÇΓöÇΓöÇΓöÇΓöÇΓöÇΓöÇΓöÇΓöÇΓöÇΓöÇΓöÇ
Full E2E Tests	Run Regression Suite	2026-01-21T14:45:27.1002824Z 
Full E2E Tests	Run Regression Suite	2026-01-21T14:45:27.1003691Z     Error Context: test-results/e2e-complete-transaction-c-1fbb5-ion-Cycle-Full-8-Phase-Flow-chromium/error-context.md
Full E2E Tests	Run Regression Suite	2026-01-21T14:45:27.1004600Z 
Full E2E Tests	Run Regression Suite	2026-01-21T14:45:27.1005248Z     Retry #1 ΓöÇΓöÇΓöÇΓöÇΓöÇΓöÇΓöÇΓöÇΓöÇΓöÇΓöÇΓöÇΓöÇΓöÇΓöÇΓöÇΓöÇΓöÇΓöÇΓöÇΓöÇΓöÇΓöÇΓöÇΓöÇΓöÇΓöÇΓöÇΓöÇΓöÇΓöÇΓöÇΓöÇΓöÇΓöÇΓöÇΓöÇΓöÇΓöÇΓöÇΓöÇΓöÇΓöÇΓöÇΓöÇΓöÇΓöÇΓöÇΓöÇΓöÇΓöÇΓöÇΓöÇΓöÇΓöÇΓöÇΓöÇΓöÇΓöÇΓöÇΓöÇΓöÇΓöÇΓöÇΓöÇΓöÇΓöÇΓöÇΓöÇΓöÇΓöÇΓöÇΓöÇΓöÇΓöÇΓöÇΓöÇΓöÇΓöÇΓöÇΓöÇΓöÇΓöÇΓöÇΓöÇΓöÇΓöÇ
Full E2E Tests	Run Regression Suite	2026-01-21T14:45:27.1005990Z 
Full E2E Tests	Run Regression Suite	2026-01-21T14:45:27.1006629Z     Error: [2mexpect([22m[31mlocator[39m[2m).[22mtoBeVisible[2m([22m[2m)[22m failed
Full E2E Tests	Run Regression Suite	2026-01-21T14:45:27.1007246Z 
Full E2E Tests	Run Regression Suite	2026-01-21T14:45:27.1007551Z     Locator: getByTestId('other-party-reviewed-text')
Full E2E Tests	Run Regression Suite	2026-01-21T14:45:27.1008118Z     Expected: visible
Full E2E Tests	Run Regression Suite	2026-01-21T14:45:27.1008494Z     Timeout: 90000ms
Full E2E Tests	Run Regression Suite	2026-01-21T14:45:27.1008961Z     Error: element(s) not found
Full E2E Tests	Run Regression Suite	2026-01-21T14:45:27.1009269Z 
Full E2E Tests	Run Regression Suite	2026-01-21T14:45:27.1009435Z     Call log:
Full E2E Tests	Run Regression Suite	2026-01-21T14:45:27.1010123Z     [2m  - Expect "toBeVisible" with timeout 90000ms[22m
Full E2E Tests	Run Regression Suite	2026-01-21T14:45:27.1011431Z     [2m  - waiting for getByTestId('other-party-reviewed-text')[22m
Full E2E Tests	Run Regression Suite	2026-01-21T14:45:27.1011938Z 
Full E2E Tests	Run Regression Suite	2026-01-21T14:45:27.1011951Z 
Full E2E Tests	Run Regression Suite	2026-01-21T14:45:27.1012191Z       376 |             await page.reload();
Full E2E Tests	Run Regression Suite	2026-01-21T14:45:27.1012900Z       377 |             await page.waitForTimeout(5000); // Wait after reload
Full E2E Tests	Run Regression Suite	2026-01-21T14:45:27.1014089Z     > 378 |             await expect(page.getByTestId('other-party-reviewed-text')).toBeVisible({ timeout: TIMEOUTS.long });
Full E2E Tests	Run Regression Suite	2026-01-21T14:45:27.1015159Z           |                                                                         ^
Full E2E Tests	Run Regression Suite	2026-01-21T14:45:27.1015921Z       379 |         }
Full E2E Tests	Run Regression Suite	2026-01-21T14:45:27.1016271Z       380 |
Full E2E Tests	Run Regression Suite	2026-01-21T14:45:27.1016668Z       381 |         // Installer Submits Review
Full E2E Tests	Run Regression Suite	2026-01-21T14:45:27.1017588Z         at /home/runner/work/team4job/team4job/tests/e2e/complete-transaction-cycle.spec.ts:378:73
Full E2E Tests	Run Regression Suite	2026-01-21T14:45:27.1018298Z 
Full E2E Tests	Run Regression Suite	2026-01-21T14:45:27.1019080Z     attachment #1: screenshot (image/png) ΓöÇΓöÇΓöÇΓöÇΓöÇΓöÇΓöÇΓöÇΓöÇΓöÇΓöÇΓöÇΓöÇΓöÇΓöÇΓöÇΓöÇΓöÇΓöÇΓöÇΓöÇΓöÇΓöÇΓöÇΓöÇΓöÇΓöÇΓöÇΓöÇΓöÇΓöÇΓöÇΓöÇΓöÇΓöÇΓöÇΓöÇΓöÇΓöÇΓöÇΓöÇΓöÇΓöÇΓöÇΓöÇΓöÇΓöÇΓöÇΓöÇΓöÇΓöÇΓöÇΓöÇΓöÇΓöÇΓöÇΓöÇΓöÇ
Full E2E Tests	Run Regression Suite	2026-01-21T14:45:27.1020534Z     test-results/e2e-complete-transaction-c-1fbb5-ion-Cycle-Full-8-Phase-Flow-chromium-retry1/test-failed-1.png
Full E2E Tests	Run Regression Suite	2026-01-21T14:45:27.1021980Z     ΓöÇΓöÇΓöÇΓöÇΓöÇΓöÇΓöÇΓöÇΓöÇΓöÇΓöÇΓöÇΓöÇΓöÇΓöÇΓöÇΓöÇΓöÇΓöÇΓöÇΓöÇΓöÇΓöÇΓöÇΓöÇΓöÇΓöÇΓöÇΓöÇΓöÇΓöÇΓöÇΓöÇΓöÇΓöÇΓöÇΓöÇΓöÇΓöÇΓöÇΓöÇΓöÇΓöÇΓöÇΓöÇΓöÇΓöÇΓöÇΓöÇΓöÇΓöÇΓöÇΓöÇΓöÇΓöÇΓöÇΓöÇΓöÇΓöÇΓöÇΓöÇΓöÇΓöÇΓöÇΓöÇΓöÇΓöÇΓöÇΓöÇΓöÇΓöÇΓöÇΓöÇΓöÇΓöÇΓöÇΓöÇΓöÇΓöÇΓöÇΓöÇΓöÇΓöÇΓöÇΓöÇΓöÇΓöÇΓöÇΓöÇΓöÇΓöÇΓöÇΓöÇΓöÇΓöÇΓöÇ
Full E2E Tests	Run Regression Suite	2026-01-21T14:45:27.1022520Z 
Full E2E Tests	Run Regression Suite	2026-01-21T14:45:27.1023498Z     Error Context: test-results/e2e-complete-transaction-c-1fbb5-ion-Cycle-Full-8-Phase-Flow-chromium-retry1/error-context.md
Full E2E Tests	Run Regression Suite	2026-01-21T14:45:27.1024542Z 
Full E2E Tests	Run Regression Suite	2026-01-21T14:45:27.1025138Z     attachment #3: trace (application/zip) ΓöÇΓöÇΓöÇΓöÇΓöÇΓöÇΓöÇΓöÇΓöÇΓöÇΓöÇΓöÇΓöÇΓöÇΓöÇΓöÇΓöÇΓöÇΓöÇΓöÇΓöÇΓöÇΓöÇΓöÇΓöÇΓöÇΓöÇΓöÇΓöÇΓöÇΓöÇΓöÇΓöÇΓöÇΓöÇΓöÇΓöÇΓöÇΓöÇΓöÇΓöÇΓöÇΓöÇΓöÇΓöÇΓöÇΓöÇΓöÇΓöÇΓöÇΓöÇΓöÇΓöÇΓöÇΓöÇΓöÇΓöÇ
Full E2E Tests	Run Regression Suite	2026-01-21T14:45:27.1026283Z     test-results/e2e-complete-transaction-c-1fbb5-ion-Cycle-Full-8-Phase-Flow-chromium-retry1/trace.zip
Full E2E Tests	Run Regression Suite	2026-01-21T14:45:27.1027308Z     Usage:
Full E2E Tests	Run Regression Suite	2026-01-21T14:45:27.1027528Z 
Full E2E Tests	Run Regression Suite	2026-01-21T14:45:27.1028546Z         npx playwright show-trace test-results/e2e-complete-transaction-c-1fbb5-ion-Cycle-Full-8-Phase-Flow-chromium-retry1/trace.zip
Full E2E Tests	Run Regression Suite	2026-01-21T14:45:27.1029568Z 
Full E2E Tests	Run Regression Suite	2026-01-21T14:45:27.1030318Z     ΓöÇΓöÇΓöÇΓöÇΓöÇΓöÇΓöÇΓöÇΓöÇΓöÇΓöÇΓöÇΓöÇΓöÇΓöÇΓöÇΓöÇΓöÇΓöÇΓöÇΓöÇΓöÇΓöÇΓöÇΓöÇΓöÇΓöÇΓöÇΓöÇΓöÇΓöÇΓöÇΓöÇΓöÇΓöÇΓöÇΓöÇΓöÇΓöÇΓöÇΓöÇΓöÇΓöÇΓöÇΓöÇΓöÇΓöÇΓöÇΓöÇΓöÇΓöÇΓöÇΓöÇΓöÇΓöÇΓöÇΓöÇΓöÇΓöÇΓöÇΓöÇΓöÇΓöÇΓöÇΓöÇΓöÇΓöÇΓöÇΓöÇΓöÇΓöÇΓöÇΓöÇΓöÇΓöÇΓöÇΓöÇΓöÇΓöÇΓöÇΓöÇΓöÇΓöÇΓöÇΓöÇΓöÇΓöÇΓöÇΓöÇΓöÇΓöÇΓöÇΓöÇΓöÇΓöÇΓöÇ
Full E2E Tests	Run Regression Suite	2026-01-21T14:45:27.1030867Z 
Full E2E Tests	Run Regression Suite	2026-01-21T14:45:27.1031604Z     Retry #2 ΓöÇΓöÇΓöÇΓöÇΓöÇΓöÇΓöÇΓöÇΓöÇΓöÇΓöÇΓöÇΓöÇΓöÇΓöÇΓöÇΓöÇΓöÇΓöÇΓöÇΓöÇΓöÇΓöÇΓöÇΓöÇΓöÇΓöÇΓöÇΓöÇΓöÇΓöÇΓöÇΓöÇΓöÇΓöÇΓöÇΓöÇΓöÇΓöÇΓöÇΓöÇΓöÇΓöÇΓöÇΓöÇΓöÇΓöÇΓöÇΓöÇΓöÇΓöÇΓöÇΓöÇΓöÇΓöÇΓöÇΓöÇΓöÇΓöÇΓöÇΓöÇΓöÇΓöÇΓöÇΓöÇΓöÇΓöÇΓöÇΓöÇΓöÇΓöÇΓöÇΓöÇΓöÇΓöÇΓöÇΓöÇΓöÇΓöÇΓöÇΓöÇΓöÇΓöÇΓöÇΓöÇΓöÇΓöÇ
Full E2E Tests	Run Regression Suite	2026-01-21T14:45:27.1032148Z 
Full E2E Tests	Run Regression Suite	2026-01-21T14:45:27.1032847Z     Error: [2mexpect([22m[31mlocator[39m[2m).[22mtoBeVisible[2m([22m[2m)[22m failed
Full E2E Tests	Run Regression Suite	2026-01-21T14:45:27.1033478Z 
Full E2E Tests	Run Regression Suite	2026-01-21T14:45:27.1033816Z     Locator: getByTestId('other-party-reviewed-text')
Full E2E Tests	Run Regression Suite	2026-01-21T14:45:27.1034748Z     Expected: visible
Full E2E Tests	Run Regression Suite	2026-01-21T14:45:27.1035184Z     Timeout: 90000ms
Full E2E Tests	Run Regression Suite	2026-01-21T14:45:27.1035873Z     Error: element(s) not found
Full E2E Tests	Run Regression Suite	2026-01-21T14:45:27.1036178Z 
Full E2E Tests	Run Regression Suite	2026-01-21T14:45:27.1036329Z     Call log:
Full E2E Tests	Run Regression Suite	2026-01-21T14:45:27.1037017Z     [2m  - Expect "toBeVisible" with timeout 90000ms[22m
Full E2E Tests	Run Regression Suite	2026-01-21T14:45:27.1037985Z     [2m  - waiting for getByTestId('other-party-reviewed-text')[22m
Full E2E Tests	Run Regression Suite	2026-01-21T14:45:27.1038365Z 
Full E2E Tests	Run Regression Suite	2026-01-21T14:45:27.1038374Z 
Full E2E Tests	Run Regression Suite	2026-01-21T14:45:27.1038522Z       376 |             await page.reload();
Full E2E Tests	Run Regression Suite	2026-01-21T14:45:27.1038946Z       377 |             await page.waitForTimeout(5000); // Wait after reload
Full E2E Tests	Run Regression Suite	2026-01-21T14:45:27.1039622Z     > 378 |             await expect(page.getByTestId('other-party-reviewed-text')).toBeVisible({ timeout: TIMEOUTS.long });
Full E2E Tests	Run Regression Suite	2026-01-21T14:45:27.1040241Z           |                                                                         ^
Full E2E Tests	Run Regression Suite	2026-01-21T14:45:27.1040559Z       379 |         }
Full E2E Tests	Run Regression Suite	2026-01-21T14:45:27.1040775Z       380 |
Full E2E Tests	Run Regression Suite	2026-01-21T14:45:27.1041027Z       381 |         // Installer Submits Review
Full E2E Tests	Run Regression Suite	2026-01-21T14:45:27.1041569Z         at /home/runner/work/team4job/team4job/tests/e2e/complete-transaction-cycle.spec.ts:378:73
Full E2E Tests	Run Regression Suite	2026-01-21T14:45:27.1041961Z 
Full E2E Tests	Run Regression Suite	2026-01-21T14:45:27.1042376Z     attachment #1: screenshot (image/png) ΓöÇΓöÇΓöÇΓöÇΓöÇΓöÇΓöÇΓöÇΓöÇΓöÇΓöÇΓöÇΓöÇΓöÇΓöÇΓöÇΓöÇΓöÇΓöÇΓöÇΓöÇΓöÇΓöÇΓöÇΓöÇΓöÇΓöÇΓöÇΓöÇΓöÇΓöÇΓöÇΓöÇΓöÇΓöÇΓöÇΓöÇΓöÇΓöÇΓöÇΓöÇΓöÇΓöÇΓöÇΓöÇΓöÇΓöÇΓöÇΓöÇΓöÇΓöÇΓöÇΓöÇΓöÇΓöÇΓöÇΓöÇΓöÇ
Full E2E Tests	Run Regression Suite	2026-01-21T14:45:27.1043200Z     test-results/e2e-complete-transaction-c-1fbb5-ion-Cycle-Full-8-Phase-Flow-chromium-retry2/test-failed-1.png
Full E2E Tests	Run Regression Suite	2026-01-21T14:45:27.1044234Z     ΓöÇΓöÇΓöÇΓöÇΓöÇΓöÇΓöÇΓöÇΓöÇΓöÇΓöÇΓöÇΓöÇΓöÇΓöÇΓöÇΓöÇΓöÇΓöÇΓöÇΓöÇΓöÇΓöÇΓöÇΓöÇΓöÇΓöÇΓöÇΓöÇΓöÇΓöÇΓöÇΓöÇΓöÇΓöÇΓöÇΓöÇΓöÇΓöÇΓöÇΓöÇΓöÇΓöÇΓöÇΓöÇΓöÇΓöÇΓöÇΓöÇΓöÇΓöÇΓöÇΓöÇΓöÇΓöÇΓöÇΓöÇΓöÇΓöÇΓöÇΓöÇΓöÇΓöÇΓöÇΓöÇΓöÇΓöÇΓöÇΓöÇΓöÇΓöÇΓöÇΓöÇΓöÇΓöÇΓöÇΓöÇΓöÇΓöÇΓöÇΓöÇΓöÇΓöÇΓöÇΓöÇΓöÇΓöÇΓöÇΓöÇΓöÇΓöÇΓöÇΓöÇΓöÇΓöÇΓöÇ
Full E2E Tests	Run Regression Suite	2026-01-21T14:45:27.1044529Z 
Full E2E Tests	Run Regression Suite	2026-01-21T14:45:27.1045041Z     Error Context: test-results/e2e-complete-transaction-c-1fbb5-ion-Cycle-Full-8-Phase-Flow-chromium-retry2/error-context.md
Full E2E Tests	Run Regression Suite	2026-01-21T14:45:27.1045814Z 
Full E2E Tests	Run Regression Suite	2026-01-21T14:45:27.1045908Z   1 failed
Full E2E Tests	Run Regression Suite	2026-01-21T14:45:27.1046670Z     [chromium] ΓÇ║ tests/e2e/complete-transaction-cycle.spec.ts:18:5 ΓÇ║ Complete Transaction Cycle E2E ΓÇ║ Complete Transaction Cycle: Full 8-Phase Flow 
Full E2E Tests	Run Regression Suite	2026-01-21T14:45:27.1047335Z   1 passed (16.2m)
Full E2E Tests	Run Regression Suite	2026-01-21T14:45:27.1233052Z ##[error]Process completed with exit code 1.
